马远         +6
夏圭         +5
李唐         +0
梁楷         +5
牧谿         +0
范宽         +2
郭熙         +6
李成         +4
董源         +4
巨然         +2
赵孟頫        +2
黄公望        +2
倪瓒         +0
王蒙         +0
吴镇         +0
钱选         +6
宋徽宗        +6
张择端        +1
崔白         +0
阎立本        +0
张萱         +0
周昉         +0
韩滉         +0
韩干         +1
顾恺之        +5
展子虔        +0
徐渭         +5
陈洪绶        +0
八大山人       +4
石涛         +2
恽寿平        +6
金农         +8
郎世宁        +1
任伯年        +0
吴昌硕        +2
齐白石        +2
张大千        +0
傅抱石        +2
李可染        +0
黄宾虹        +4
唐寅         +0
王翚         +1
王原祁        +4
郑燮         +4
徐悲鸿        +6
潘天寿        +2
仇英         +6
董其昌        +4
赵之谦        +6
蓝瑛         +8
沈周         +2
王鉴         +5
下载: 141 | 因查重跳过: 2
