马远         0
夏圭         12
李唐         0
梁楷         0
牧谿         10
范宽         7
郭熙         0
李成         12
董源         12
巨然         12
赵孟頫        12
黄公望        0
倪瓒         0
王蒙         0
吴镇         0
钱选         12
宋徽宗        12
张择端        8
崔白         0
阎立本        0
张萱         0
周昉         0
韩滉         6
韩干         12
顾恺之        12
展子虔        0
徐渭         7
陈洪绶        0
八大山人       3
石涛         4
恽寿平        0
金农         1
郎世宁        0
任伯年        0
吴昌硕        12
齐白石        12
张大千        0
傅抱石        0
李可染        0
黄宾虹        12
总计: 190
