马远         14
李唐         0
梁楷         14
郭熙         14
黄公望        14
倪瓒         0
王蒙         0
吴镇         0
崔白         0
阎立本        0
张萱         0
周昉         0
展子虔        7
陈洪绶        0
恽寿平        14
任伯年        0
张大千        0
傅抱石        14
李可染        0
文徵明        0
仇英         14
董其昌        14
王时敏        0
华嵒         0
赵之谦        14
虚谷         0
蓝瑛         14
林风眠        0
石鲁         0
沈周         9
王鉴         14
石涛         14
八大山人       14
金农         14
郑燮         14
敦煌壁画       0
永乐宫壁画      0
徐渭         14
唐寅         0
王翚         0
总计: 240
