马远         0
李唐         0
梁楷         0
郭熙         0
黄公望        0
倪瓒         0
王蒙         0
吴镇         0
崔白         0
阎立本        0
张萱         0
周昉         0
展子虔        0
陈洪绶        0
恽寿平        0
郎世宁        12
任伯年        0
张大千        0
傅抱石        0
李可染        0
文徵明        0
唐寅         12
仇英         0
董其昌        0
王翚         4
王原祁        12
王时敏        0
华嵒         0
郑燮         12
赵之谦        0
虚谷         0
蓝瑛         0
徐悲鸿        12
林风眠        0
潘天寿        8
石鲁         0
敦煌         0
永乐宫        0
宋代绘画       0
明代绘画       0
总计: 72
