OK 7511 Melancholy 89KB
OK 7512 Portrait of an Aristocrati 235KB
OK 7513 The Crucifixion 158KB
OK 7514 The Martyrdom of Saint Bar 180KB
OK 7515 帕里斯的裁判 186KB
OK 7516 Madonna and Child under th 60KB
OK 7517 Adoration in the Forest 192KB
OK 7518 Annunciation 129KB
OK 7519 Annunciation with Two Knee 217KB
OK 7520 Coronation of the Virgin 222KB
OK 7521 Madonna and Child Enthrone 120KB
OK 7522 Barbadori Altarpiece and P 242KB
OK 7523 The Entombment 111KB
OK 7524 Triptych with Scenes from  148KB
OK 7525 Christ in the house of the 132KB
OK 7526 The Lamentation over the d 146KB
OK 7527 The Fall of the Damned 127KB
OK 7528 The Ascension of the Elect 78KB
OK 7529 The Madonna and Child in M 170KB
OK 7530 Crucifix by Cimabue, Santa 80KB
OK 7531 Maestà di Santa Maria dei  128KB
OK 7532 Crucifix by Cimabue, San D 76KB
OK 7533 Madonna Enthroned with the 118KB
OK 7534 The Virgin and Child with  135KB
OK 7535 Saint Sebastian 53KB
OK 7536 San Cassiano Altarpiece 109KB
OK 7537 Calvary 139KB
OK 7538 男子肖像 60KB
OK 7539 Madonna with Child 188KB
OK 7540 Portrait of a Man, called  36KB
OK 7541 Peasant Wedding Dance 152KB
OK 7542 Fair with a Theatrical Pre 190KB
OK 7543 亨利八世 172KB
OK 7544 Madonna enthroned with chi 103KB
OK 7545 Portrait of Sir Richard So 106KB
OK 7546 Portrait of Nicholas Kratz 114KB
OK 7547 The Merchant Georg Gisze 193KB
OK 7548 The Baptism of Christ 238KB
OK 7549 The Temptations of Saint A 128KB
OK 7550 Rest on the Flight to Egyp 166KB
OK 7551 Landscape with St Jerome 180KB
OK 7552 Saint Jerome in the Desert 127KB
OK 7553 Madonna and Crucifixion an 99KB
OK 7554 在聖傑洛姆及聖克里斯多福之間的受難耶穌 76KB
OK 7555 Madonna with Writing Child 41KB
OK 7556 Madonna and Child with Sai 236KB
OK 7557 Penelope with the Suitors 148KB
OK 7558 Semi-Gods Ceiling 279KB
OK 7559 Triptych with the Entombme 216KB
OK 7560 Marriage of the Virgin 307KB
OK 7561 Portrait of a Stout Man 96KB
OK 7562 The Annunciation 230KB
OK 7563 The Bad Thief to the Left  144KB
OK 7564 The Trinity 68KB
OK 7565 Polyptych of the Misericor 115KB
OK 7566 Madonna di Senigallia 238KB
OK 7567 Danae 338KB
OK 7568 The Adoration of the Kings 202KB
OK 7569 Neptune and Amphitrite 111KB
OK 7570 Saint Luke painting the Vi 187KB
OK 7571 Malvagna triptych 129KB
FAIL 7572 The Metamorphosis of Herma
OK 7573 The Union of Earth and Wat 179KB
OK 7574 Prometheus Bound 103KB
OK 7575 Statue of Ceres 79KB
OK 7576 The Fruit Garland 43KB
OK 7577 A Greyhound Catching a You 135KB
OK 7578 Still Life with a Maid 86KB
OK 7579 圣母与圣婴 247KB
OK 7580 Gualino Madonna 120KB
OK 7581 與孩子的聖母 185KB
OK 7582 Madonna with Child and six 141KB
OK 7583 Christ and the Samaritan W 277KB
OK 7584 Original rose window 319KB
OK 7585 廟宇獻聖 (羅倫澤蒂) 157KB
OK 7586 Annunciation 241KB
FAIL 7587 聖母與聖子
OK 7588 Madonna with child 115KB
OK 7589 Madonna and child with sai 186KB
OK 7590 Stories of Saint Nicholas 99KB
OK 7591 Archduke Leopold Wilhelm i 198KB
OK 7592 Guardroom 101KB
OK 7593 Archduke Leopold Wilhelm i 187KB
OK 7594 Portrait of the Members of 136KB
FAIL 7595 Archduke Leopold Wilhelm o
OK 7596 Heron Hunting with the Arc 96KB
OK 7597 珀耳修斯解救安朵美達 99KB
OK 7598 Venus, Mars and Cupid 123KB
OK 7599 Incarnation of Jesus by Pi 137KB
OK 7600 拜訪聖尼古拉及聖安東尼 174KB
OK 7601 山中圣训及治愈癞病人 110KB
OK 7602 The Forest Fire 68KB
OK 7603 The King Drinks 48KB
OK 7604 The Abduction of Europa 227KB
OK 7605 豆王的盛宴 240KB
OK 7606 Cleopatra's Feast 150KB
OK 7607 The Four Evangelists 91KB
OK 7608 Moses and His Ethiopian Wi 153KB
OK 7609 圣母向圣伯纳德的显现 371KB
OK 7610 Annunciation with Saints J 225KB
OK 7611 Madonna and Child 111KB
OK 7612 基督向圣母显现 108KB
OK 7613 Tobias and the Angel 177KB
OK 7614 三位天使和多俾亞 80KB
OK 7615 梅瑟的遗嘱及梅瑟之死 246KB
OK 7616 Crucifixion of Christ with 294KB
OK 7617 Lamentation over the dead  278KB
OK 7618 受難耶穌與瑪達萊娜 86KB
OK 7619 Crucifixion of Christ 105KB
OK 7620 The Circumcision 40KB
成功 107 失败 3 [7572, 7587, 7595]
