OK 7621 The Crucifixion 207KB
OK 7622 Caritas 146KB
OK 7623 Venus and Cupid 43KB
OK 7624 Saint Lawrence Enthroned w 144KB
OK 7625 Martelli Annunciation 208KB
OK 7626 Madonna and Child with Sai 206KB
OK 7627 Seven Saints 69KB
OK 7628 Reredos of the Martyrdom o 106KB
OK 7629 The Flagellation of Christ 309KB
OK 7630 與孩子的聖母 47KB
OK 7631 Saint Francis 58KB
OK 7632 Vision of Angels at the Fo 354KB
OK 7633 Christ at the Column 102KB
OK 7634 Madonna and Child 65KB
FAIL 7635 Madonna with Writing Child
OK 7636 Saint Augustine 85KB
FAIL 7637 Madonna with child
OK 7638 Saint Jerome in the Wilder 98KB
OK 7639 St Catherine's Disputation 214KB
OK 7640 Virgin in Glory surrounded 96KB
OK 7641 Madonna and Child Playing  110KB
OK 7642 亚当和夏娃 96KB
OK 7643 A game shop 219KB
OK 7644 Allegory of Fertility 122KB
OK 7645 The Lion and the Mouse 65KB
OK 7646 The Raising of Lazarus 72KB
OK 7647 The Nativity with the Prop 170KB
OK 7648 Madonna and Child with Sai 137KB
OK 7649 彼得和安德烈的召喚 304KB
OK 7650 Maestà of Sant'Agostino 102KB
OK 7651 Altarpiece of St Proculus 130KB
OK 7652 The Charity of St. Nichola 119KB
OK 7653 Painted crucifix 82KB
OK 7654 The Martyrdom of the Franc 262KB
OK 7655 The Kitchen 63KB
OK 7656 Portrait of Bishop Antoniu 179KB
OK 7657 Village feast 121KB
OK 7658 Archduke Leopold Wilhelm i 69KB
OK 7659 Peasants Celebrating Twelf 91KB
OK 7660 The Four Seasons (Spring) 49KB
OK 7661 Discovery of Honey by Pier 170KB
OK 7662 Saint Mary Magdalene 106KB
OK 7663 Madonna and Child with a D 108KB
OK 7664 狩猎图 91KB
OK 7665 Self-portrait 51KB
OK 7666 Mercury and Argus 202KB
OK 7667 King Candaules of Lydia Sh 105KB
OK 7668 Miraculous Draught of Fish 121KB
OK 7669 The Bean king 98KB
OK 7670 Madonna with Child and Sai 74KB
OK 7671 圣伯多禄从监牢得自由 42KB
OK 7672 圣加大肋纳的神秘婚姻 (菲利皮诺·利皮) 124KB
OK 7673 与术士西门的争执和圣伯多禄倒钉十字架 94KB
OK 7674 提阿非罗的儿子复活和圣伯多禄登宝座 84KB
OK 7675 Communion of the Apostles  135KB
OK 7676 與孩子的聖母 213KB
OK 7677 The Birth of St. John the  125KB
OK 7678 Sant'Onofrio Altarpiece 247KB
OK 7679 Portrait of a Man 141KB
OK 7680 Commemoration of Guidoricc 200KB
OK 7681 Maestà 162KB
OK 7682 Triptych of Saint Augustin 140KB
OK 7683 Saint Catherine of Alexand 192KB
OK 7684 Polyptych of Saint Dominiq 68KB
OK 7685 The Carrying of the Cross 169KB
OK 7686 Triumphal Arch 245KB
OK 7687 Nativity of the Virgin 58KB
OK 7688 Countryside of Wood With S 370KB
OK 7689 Susanna and the Elders 258KB
OK 7690 聖弗洛里亞諾的殉難 96KB
OK 7691 Christ Taking Leave of his 190KB
OK 7692 The Annunciation 180KB
OK 7693 羅馬聖母大教堂奠基 114KB
OK 7694 治愈跛子与大比大复活 100KB
OK 7695 亚当和夏娃 62KB
OK 7696 Santa Maria Maggiore Altar 61KB
OK 7697 圣伯多禄讲道 115KB
OK 7698 Altarpiece of the Guild of 75KB
OK 7699 Madonna and Child with Ang 189KB
OK 7700 The Virgin and Child 161KB
OK 7701 Ill-Matched Marriage 101KB
OK 7702 The Lamentation over the D 108KB
OK 7703 Ill-Matched Lovers 108KB
成功 81 失败 2 [7635, 7637]
