OK 7704 Portrait of a Youth 98KB
OK 7705 主啊,你往何处去? (卡拉奇) 133KB
OK 7706 圣母蒙召升天 246KB
OK 7707 Venus with a Satyr and Cup 165KB
OK 7708 維納斯，阿多尼斯和丘比特， 150KB
OK 7709 Resurrection of Christ 69KB
OK 7710 Two children teasing a cat 64KB
OK 7711 The Raising of Lazarus 98KB
OK 7712 Abraham Casting Out Hagar  49KB
OK 7713 Et in Arcadia ego 101KB
OK 7714 Samson and Delilah 77KB
OK 7715 Mars, Venus and Cupid 87KB
OK 7716 Death of Dido 84KB
OK 7717 圣金口若望祭坛画 133KB
OK 7718 拉匝禄复活 (塞巴斯蒂亚诺·德尔·皮翁博) 88KB
OK 7719 A Young Roman Woman 143KB
OK 7720 Pietà 66KB
OK 7721 Polyphemus 91KB
OK 7722 Portrait of a Woman 77KB
OK 7723 Bathsheba at Her Bath 148KB
OK 7724 西门家中的筵席 (委罗内塞，米兰) 104KB
OK 7725 Two Hounds 144KB
FAIL 7726 Last Supper
OK 7727 Adoration of the Magi 201KB
OK 7728 St Jerome Saint Jerome Med 191KB
OK 7729 The Supper at Emmaus 155KB
OK 7730 年轻男子肖像 45KB
OK 7731 潘恰蒂基神圣家族 101KB
OK 7732 Portrait of Giovanni de' M 105KB
OK 7733 Portrait of Bia de' Medici 116KB
OK 7734 Portrait of Ugolino Martel 58KB
OK 7735 Cupid as a bow carver 50KB
OK 7736 The Conversion of Saint Pa 205KB
OK 7737 加萊亞佐·山維塔萊肖像 79KB
OK 7738 The Circumcision 198KB
OK 7739 Lucretia 66KB
OK 7740 Madonna of the rose 52KB
OK 7741 情人 (罗马诺) 112KB
OK 7742 多納·伊莎貝爾·德·勒克斯森肖像 77KB
OK 7743 Perla di Modena 80KB
OK 7744 Portrait of a young woman 202KB
OK 7745 Woman before the mirror 49KB
OK 7746 有母貓的聖母像 113KB
OK 7747 火神兀兒肯的鍛造爐 167KB
OK 7748 Allegory of justice and tr 94KB
OK 7749 Portrait of Lorenzo de' Me 54KB
OK 7750 Allegory of Patience 61KB
OK 7751 The Prophet Elisha 168KB
OK 7752 Annunciation 110KB
OK 7753 Madonna and Child with Che 66KB
OK 7754 奏樂小天使 183KB
OK 7755 Sacred conversation with m 113KB
OK 7756 Pietà 233KB
OK 7757 Bacchus, Venus and Cupid 67KB
OK 7758 死去的基督与天使 (菲奥伦蒂诺) 90KB
OK 7759 Still Life with Lemons, Or 46KB
OK 7760 Saint Elizabeth of Portuga 92KB
OK 7761 The Death of Hercules 106KB
OK 7762 Saint Apollonia 134KB
OK 7763 The Tailor 45KB
OK 7764 Portrait of the sculptor A 96KB
OK 7765 Portrait of Gian Gerolamo  84KB
OK 7766 Portrait of a Lady 76KB
OK 7767 Man holding a Letter 40KB
OK 7768 Portrait of Pietro Secco S 21KB
OK 7769 Mary Magdalene 131KB
OK 7770 多俾亞與天使 (薩弗爾多) 107KB
OK 7771 Portrait of a Clad Warrior 108KB
OK 7772 Saint Matthew and the Ange 212KB
OK 7773 The Temptation of Saint Je 60KB
OK 7774 The Adoration of the Sheph 92KB
OK 7775 Visitation of Carmignano 65KB
OK 7776 Joseph with Jacob in Egypt 99KB
OK 7777 The Virgin and Child with  71KB
OK 7778 Vertumnus and Pomona 105KB
OK 7779 伊姆瓦斯的晚餐 (蓬托莫) 151KB
OK 7780 基督下葬 131KB
OK 7781 Apollo Flaying Marsyas 109KB
OK 7782 亞里士多德 34KB
OK 7783 酒醉的西勒努斯 108KB
OK 7784 Democritus 59KB
OK 7785 Lamentation over the dead  50KB
OK 7786 圣雅纳略毫发无损出火炉 129KB
OK 7787 Saint Matthew and the Ange 41KB
OK 7788 The Rape of Europa 43KB
OK 7789 The Rape of Helen 157KB
OK 7790 圣巴斯弟盎 (雷尼, 罗马) 144KB
OK 7791 圣巴斯弟盎 (雷尼, 奥克兰) 57KB
OK 7792 Annunciation 191KB
成功 88 失败 1 [7726]
