OK 7793 Pietà 152KB
OK 7794 Martyrdom of St Catherine 43KB
OK 7795 Jacob Blessing the Sons of 109KB
OK 7796 Music in a Landscape 93KB
OK 7797 Circumcision of Christ 79KB
OK 7798 圣母蒙召升天 100KB
OK 7799 Detroit Trio 108KB
OK 7800 所罗门的审判 (塞巴斯蒂亚诺·德尔·皮翁博) 140KB
OK 7801 Portrait of a Young Woman  87KB
OK 7802 克萊門特七世肖像畫 176KB
OK 7803 莎乐美与洗者若翰的头颅 (塞巴斯蒂亚诺·德尔·皮翁博 119KB
OK 7804 Saint Margaret 58KB
OK 7805 Portrait of Margherita Pal 81KB
OK 7806 在聖保羅及聖凱薩琳之間的德西斯 51KB
OK 7807 Crucifixion 66KB
OK 7808 The Coronation of the Virg 87KB
OK 7809 Apotheosis of Cosimo I de  333KB
OK 7810 St Luke Painting the Virgi 142KB
OK 7811 Last Supper 72KB
OK 7812 The Incredulity of Saint T 101KB
OK 7813 坐在地毯上的年輕男子肖像 71KB
OK 7814 Portrait of a Young Man 122KB
OK 7815 The Holy Family with the I 110KB
OK 7816 Deposition from the Cross 84KB
OK 7817 Gabriel de la Cueva, duke  161KB
OK 7818 Portrait of an Old Man, pr 67KB
OK 7819 Canon Ludovico di Terzi 98KB
OK 7820 Bartolommeo Bonghi (died 1 134KB
OK 7821 Mystical Marriage of St. C 81KB
OK 7822 佩薩羅的聖多梅尼科教堂祭壇畫 53KB
OK 7823 Torment of St. Anthony 85KB
OK 7824 Transfiguration 67KB
OK 7825 Portrait of a man playing  184KB
FAIL 7826 與孩子的聖母
OK 7827 Madonna and Child with Sai 101KB
OK 7828 Portrait of Cosimo the Eld 63KB
OK 7829 Venus and Cupid 60KB
OK 7830 Pucci Altarpiece 86KB
OK 7831 Penitent Magdalene 41KB
OK 7832 Flight to Egypt 37KB
OK 7833 Saint Francis 62KB
OK 7834 Charity 121KB
成功 41 失败 1 [7826]
