OK 7835 The Shop Sign of Gersaint 118KB
OK 7836 L'Indifférent 174KB
OK 7837 Fêtes Vénitiennes 144KB
OK 7838 Nymph and Satyr 177KB
OK 7839 Actors of the Comedie-Fran 177KB
OK 7840 The Faux Pas 145KB
OK 7841 Still Life with Onions 113KB
OK 7842 Mont Sainte-Victoire with  257KB
OK 7843 Boy with a Spinning-Top 190KB
OK 7844 Le Buffet 74KB
OK 7845 Allegory of Music, Arts an 106KB
OK 7846 The Laundress 183KB
OK 7847 The Kitchen Maid 117KB
OK 7848 The House of Cards 38KB
OK 7849 Lot and His Daughters 164KB
OK 7850 Danaë 57KB
OK 7851 Death of Cleopatra 92KB
OK 7852 Lot and his Daughters 69KB
OK 7853 摩西被救出水中 53KB
OK 7854 Diana the Huntress 42KB
OK 7855 The Triumph of Venus 111KB
OK 7856 Portrait of Madame de Pomp 136KB
OK 7857 Aurora and Cephalus 73KB
OK 7858 The setting of the sun 90KB
OK 7859 Jupiter and Callisto 109KB
OK 7860 Venus Consoling Love 150KB
OK 7861 The Birth of Venus 70KB
OK 7862 The See-Saw 249KB
OK 7863 弗雷德里克·肖邦和乔治·桑的肖像 41KB
OK 7864 Jewish Wedding in Morocco 182KB
OK 7865 Medea 51KB
OK 7866 Woman with a Parrot 250KB
OK 7867 The Melodrama 162KB
OK 7868 The Chess players 168KB
OK 7869 The Third-Class Carriage 124KB
OK 7870 The Laundress 140KB
OK 7871 Don Quijote and Sancho Pan 185KB
OK 7872 Ecce homo 140KB
OK 7873 The Bridge at Narni 128KB
OK 7874 The road from Sèvres to Pa 143KB
OK 7875 Femme Lisant 130KB
OK 7876 Pastoral Concert 198KB
OK 7877 Recollection of Mortefonta 138KB
OK 7878 Hagar in the Wilderness 112KB
OK 7879 The Red Roofs, Côte Saint- 336KB
OK 7880 Steamboats in the Port of  290KB
OK 7881 Boulevard Montmartre, Mard 242KB
OK 7882 The Banks of the Oise near 161KB
OK 7883 The Côte des Bœufs, Pontoi 263KB
OK 7884 The House of the Deaf Woma 164KB
OK 7885 聖吳甦樂登船的海港 132KB
OK 7886 The Embarkation of the Que 128KB
OK 7887 Ascanius Shooting the Stag 179KB
OK 7888 Sunrise 169KB
OK 7889 摩西被救出水處的風景 114KB
OK 7890 Landscape with Tobias and  95KB
OK 7891 年輕男子肖像畫 168KB
OK 7892 馬西利奧·卡索蒂與他的妻子法烏斯蒂娜肖像 201KB
OK 7893 勞拉·達·波拉肖像畫 83KB
OK 7894 Portrait of a Young Man wi 130KB
OK 7895 美德與罪惡的寓意圖 201KB
OK 7896 Recanati Annunciation 123KB
OK 7897 The Charging Chasseur 103KB
OK 7898 The Wounded Cuirassier 90KB
OK 7899 The Woman with a Gambling  152KB
OK 7900 Insane Woman 121KB
OK 7901 The Plaster Kiln 206KB
OK 7902 The Severed Heads 181KB
OK 7903 The Potato Harvest 110KB
FAIL 7904 牧羊女與羊群
OK 7905 The Winnower 88KB
OK 7906 The Sower 145KB
OK 7907 Peasant Women with Brushwo 83KB
OK 7908 Le Printemps 153KB
成功 73 失败 1 [7904]
