OK 7909 弹吉他的梅兹坦 136KB
OK 7910 The Chord 265KB
OK 7911 The two cousins 207KB
OK 7912 The Surprise 122KB
OK 7913 拿著球拍的女孩 238KB
OK 7914 Still Life with Attributes 180KB
OK 7915 The Attentive Nurse 100KB
OK 7916 Le Panier de fraises des b 197KB
OK 7917 The Copper Cistern 137KB
OK 7918 Joseph and Potiphar's Wife 83KB
OK 7919 David and Goliath 102KB
OK 7920 Annunciation 95KB
OK 7921 Lot and his daughters 198KB
OK 7922 Public Felicity Triumphant 57KB
OK 7923 Hercules and Omphale 76KB
OK 7924 The Rising of the Sun 140KB
OK 7925 The Emigrants 115KB
OK 7926 Rue Transnonain, le 15 avr 119KB
OK 7927 Diana and Actaeon (Diana S 183KB
OK 7928 Castel Sant'Angelo and Tib 99KB
FAIL 7929 View of Volterra
OK 7930 西比勒 114KB
OK 7931 Chartres Cathedral 152KB
OK 7932 The Harbor of La Rochelle 76KB
OK 7933 Rue Saint-Honoré in the Af 205KB
OK 7934 Shepherdess bringing sheep 189KB
OK 7935 The Harvest, Pontoise (La  353KB
OK 7936 Boulevard Montmartre, Spri 299KB
OK 7937 Landscape with the Embarka 85KB
OK 7938 特洛伊女人放火烧船 91KB
FAIL 7939 被劫持的歐羅巴 (洛蘭)
OK 7940 Village Fête 167KB
OK 7941 Landscape with the Burial  145KB
OK 7942 耶穌誕生 99KB
OK 7943 Christ taking leave of his 109KB
OK 7944 The Carrying of the Cross 68KB
OK 7945 Gray Horse 45KB
OK 7946 Head of a white horse 61KB
OK 7947 黄昏：高架渠风景 132KB
OK 7948 Shepherdess Seated on a Ro 100KB
OK 7949 Haystacks: Autumn 84KB
OK 7950 Man with a Hoe 82KB
成功 40 失败 2 [7929, 7939]
