OK 7951 A Friendly Call 141KB
OK 7952 Dorothy 35KB
OK 7953 The Lackawanna Valley 108KB
OK 7954 The Rainbow 75KB
OK 7955 A Bit of the Roman Aqueduc 81KB
OK 7956 The Thankful Poor 46KB
OK 7957 The Annunciation 119KB
OK 7958 Salome 144KB
OK 7959 The Banjo Lesson 150KB
OK 7960 The Young Sabot Maker 136KB
OK 7961 Abraham's Oak 156KB
OK 7962 战斗：为战败者求情的女人 225KB
FAIL 7963 毁灭天使和恶魔打断残暴者与纵欲者的狂欢
OK 7964 青春在船头快乐在掌舵 111KB
OK 7965 The World Before the Flood 90KB
OK 7966 为化妆舞会做准备 128KB
FAIL 7967 布里托玛耳提挽救阿莫雷特
OK 7968 Work 213KB
OK 7969 Take your Son, Sir! 65KB
OK 7970 Pretty Baa-Lambs 181KB
FAIL 7971 Cromwell, Protector of the
OK 7972 Cromwell on his Farm 57KB
OK 7973 Manfred on the Jungfrau 123KB
OK 7974 《牛頓》 307KB
OK 7975 跳蚤的幽灵 160KB
OK 7976 Pity 158KB
OK 7977 The Body of Abel Found by  304KB
OK 7978 Elohim creating Adam 138KB
FAIL 7979 A Vision of the Last Judgm
OK 7980 Wivenhoe Park 105KB
OK 7981 Flatford Mill 119KB
OK 7982 The Vale of Dedham 279KB
OK 7983 Weymouth Bay: Bowleaze Cov 106KB
OK 7984 Boat-building near Flatfor 239KB
OK 7985 Dedham Lock and Mill 191KB
OK 7986 Nocturne: Blue and Gold –  48KB
OK 7987 The Princess from the Land 121KB
OK 7988 孔雀厅 147KB
OK 7989 Arrangement in Grey and Bl 32KB
OK 7990 Symphony in White, No. 3 76KB
OK 7991 Mother of Pearl and Silver 17KB
OK 7992 Lansdowne Portrait 32KB
OK 7993 The Skater 54KB
FAIL 7994 喬治·華盛頓 (康斯特布-漢彌爾頓肖像)
OK 7995 Sir Joshua Reynolds 94KB
OK 7996 乔治·华盛顿 101KB
OK 7997 John Jay 96KB
FAIL 7998 Love and the Maiden
OK 7999 Thoughts of the Past 93KB
OK 8000 Looking Down Yosemite Vall 65KB
OK 8001 The Last of the Buffalo 71KB
OK 8002 A Storm in the Rocky Mount 93KB
OK 8003 Indians in Council, Califo 145KB
OK 8004 Puget Sound on the Pacific 79KB
OK 8005 加利福尼亞州，內華達山脈之中 70KB
OK 8006 The Subsiding of the Water 51KB
FAIL 8007 枯樹湖
OK 8008 Expulsion from the Garden  110KB
OK 8009 被縛的普羅米修斯 (油畫) 55KB
OK 8010 日落時的十字架 55KB
OK 8011 View of Florence 35KB
OK 8012 A Boy with a Flying Squirr 94KB
OK 8013 The Death of Major Peirson 172KB
OK 8014 Portrait of Mrs. Thomas Ga 71KB
OK 8015 The Death of the Earl of C 75KB
OK 8016 The Copley Family 121KB
OK 8017 Mrs Humphrey Devereux 67KB
OK 8018 Snow Storm: Hannibal and h 88KB
OK 8019 Dolbadarn Castle 175KB
OK 8020 Sunrise with Sea Monsters 58KB
OK 8021 Fishermen at Sea 70KB
OK 8022 Ulysses deriding Polyphemu 110KB
OK 8023 Portrait of Sir Walter Sco 16KB
OK 8024 Boy and Rabbit 136KB
OK 8025 American Commissioners of  93KB
OK 8026 The Death of Nelson 167KB
OK 8027 Benjamin Franklin Drawing  143KB
OK 8028 Portrait of Dr Richard Pri 170KB
OK 8029 Queen Charlotte (1744-1818 100KB
OK 8030 Colonel Guy Johnson and Ka 86KB
成功 73 失败 7 [7963, 7967, 7971, 7979, 7994, 7998, 8007]
