OK 8031 Hero, Having Thrown hersel 193KB
OK 8032 Stages of Cruelty 250KB
OK 8033 The Night of Enitharmon's  138KB
OK 8034 Agony in the Garden 178KB
OK 8035 Jacob's Ladder 224KB
OK 8036 水闸 187KB
OK 8037 At the Piano 91KB
OK 8038 George Washington (Vaughan 68KB
OK 8039 Portrait of Benjamin West 46KB
OK 8040 Dolley Payne Madison 77KB
OK 8041 Mount Hood 18KB
OK 8042 Moat Mountain, Intervale,  120KB
OK 8043 Cho-looke, the Yosemite Fa 62KB
OK 8044 Sunrise on the Matterhorn 61KB
OK 8045 California Spring 68KB
OK 8046 The Fountain of Vaucluse 109KB
OK 8047 Kaaterskill Falls 76KB
OK 8048 傑納西風景 70KB
OK 8049 John Adams (1735-1826) 44KB
OK 8050 Portrait of Mrs. Theodore  46KB
OK 8051 Portrait of Henry Addingto 74KB
OK 8052 Dr. Silvester Gardiner 38KB
OK 8053 Paul Revere 63KB
OK 8054 The Oath of Hannibal 63KB
OK 8055 Alexander III of Scotland  40KB
OK 8056 The Battle of La Hogue 40KB
OK 8057 George III (1738-1820) 86KB
成功 27 失败 0 []
