OK 8099 The Lace-Maker 57KB
OK 8110 A Dutch Ship coming to Anc 106KB
OK 8128 Woman with a Child in a Pa 190KB
OK 8131 A Boy Bringing Bread 51KB
OK 8132 The Council Chamber in Ams 146KB
FAIL 8135 River Landscape with Windm
OK 8136 Girl eating oysters 152KB
OK 8137 A Mayor of Delft and his D 170KB
OK 8138 The Happy Family 119KB
OK 8139 The Doctor's Visit in a Ri 53KB
OK 8140 Wine is a Mocker 138KB
OK 8141 Beware of Luxury (“In Weel 244KB
OK 8142 The Avenue at Middelharnis 107KB
OK 8143 Village Street under Trees 220KB
OK 8144 Maurice, Prince of Orange 87KB
OK 8145 The Feast of Bacchus 83KB
OK 8146 River Landscape with Ferry 128KB
OK 8147 Drawing the Eel 79KB
OK 8148 A View of Deventer seen fr 92KB
OK 8149 A Lady with a Fan 38KB
OK 8150 Portrait of a man 52KB
OK 8151 Michiel de Ruyter as Lieut 62KB
OK 8152 Caritas: Johanna de Geer ( 119KB
OK 8153 Margarita Trip as Minerva, 95KB
OK 8154 Portrait of an Old Lady, P 66KB
OK 8155 Portrait of Helena van der 112KB
OK 8156 The Letter by Gerard ter B 70KB
FAIL 8157 Glass of Lemonade
OK 8158 A Woman Playing the Theorb 97KB
OK 8159 The Concert 144KB
OK 8160 Woman writing a letter 83KB
OK 8161 Interior of the Old Church 152KB
OK 8162 Portrait of an old woman r 50KB
OK 8163 The Quack 100KB
OK 8164 Self-Portrait 75KB
FAIL 8165 The Dropsical Woman
OK 8166 A Hermit 52KB
OK 8167 The Physician 62KB
OK 8168 The Jewish Cemetery 229KB
OK 8169 A Wooded Marsh 289KB
OK 8170 Castle Bentheim 174KB
OK 8171 The Ray of Light 28KB
OK 8172 Landscape with Waterfall 145KB
OK 8173 View of Haarlem with Bleac 121KB
OK 8174 Isaac Blessing Jacob 112KB
OK 8175 與方尖碑的風景 62KB
OK 8176 Marcus Curius Dentatus ref 81KB
OK 8177 A Young Archer 21KB
OK 8178 Girl by a High Chair 86KB
OK 8179 Lamentation 74KB
成功 79 失败 3 [8135, 8157, 8165]
