OK 8180 乔治·华盛顿 45KB
OK 8181 Diana 9KB
OK 8182 受冻的女孩 19KB
OK 8183 Dance of Time 56KB
OK 8184 Les Bretonnes au Pardon 214KB
OK 8185 Watercolourist in the Louv 135KB
OK 8186 Ophelia 86KB
OK 8187 Nymph abducted by a faun 34KB
OK 8188 Albaydé 117KB
OK 8189 Emperor Napoleon III 86KB
OK 8190 Death of Francesca da Rimi 105KB
OK 8191 Echo 56KB
OK 8192 Portrait of Mme*** (Madame 17KB
OK 8193 Portrait of Madame Ernest  66KB
OK 8194 Portrait of Anna Obolenska 29KB
OK 8195 The Kiss 325KB
OK 8196 Equestrian Portrait of Mad 39KB
OK 8197 Aphrodite of Syracuse 26KB
OK 8198 Penitent Magdalene 49KB
OK 8199 Monument to the Royal Stua 75KB
OK 8200 Theseus and the Minotaur 66KB
OK 8201 Theseus and Centaur by Ant 87KB
OK 8202 Napoleon as Mars the Peace 67KB
OK 8203 Woman on a Black Divan 45KB
OK 8204 Bara 58KB
OK 8205 Herodias 7KB
OK 8206 The Naiads 29KB
FAIL 8207 Salome (Henner)
FAIL 8208 The Chaste Susannah
FAIL 8209 Neptune
OK 8210 Ariadne Abandoned by These 131KB
OK 8211 The Sorrow of Telemachus 79KB
OK 8212 Sappho Inspired by Love 216KB
OK 8213 Telemachus and the Nymphs  84KB
OK 8214 斐迪南多四世一家 140KB
OK 8215 Virgil reading the ''Aenei 177KB
FAIL 8216 Village Love
OK 8217 Hay Making 265KB
OK 8218 October (Saison d'octobre) 221KB
OK 8219 Weary 142KB
OK 8220 The Wood Gatherer 256KB
FAIL 8221 The Blind Beggar
OK 8222 雄獅與蛇 104KB
OK 8223 Charles VI frightened in t 70KB
OK 8224 Monument to Napoleon and H 128KB
OK 8225 Lion with a Snake 124KB
OK 8226 Grotte im Park der Villa d 162KB
OK 8227 The Neustadt-Eberswalde Ro 148KB
OK 8228 Building of the Devil's Br 90KB
OK 8229 equestrian statue of Joan  95KB
OK 8230 Joan of Arc 167KB
OK 8231 Young Trapped Elephant 82KB
FAIL 8232 equestrian statue of Simón
FAIL 8233 equestrian statue of Joan 
OK 8234 Dénicheur d'oursons 278KB
OK 8235 Christus 40KB
OK 8236 Ganymede with Jupiter's Ea 59KB
FAIL 8237 哥白尼纪念碑 (蒙特利尔)
OK 8238 Night 43KB
OK 8239 Cupid and the Graces by Be 37KB
OK 8240 Bertel Thorvaldsen with th 115KB
OK 8241 The intercepted love lette 152KB
OK 8242 Gnome watching railway tra 94KB
OK 8243 Justitia 104KB
OK 8244 Magician and Dragon 116KB
FAIL 8245 Flying kites
OK 8246 The Geologist 198KB
OK 8247 1814年莫斯科戰役. 150KB
OK 8248 1807, Friedland 167KB
OK 8249 1805, Cuirassiers Before t 111KB
OK 8250 The siege of Paris 201KB
OK 8251 The Brawl 62KB
OK 8252 A Painter 38KB
OK 8253 Pygmalion and Galatea 24KB
OK 8254 Amour menaçant by Falconet 22KB
OK 8255 Return from the Church Fai 133KB
OK 8256 After School 207KB
OK 8257 Young African Woman 109KB
OK 8258 Cain flying before Jehovah 173KB
OK 8259 The Triumph of the Republi 96KB
OK 8260 Grave of Victor Noir 76KB
OK 8261 Mirabeau répondant à Dreux 94KB
OK 8262 Monument to Émile Levassor 232KB
OK 8263 View from Stalheim 123KB
OK 8264 A Seascape. The coast of t 74KB
OK 8265 Shipwreck on the Coast of  82KB
OK 8266 Birch Tree in a Storm 98KB
OK 8267 Frogner Manor 160KB
OK 8268 Stugunøset at Filefjell 193KB
OK 8269 Portrait of Ferdinand IV 84KB
OK 8270 Portrait of José Nicolás d 33KB
OK 8271 帕里斯的评判 101KB
OK 8272 Studio Wall 111KB
OK 8273 The Iron Rolling Mill (Mod 116KB
OK 8274 1769年腓特烈二世和约瑟夫二世在尼斯会面 98KB
OK 8275 The Balcony Room 172KB
OK 8276 Falcon Attacking a Pigeon 139KB
OK 8277 1870年7月31日，國王威廉一世啟程參軍 253KB
成功 89 失败 9 [8207, 8208, 8209, 8216, 8221, 8232, 8233, 8237, 8245]
