FAIL 8278 Cyclist
OK 8279 Circular Dance 164KB
OK 8280 Nude against the light 111KB
OK 8281 Dining Room in the Country 186KB
OK 8282 Portrait of Ambroise Volla 171KB
OK 8283 Naked in the bathtub 154KB
OK 8284 Two Poodles 227KB
FAIL 8285 Paysage normand
OK 8286 Boy on the Rocks 174KB
OK 8287 The Muse Inspiring the Poe 85KB
FAIL 8288 Portrait of Monsieur X (Pi
OK 8289 Carnival Evening 142KB
OK 8290 La Guerre 149KB
OK 8291 The Repast of the Lion 87KB
OK 8292 Dahlias 205KB
OK 8293 The Tree of Paradise 239KB
FAIL 8294 Grand Bouquet au vase noir
OK 8295 Self-Portrait with Seven F 112KB
OK 8296 Paris Through the Window 31KB
OK 8297 The House in Grey 291KB
OK 8298 Hommage à Apollinaire 17KB
FAIL 8299 Birthday
OK 8300 Terror Antiquus 275KB
OK 8301 A Birch Grove 56KB
OK 8302 Chumaks path in Mariupol 46KB
OK 8303 Lake Ladoga 156KB
OK 8304 The North 85KB
OK 8305 Red Sunset on the Dnieper 75KB
OK 8306 Dnieper in the morning 72KB
OK 8307 The Beauty 152KB
OK 8308 Portrait of Chaliapin 160KB
OK 8309 Russian Venus 149KB
OK 8310 Merchant wife at tea by B. 238KB
OK 8311 Shrovetide 120KB
FAIL 8312 Bolshevik
FAIL 8313 February azure
FAIL 8314 The Great Taking of the Ve
OK 8315 In Russia. Soul of the peo 126KB
FAIL 8316 The Hermit
FAIL 8317 Portrait of Ivan Pavlov
OK 8318 The Blue Room 325KB
OK 8319 Adam and Eve 198KB
OK 8320 Joy of Life 134KB
OK 8321 Nu au châle bleu 164KB
OK 8322 La Couturière 217KB
OK 8323 Portrait of Erik Satie 114KB
OK 8324 Honfleur in Fog 142KB
OK 8325 The Abduction of Europa 66KB
OK 8326 The White and the Black 59KB
OK 8327 Étude de fesses 48KB
OK 8328 The Red Room 39KB
FAIL 8329 Naked Women playing Checke
FAIL 8330 In the Mountains of the Cr
OK 8331 Wet Meadow 94KB
OK 8332 The Volga Lagoon 73KB
FAIL 8333 Return of the herd
FAIL 8334 Before the rain
OK 8335 Swamp in the Forest. Autum 223KB
OK 8336 Portrait of Toulouse Lautr 186KB
OK 8337 Garden at Vaucresson 251KB
OK 8338 The Seamstress 211KB
OK 8339 Woman in a Striped Dress 292KB
OK 8340 The floor waiter 160KB
OK 8341 Portrait of a man (Emile L 325KB
OK 8342 Carcass of Beef 150KB
OK 8343 叶尔马克征服西伯利亚 95KB
OK 8344 Menshikov in Berezovo 218KB
OK 8345 Suvorov Crossing the Alps  117KB
OK 8346 The Little Peasant 119KB
OK 8347 Ritratto di Lunia Czechows 90KB
FAIL 8348 Antonia
FAIL 8349 Seated Nude
OK 8350 Wedding train in Moscow (X 100KB
OK 8351 Seventeenth-Century Moscow 97KB
FAIL 8352 Portrait of D. A. Furmanov
成功 58 失败 17 [8278, 8285, 8288, 8294, 8299, 8312, 8313, 8314, 8316, 8317, 8329, 8330, 8333, 8334, 8348, 8349, 8352]
