OK 8353 Venus and Cupid 162KB
OK 8354 Noli me tangere 241KB
FAIL 8355 Landscape with Jupiter and
OK 8356 Judith 159KB
OK 8357 阿维尼翁的哀悼基督图 165KB
OK 8358 The Virgin of Mercy of the 79KB
OK 8359 Coronation of the Virgin,  148KB
OK 8360 Charles VII, King of Franc 237KB
OK 8361 Portrait of the court jest 159KB
FAIL 8362 Portrait of Guillaume Jouv
OK 8363 Pietà 139KB
OK 8364 Virgin and Child Surrounde 126KB
OK 8365 The Death of Eurydice 134KB
OK 8366 The Rape of Proserpine 145KB
OK 8367 The Continence of Scipio 119KB
OK 8368 Hercules Kicking Faunus ou 120KB
OK 8369 The Four Evangelists 78KB
OK 8370 帕赫祭坛画 319KB
OK 8371 Altarpiece of the Church F 179KB
OK 8372 The Fall of Man 135KB
OK 8373 Sine Cerere et Libero frig 278KB
OK 8374 Mourners of Dijon 95KB
OK 8375 Hermaphroditus and the nym 175KB
OK 8376 Venus and Cupid‘’ 65KB
OK 8377 Epitaph of Goldsmith Nicol 68KB
OK 8378 Angelic Salutation 191KB
OK 8379 Veit Stoss altar in Bamber 181KB
OK 8380 Saint Roque 103KB
OK 8381 Archangel Raphael and Youn 151KB
OK 8382 Holy Family with St Elizab 131KB
OK 8383 February 121KB
OK 8384 Pietà with Saint John Evan 131KB
OK 8385 Presentation of Christ in  121KB
OK 8386 Annunciation 53KB
OK 8387 Adoration of the Child Jes 118KB
OK 8388 Madonna with the Violet 99KB
OK 8389 Tomb of Valentina Balbiani 43KB
OK 8390 The Baptism of Christ 143KB
OK 8391 Two Followers of Cadmus de 96KB
OK 8392 Allegory of Vanity and Rep 161KB
OK 8393 A Monk With a Beguine 127KB
OK 8394 諸聖嬰孩慶日 128KB
OK 8395 The Fall of Man 215KB
OK 8396 弗朗索瓦二世墓 108KB
OK 8397 Wurzach Altar 97KB
OK 8398 Mars and Venus Surprised b 181KB
OK 8399 Perseus and Andromeda 201KB
OK 8400 The Miraculous Draft of Fi 122KB
OK 8401 Saints Catherine and Mary  127KB
OK 8402 Flower still life with a w 94KB
OK 8403 Altars in St. Maria Magdal 198KB
OK 8404 Triptych of the mystic bat 174KB
OK 8405 Holy Blood altar 169KB
OK 8406 The Four Evangelists of Mü 126KB
OK 8407 Portrait of a Woman 33KB
成功 53 失败 2 [8355, 8362]
