OK 8408 The Victory of Fleurus 252KB
OK 8409 Ramon Casas and Pere Romeu 68KB
OK 8410 La Sargantaine (Portrait o 76KB
OK 8411 La Carrega 55KB
OK 8412 Garrote vil (Garrotte) 168KB
OK 8413 Au Moulin de la Galette 160KB
OK 8414 Plein air 167KB
OK 8415 Charles II in armour 65KB
OK 8416 Eugenia Martinez Valleji,  57KB
OK 8417 Eugenia Martínez Vallejo,  71KB
OK 8418 Queen Mariana de Austria a 80KB
OK 8419 Charles II of Spain 94KB
OK 8420 The Foundation Mass of the 121KB
OK 8421 The Contemporary Poets. A  79KB
OK 8422 El escritor José de Espron 15KB
OK 8423 The Seven Ages of Woman 196KB
OK 8424 The Trinity and Mystic Pie 143KB
OK 8425 Eve, the Serpent and Death 45KB
OK 8426 亚当和夏娃 67KB
OK 8427 Portrait of a Man 92KB
OK 8428 Heracles and Antaeus 27KB
OK 8429 La rendición de Granada 193KB
OK 8430 The Sigh of the Moor 103KB
OK 8431 La reina doña Juana la Loc 125KB
OK 8432 Portrait of Diego de Villa 168KB
OK 8433 In Ictu Oculi 132KB
OK 8434 Finis Gloriae Mundi 81KB
OK 8435 Virgin of the Silversmiths 88KB
OK 8436 The Infantas Isabel Clara  237KB
OK 8437 Infanta Isabel Clara Eugen 206KB
OK 8438 Don John of Austria 40KB
OK 8439 Prince Don Carlos 228KB
OK 8440 Isabella Clara Eugenia and 130KB
OK 8441 Lady with a Fan 212KB
OK 8442 Queen Isabel la Católica d 113KB
FAIL 8443 Juan de Austria's presenta
FAIL 8444 Portrait of Mary Tudor
FAIL 8445 Cardinal Granvelle's Dwarf
FAIL 8446 Portrait of Alexander Farn
FAIL 8447 Self-portrait
FAIL 8448 Still-Life
FAIL 8449 下午茶
FAIL 8450 Self-portrait Holding an A
OK 8451 Still Life with Oranges an 98KB
OK 8452 Still Life with Breams, Or 167KB
OK 8453 Still Life with Plums Figs 143KB
OK 8454 盧卡·帕喬利肖像 139KB
OK 8455 威尼斯全景圖 152KB
OK 8456 A Sparrowhawk 60KB
OK 8457 Portrait of a German 77KB
OK 8458 The Virgin at the Fountain 102KB
OK 8459 An Old Man and a Young Wom 42KB
OK 8460 The conversion of Saint Pa 31KB
OK 8461 奪回巴伊亞 256KB
OK 8462 Portrait of a Gentleman 92KB
OK 8463 The Adoration of the Magi 105KB
OK 8464 Amelia de Vilanova y Nadal 35KB
OK 8465 Carolina Coronado 96KB
成功 50 失败 8 [8443, 8444, 8445, 8446, 8447, 8448, 8449, 8450]
