OK 8466 The Martyrdom of Saint Ste 148KB
OK 8467 Hercules and Omphale 84KB
OK 8468 Woman Playing the Clavicho 107KB
OK 8469 The Toothpuller 138KB
OK 8470 Presentation 86KB
OK 8471 The Tailor 129KB
OK 8472 Diana and Cupid 118KB
OK 8473 Time orders Old Age to des 75KB
OK 8474 Sacred Heart of Jesus 75KB
OK 8475 Portrait of Humphry Morice 36KB
OK 8476 Portrait of John Scott (?) 6KB
OK 8477 Portrait of Richard Milles 75KB
OK 8478 Agliardi Triptych 58KB
OK 8479 The Liberation of Saint Pe 22KB
OK 8480 The Baptism of Christ 18KB
OK 8481 Madonna of the Purificatio 38KB
OK 8482 Carlo III di Borbone visit 244KB
OK 8483 Charles of Bourbon Visitin 135KB
OK 8484 Musical feast given by the 250KB
OK 8485 Roman Capriccio: The Panth 162KB
OK 8486 An Architectural Capriccio 101KB
OK 8487 Interior of a Picture Gall 105KB
OK 8488 Saint Agnes 248KB
OK 8489 David with the Head of Gol 41KB
OK 8490 Pietà 64KB
OK 8491 Ulysses and Diomed in Rhes 153KB
OK 8492 Gian Lorenzo Berti 71KB
OK 8493 Saint Margaret of Cortona 66KB
OK 8494 Miracle of a dominican Sai 238KB
OK 8495 The Doge Alvise IV. Moceni 106KB
OK 8496 Venetian Gala Concert 181KB
OK 8497 Fire in the Oil Depot at S 196KB
OK 8498 Gondolas on the Lagoon 157KB
OK 8499 St Mark’s Basin with the I 204KB
OK 8500 Bathsheba 122KB
OK 8501 Diana and Endymion 100KB
OK 8502 Assumption of the Virgin 46KB
OK 8503 與孩子的聖母 113KB
OK 8504 Allegory of Fortune 63KB
OK 8505 Landscape with Tobias and  135KB
OK 8506 L'Umana Fragilità 20KB
OK 8507 Torture of Prometheus 74KB
OK 8508 Democritus and Protagoras 101KB
OK 8509 Saul and the Witch of Endo 71KB
OK 8510 Self-portrait 52KB
OK 8511 Africa 92KB
OK 8512 Young Lady of the Le Blond 73KB
OK 8513 Portrait of a Woman with M 52KB
OK 8514 Monteverde Angel 269KB
OK 8515 温琴佐·贝利尼纪念碑 187KB
OK 8516 statue of Giuseppe Mazzini 142KB
OK 8517 Dresden From the Right Ban 66KB
OK 8518 Venice: The Grand Canal fa 108KB
OK 8519 View of Gazzada near Vares 154KB
OK 8520 國會大廈與怪現象 43KB
OK 8521 Election of Stanislas Augu 201KB
OK 8522 Miodowa Street in Warsaw 223KB
OK 8523 Apotheosis of Saint Sebast 103KB
OK 8524 Bathsheba at Her Bath 133KB
OK 8525 Allegory of Tuscany 91KB
OK 8526 Juno Receiving the Head of 90KB
OK 8527 Portrait group: The singer 60KB
OK 8528 Portrait of the Soprano Ca 53KB
成功 63 失败 0 []
