OK 8542 Frédéric de Mérode memoria 106KB
OK 8543 拉弓的赫拉克勒斯 77KB
OK 8544 阿维尔将军纪念碑 83KB
OK 8545 Monument aux Morts de Mont 150KB
OK 8546 Monument to Mickiewicz 190KB
OK 8547 Gustave Eiffel 65KB
OK 8548 Monument aux morts de Capo 122KB
OK 8549 Marianne de Dulac 122KB
OK 8550 Der Hafenarbeiter 65KB
OK 8551 Gismonda 76KB
OK 8552 Song of Bohemia 118KB
OK 8553 Zodiac 251KB
OK 8554 Nature 37KB
OK 8555 Gismonda 112KB
OK 8556 Madonna of the Lilies 146KB
OK 8557 《永恆的春天》 29KB
OK 8558 Pierre de Wiessant 44KB
OK 8559 Danaid 51KB
OK 8560 Man with the Broken Nose 18KB
OK 8561 The succubus 22KB
OK 8562 Young mother 70KB
OK 8563 La Belle Iseult 131KB
OK 8564 给德国人民 45KB
OK 8565 The Kiss 283KB
OK 8566 Camille Lemonnier memorial 297KB
OK 8567 L'Air 153KB
OK 8568 Céret War Memorial 138KB
OK 8569 Action Enchained 92KB
OK 8570 L'Été sans bras 100KB
OK 8571 L'Été 147KB
OK 8572 La Baigneuse aux bras levé 211KB
OK 8573 Font d'Hèrcules 252KB
成功 32 失败 0 []
