OK 8587 The Evil Mothers 179KB
OK 8588 Love at the Fountain of Li 302KB
OK 8589 The Punishment of Lust 203KB
OK 8590 Midday in the Alps 274KB
OK 8591 Spring in the Alps 228KB
OK 8592 Roman carts 108KB
OK 8593 The rest 25KB
OK 8594 Cousin Argia 184KB
OK 8595 The Italian Camp after the 64KB
OK 8596 Cowboys and herds in the M 15KB
OK 8597 Square formation at Villaf 23KB
OK 8598 Vladimir Lenin in Smolny 48KB
OK 8599 Speech by V. I. Lenin at a 44KB
OK 8600 La Paloma 228KB
OK 8601 Two Gypsy Women 246KB
OK 8602 Dolores 100KB
OK 8603 Terraced Village 264KB
OK 8604 The Rock in the Pond 257KB
OK 8605 Banks of the Tiber 94KB
OK 8606 The Lovers of Teruel 206KB
OK 8607 Pouring 301KB
OK 8608 Bearing Away the Bride 201KB
OK 8609 Portrait of Varya Adoratsk 99KB
OK 8610 The Slaughterhouse 66KB
OK 8611 Lady in Blue 107KB
OK 8612 The hall of the madwomen i 119KB
OK 8613 Pastures at Castiglioncell 116KB
OK 8614 Moscow courtyard 221KB
OK 8615 Christ and the Woman Taken 130KB
OK 8616 An Overgrown Pond 237KB
OK 8617 Early snow 133KB
OK 8618 Golden Autumn 223KB
OK 8619 Grandmother's Garden 343KB
OK 8620 大棚架 160KB
OK 8621 The Downpour. Santoña Bay 220KB
OK 8622 In High Azure 82KB
OK 8623 V. I. Lenin in Razliv in 1 70KB
OK 8624 The Spanish Wedding 170KB
OK 8625 The Odalisque 168KB
OK 8626 La Batalla de Tetuan 89KB
OK 8627 Nude Old Man in the Sun 97KB
OK 8628 Carmen Bastián 158KB
OK 8629 Henhouse 53KB
成功 43 失败 0 []
