OK 8630 Sommerdag ved Roskilde Fjo 69KB
OK 8631 At Breakfast 209KB
OK 8632 The Lineman 64KB
OK 8633 Harvest 151KB
OK 8634 Spring. Ebba and Sigrid Kä 206KB
OK 8635 Washing on the Ice 89KB
OK 8636 Tomatoes 223KB
OK 8637 The Short-Cut 128KB
OK 8638 Pioneers in Karelia 122KB
OK 8639 The Mower Men 105KB
OK 8640 The Violinist 114KB
OK 8641 萊夫•艾瑞克森發現美洲 119KB
OK 8642 Albertine i politilægens v 159KB
OK 8643 Struggle for Survival 131KB
OK 8644 Braiding her Hair 201KB
OK 8645 Christian IX of Denmark wi 146KB
OK 8646 Leaving the Table 136KB
OK 8647 The North Sea in Stormy We 143KB
OK 8648 Summer day at the beach of 137KB
OK 8649 The Marriage of George, Du 226KB
OK 8650 Midwinter's Sacrifice 164KB
OK 8651 Karin by the shore 210KB
OK 8652 Gustav Vasas intåg i Stock 100KB
OK 8653 Interior of the Fürstenber 102KB
OK 8654 Angry Boy 91KB
OK 8655 The Monolith 34KB
OK 8656 Livshjulet 61KB
OK 8657 Abel Monument, Royal Palac 144KB
OK 8658 The Sundial 62KB
OK 8659 Statue of Camilla Collett  221KB
OK 8660 Self-Portrait 112KB
OK 8661 Burning the Brushwood 87KB
OK 8662 Peasant Burial 131KB
OK 8663 Wonderland 139KB
OK 8664 Alley 49KB
OK 8665 The Artist's Mother Ane He 161KB
OK 8666 The maid in the kitchen 68KB
OK 8667 Harvesters 139KB
OK 8668 A Funeral 93KB
OK 8669 Summer Fun 167KB
OK 8670 Omnibus 140KB
OK 8671 Midsummer Dance 69KB
OK 8672 En premiär 273KB
OK 8673 A Portrait of the Daughter 218KB
OK 8674 Port of Hamburg 64KB
OK 8675 Bonfire celebrating Midsum 108KB
OK 8676 A Poacher 147KB
OK 8677 A Fox Family 186KB
OK 8678 Roses 302KB
OK 8679 Midsummer Eve Bonfire on S 63KB
OK 8680 The Men of Industry 85KB
OK 8681 The Hirschsprung family po 290KB
OK 8682 From Copenhagen Stock Exch 73KB
OK 8683 Hunters of Skagen 81KB
OK 8684 康复者 113KB
OK 8685 Self-Portrait with Black B 195KB
OK 8686 Wounded Warrior in the Sno 80KB
OK 8687 The Old Manor 35KB
OK 8688 The Fencer 159KB
OK 8689 Girl with Blonde Hair 86KB
OK 8690 Nordic summer's evening 96KB
OK 8691 After the sitting 109KB
OK 8692 The artist Eva Bonnier 105KB
OK 8693 The Knight and the Maiden 148KB
OK 8694 Portrait of my wife 74KB
OK 8695 Will He Round the Point? 120KB
OK 8696 Christmas Day 1900 71KB
OK 8697 The Drowned Fisherman 64KB
OK 8698 A Baptism 82KB
OK 8699 Pasteur's portrait by Edel 154KB
OK 8700 The Luxembourg Gardens, Pa 117KB
OK 8701 Queen Blanche 77KB
OK 8702 Burnt Village 145KB
OK 8703 Conveying the Child's Coff 57KB
OK 8704 Duke Karl Insulting the Co 102KB
OK 8705 Frost 214KB
成功 76 失败 0 []
