OK 8706 Peasant Coffin 85KB
OK 8707 Jewish woman with lemons 62KB
OK 8708 Jewish woman selling fruit 54KB
OK 8709 Piaskarze 197KB
OK 8710 The Bowman and The Spearma 82KB
OK 8711 Well of Life 99KB
OK 8712 Statue of Svetozar Miletić 18KB
OK 8713 St. Jerome the Priest 197KB
OK 8714 statue of Martin Kukučín 211KB
OK 8715 Grgur Ninski statue in Spl 169KB
OK 8716 Flower Gardens 169KB
OK 8717 Joyful Baśka 119KB
OK 8718 Portrait of a Girl – Zofia 188KB
OK 8719 Lisowczyk by Juliusz Kossa 70KB
OK 8720 Girls Spinning at the Gate 211KB
OK 8721 Jew with Goose - a Romania 38KB
OK 8722 The Balloon 151KB
OK 8723 Reclining nude (Une fleur) 87KB
OK 8724 在普斯科夫的巴托里 163KB
OK 8725 Poland – The Year 1863 72KB
OK 8726 Battle of Raclawice 125KB
FAIL 8727 Rzeczpospolita Babińska
FAIL 8728 Night Travellers at a Cros
OK 8729 Portrait of the artist and 160KB
OK 8730 Motherhood 123KB
FAIL 8731 Willows at Chiajna
OK 8732 Berezina 18KB
FAIL 8733 Battle of the Pyramids
FAIL 8734 Charge of the Spanish batt
FAIL 8735 Portrait of the artist's w
FAIL 8736 Gossamer
FAIL 8737 Storks
FAIL 8738 Cranes
OK 8739 Summer Evening 44KB
OK 8740 An Idyll 94KB
OK 8741 Partridges 37KB
OK 8742 Battle of Chocim 103KB
OK 8743 Czarniecki at Kolding 77KB
OK 8744 A game of croquet. 143KB
OK 8745 Pilgrimage to the Cedars o 213KB
OK 8746 The Lonely Cedar 129KB
OK 8747 Mysterious Island 171KB
OK 8748 The Battle With Torches 35KB
OK 8749 Japanese Woman 60KB
OK 8750 Médée 72KB
OK 8751 Insurgent patrol 82KB
成功 37 失败 9 [8727, 8728, 8731, 8733, 8734, 8735, 8736, 8737, 8738]
