OK 8752 The Wrestlers 61KB
OK 8753 Cliff Dwellers 342KB
OK 8754 Dempsey and Firpo 145KB
OK 8755 Stag at Sharkey's 82KB
OK 8756 The Barricade 83KB
OK 8757 Both Members of This Club 61KB
OK 8758 Men of the Docks 152KB
OK 8759 A Ride for Liberty 32KB
OK 8760 The Girl I Left Behind Me 145KB
OK 8761 The Cranberry Harvest, Isl 121KB
OK 8762 May Night 120KB
OK 8763 The Cornish Hills 228KB
OK 8764 Sunlight 135KB
OK 8765 Arcadia 89KB
OK 8766 The Agnew Clinic 83KB
OK 8767 单人双桨冠军（马克斯·施密特 在单人双桨小艇中） 90KB
OK 8768 Wrestlers 96KB
OK 8769 Portrait of Professor Benj 45KB
OK 8770 Miss Amelia Van Buren 94KB
OK 8771 The Grand Canyon of the Ye 97KB
OK 8772 The Grand Canyon of the Ye 161KB
OK 8773 The Ice Cutters 101KB
OK 8774 The Red Bridge 139KB
OK 8775 Arch of Titus 53KB
OK 8776 Cliff Rock--Appledore 255KB
OK 8777 Spring Morning in the Hear 214KB
OK 8778 Winter in Union Square 278KB
OK 8779 Surf, Isles of Shoals 306KB
OK 8780 Spring on West 78th Street 104KB
OK 8781 A Gorge in the Mountains ( 80KB
OK 8782 Wilderness 62KB
OK 8783 The Fog Warning 104KB
OK 8784 The Gulf Stream 144KB
OK 8785 Fox Hunt 41KB
OK 8786 A Basket of Clams 175KB
OK 8787 The Cotton Pickers 143KB
OK 8788 Dressing for the Carnival 126KB
OK 8789 Preparing for the Matinee 55KB
OK 8790 Red Kimono on the Roof 130KB
OK 8791 Landscape, Branchville 47KB
OK 8792 Lake George 76KB
OK 8793 Niagara Falls and the Rapi 121KB
OK 8794 Snow in New York 168KB
OK 8795 The Masquerade Dress 42KB
OK 8796 Kindred Spirits 164KB
OK 8797 The Catskills 97KB
OK 8798 The Beeches 215KB
OK 8799 暴风雨来临 60KB
OK 8800 Giant Magnolias on a Blue  47KB
OK 8801 Cattleya Orchid and Three  117KB
OK 8802 Sunlight and Shadow: The N 84KB
OK 8803 Lake George 83KB
成功 52 失败 0 []
