OK 8804 沙科佩 155KB
OK 8805 Fur Traders Descending the 64KB
OK 8806 John Quincy Adams 49KB
OK 8807 Westward the Course of Emp 160KB
OK 8808 Christopher Columbus Befor 120KB
OK 8809 Columbus Before the Queen 187KB
OK 8810 The Courtship of Anne Bole 81KB
OK 8811 The Storming of Teocalli b 142KB
OK 8812 Twilight Confidences 42KB
OK 8813 Cider Making 102KB
OK 8814 The Power of Music 98KB
OK 8815 Aurora Borealis 45KB
OK 8816 Niagara 48KB
OK 8817 Niagara Falls, from the Am 22KB
OK 8818 Twilight in the Wilderness 52KB
OK 8819 El Khasne, Petra 45KB
OK 8820 El Rio de Luz 124KB
OK 8821 The Advance-Guard, or The  87KB
OK 8822 The Rattlesnake 74KB
OK 8823 A Dash for the Timber 100KB
OK 8824 Autumn - On the Hudson Riv 160KB
OK 8825 Greenwood Lake 196KB
OK 8826 Starrucca Viaduct, Pennsyl 182KB
OK 8827 Catskill Mountain House 100KB
OK 8828 High Torne Mountain, Rockl 40KB
OK 8829 The Spirit of Peace 29KB
OK 8830 The Artist in His Museum 24KB
OK 8831 George Washington at Princ 44KB
OK 8832 Washington in the Uniform  76KB
OK 8833 Portrait of Yarrow Mamout  140KB
OK 8834 On the Cache la Poudre Riv 94KB
OK 8835 In the Library 45KB
OK 8836 無頭騎士追逐伊卡鮑德·克萊恩 222KB
OK 8837 Snowy Owl 35KB
OK 8838 The Defeat of the Floating 109KB
OK 8839 Hugh Montgomerie, 12th Ear 54KB
OK 8840 The Falls of St. Anthony 153KB
OK 8841 Still Life with Cake 82KB
成功 38 失败 0 []
