OK 8842 Jacob receives Joseph's bl 24KB
OK 8843 Portrait of the architect  16KB
OK 8844 独立或死亡 120KB
OK 8845 The Battle of Avaí 108KB
OK 8846 Tiradentes Quartered 94KB
OK 8847 The Liberation of Slaves 199KB
OK 8848 Passagem do Chaco 266KB
OK 8849 Battle of Campo Grande 34KB
OK 8850 América Invertida 42KB
OK 8851 Coffee Agricultural Worker 62KB
OK 8852 No bread, no work 42KB
OK 8853 Youth 139KB
OK 8854 Moça no trigal 98KB
OK 8855 Moema 23KB
OK 8856 The First Mass in Brazil 178KB
OK 8857 Guararapes Battle 63KB
OK 8858 Naval Battle of Riachuelo 71KB
OK 8859 Saint John the Baptist in  75KB
OK 8860 Passagem de Humaitá 90KB
OK 8861 General José Gervasio Arti 212KB
OK 8862 The offering 263KB
OK 8863 Alegoría del trabajo y Ale 73KB
OK 8864 Tehuana 98KB
OK 8865 La perla del mercader 100KB
OK 8866 Monção departing 142KB
OK 8867 Interrupted Whetting 153KB
OK 8868 The Model's Rest 159KB
成功 27 失败 0 []
