OK 8869 Rolla 91KB
OK 8870 A Session of the Painting  62KB
OK 8871 The Birth of Venus 189KB
OK 8872 Le Talisman, l'Aven au Boi 176KB
OK 8873 Two Breton Women under an  255KB
OK 8874 La Lutte bretonne 92KB
OK 8875 La Barrière fleurie, Le Po 80KB
OK 8876 Les trois fileuses 130KB
OK 8877 Spleen et Idéal 127KB
OK 8878 The Lovers (Autumn Evening 135KB
OK 8879 All Saints' Day 95KB
OK 8880 Cast Shadows 44KB
OK 8881 Young girl from Nancy in a 107KB
OK 8882 Wrestling 117KB
OK 8883 The Small Boat 82KB
OK 8884 Breton Women at a Wall 88KB
OK 8885 Bathers with Red Cow 65KB
OK 8886 Breton Women with umbrella 188KB
OK 8887 Madeleine in the Bois d'Am 246KB
OK 8888 Moisson au bord de la mer 166KB
OK 8889 House at the bottom of a p 63KB
OK 8890 Petit village au pied de l 73KB
OK 8891 Diogenes 175KB
OK 8892 Portrait of Sarah Bernhard 170KB
OK 8893 The Pardon of Kergoat 133KB
OK 8894 The Gleaners 139KB
OK 8895 Tournée du Chat noir 64KB
OK 8896 Soldats sénégalais au camp 218KB
OK 8897 Misia à sa coiffeuse 106KB
OK 8898 The Ball 165KB
OK 8899 La Visite 58KB
OK 8900 Andromède debout et Persée 115KB
OK 8901 The Night 94KB
OK 8902 The War 162KB
OK 8903 The Plague 144KB
OK 8904 The Sanctuary of Hercules 136KB
OK 8905 Roger freeing Angelica 178KB
OK 8906 Spring Evening 92KB
OK 8907 Playing in the Waves 99KB
成功 39 失败 0 []
