OK 8908 Efterårsmorgen ved Sorteda 244KB
OK 8909 A View of Lake Sortedam fr 97KB
OK 8910 View of a Street in Østerb 105KB
OK 8911 Portrait of landscape pain 181KB
OK 8912 Prometheus' Liberation 93KB
OK 8913 Samson and the Philistines 70KB
OK 8914 Christian II i fængslet på 107KB
OK 8915 Newspaper Reader in the Ga 92KB
OK 8916 The Cactus Lover 109KB
OK 8917 Dust Motes Dancing in Sunb 36KB
OK 8918 Amalienborg Square, Copenh 96KB
OK 8919 Ida Reading a Letter 29KB
OK 8920 Interior with an Easel, Br 119KB
OK 8921 Interior with Young Woman  85KB
OK 8922 Familien Waagepetersen 85KB
OK 8923 Three Women in Church 81KB
OK 8924 October Festival evening o 83KB
OK 8925 Italian Osteria Scene, Gir 88KB
OK 8926 Christian IV on the ship T 178KB
OK 8927 Church-Goers Arriving by B 99KB
OK 8928 Portrait of Otto Marstrand 88KB
OK 8929 Battle of the Amazons 105KB
OK 8930 Medea 54KB
OK 8931 Ricordo di Tivoli 96KB
OK 8932 The Death of Pietro Aretin 149KB
OK 8933 A Group of Danish Artists  98KB
OK 8934 The Danish Constituent Ass 59KB
OK 8935 Portrait of a Little Girl, 38KB
OK 8936 Lucifer 138KB
OK 8937 Tilla Durieux as Circe 156KB
OK 8938 Wounded Amazon 193KB
OK 8939 The Rowers 149KB
OK 8940 Black Othello 131KB
OK 8941 Self portrait with his wif 230KB
OK 8942 Young woman with cats 165KB
OK 8943 Susanna in the Bath 157KB
OK 8944 The Red Christ 128KB
OK 8945 Innocentia 126KB
OK 8946 A burial mound from ancien 113KB
OK 8947 A Danish Coast. View from  99KB
OK 8948 Garden in Kissingen 113KB
OK 8949 The Berlin-Potsdam Railway 268KB
OK 8950 Laying out the March Dead 269KB
OK 8951 The Foot of the Artist 64KB
OK 8952 Fredrick II at the Battle  51KB
OK 8953 Busto de Richard Wagner 81KB
OK 8954 Paraphrase on the Finding  223KB
OK 8955 The Judgementof Paris 101KB
OK 8956 The Prime of Greece 106KB
OK 8957 Elsa Asenijeff bust 63KB
OK 8958 Free Period in the Amsterd 104KB
OK 8959 Women Plucking Geese 135KB
OK 8960 The Garden of the Amsterda 94KB
OK 8961 The Twelve-Year-Old Jesus  186KB
OK 8962 The Bleaching Ground 149KB
OK 8963 Samson and Delilah 78KB
OK 8964 The Prison of Copenhagen 160KB
OK 8965 Men of Skagen on a Summer  25KB
成功 58 失败 0 []
