OK 8966 Youth Mourning 189KB
OK 8967 发现溺水 35KB
OK 8968 无所不在 (沃茨) 108KB
OK 8969 体能 (雕塑) 306KB
OK 8970 The Wounded Heron 53KB
OK 8971 玛门 (沃茨) 80KB
OK 8972 Statue of Henry Vassall-Fo 144KB
OK 8973 The Death of Chatterton 99KB
OK 8974 The Stonebreaker 66KB
OK 8975 August Blue 100KB
OK 8976 Ruby, Gold and Malachite 100KB
OK 8977 All Hands to the Pumps 161KB
OK 8978 Gleaming waters 51KB
OK 8979 The Love Potion 131KB
OK 8980 Flora 115KB
OK 8981 Aurora Triumphans 142KB
OK 8982 Helen of Troy 84KB
OK 8983 Night and Sleep 68KB
OK 8984 The Gilded Cage 22KB
OK 8985 King George V (1865-1936) 70KB
OK 8986 凡爾賽鏡廳的和平簽署 360KB
OK 8987 獻給在法國的無名英國士兵 94KB
OK 8988 奧賽碼頭的和平會議 154KB
OK 8989 Zonnebeke 226KB
OK 8990 Lieut A. P. F. Rhys Davids 52KB
OK 8991 Dead Germans in a Trench 254KB
OK 8992 Pegwell Bay, Kent – a Reco 141KB
OK 8993 A Converted British Family 244KB
OK 8994 Valentine Rescuing Sylvia  290KB
OK 8995 Claudio and Isabella 122KB
OK 8996 The Lady of Shalott 181KB
OK 8997 A Private View at the Roya 128KB
OK 8998 The Crossing Sweeper 107KB
OK 8999 Pope Makes Love To Lady Ma 92KB
OK 9000 At the Opera 49KB
OK 9001 The Derby Day 116KB
OK 9002 The Marriage of the Prince 186KB
OK 9003 珀耳修斯与安德洛墨达 67KB
OK 9004 契马布埃的圣母像巡游佛罗伦萨街头 109KB
OK 9005 被抓走的安德洛玛刻 108KB
OK 9006 画家的蜜月 89KB
OK 9007 渔夫与塞壬 78KB
OK 9008 Lachrymae 17KB
OK 9009 康沃爾海灘上的魚類拍賣 127KB
OK 9010 Jack the Ripper's Bedroom 118KB
OK 9011 Ennui 56KB
OK 9012 Brighton Pierrots 205KB
OK 9013 Little Dot Hetherington at 67KB
OK 9014 Andromeda 132KB
OK 9015 The Visit of the Queen of  228KB
OK 9016 The Cave of the Storm Nymp 180KB
OK 9017 Faithful Unto Death 113KB
OK 9018 The Fairy Feller's Master- 296KB
OK 9019 Contradiction: Oberon and  172KB
OK 9020 The Mother of Sisera 156KB
成功 55 失败 0 []
