OK 9021 Girl in a White Kimono 244KB
OK 9022 Panorama Mesdag 57KB
OK 9023 The Singel Bridge at the P 167KB
OK 9024 The Damrak, Amsterdam 136KB
OK 9025 The Earring 105KB
OK 9026 Three women in the snow 157KB
FAIL 9027 Charles in a Striped Jerse
OK 9028 The Spaniard in Paris 94KB
OK 9029 Panorama Mesdag 57KB
OK 9030 Donkeyrides on the Beach 180KB
OK 9031 Two girls in the snow 85KB
OK 9032 Portrait of a Wounded KNIL 85KB
OK 9033 Shop Window 213KB
OK 9034 Portrait of Jacqueline San 73KB
OK 9035 Two models, Epi and Gertie 51KB
OK 9036 The blind man 27KB
OK 9037 Adrienne 185KB
OK 9038 Gaston and his Sister 96KB
OK 9039 Two Springs 44KB
OK 9040 Azure 122KB
OK 9041 The Sleepers 249KB
OK 9042 Summer 166KB
OK 9043 The Picnic 204KB
OK 9044 The Beet Harvest 149KB
OK 9045 Morning Ride on the Beach 97KB
OK 9046 Portrait of Ariëtte (Jet)  223KB
OK 9047 New York City 60KB
OK 9048 New York City I 48KB
OK 9049 The Red Mill 31KB
OK 9050 Lady in white 100KB
OK 9051 Broek in Waterland 357KB
FAIL 9052 The Three Brides
OK 9053 Card Players 118KB
OK 9054 Passing Mother's Grave 29KB
OK 9055 Children of the Sea 58KB
OK 9056 A Jewish Wedding 176KB
OK 9057 As one gets old 66KB
FAIL 9058 Fishermen Carrying a Drown
OK 9059 Self-portrait with a Blue  45KB
OK 9060 The Absinth Drinker 70KB
OK 9061 Portrait of Marguerite van 54KB
OK 9062 Portrait of Irma Sèthe 183KB
OK 9063 A reading by Emile Verhaer 174KB
OK 9064 Maria Sèthe 159KB
OK 9065 Sailing boats and estuary 264KB
OK 9066 Lady in white (Mrs. Théo V 433KB
OK 9067 The Intrigue (Ensor) 183KB
OK 9068 Skeletons fighting over a  229KB
OK 9069 The Oyster Eater 100KB
OK 9070 Death and the Masks 253KB
OK 9071 The Rooftops of Ostend 83KB
OK 9072 Man of Sorrows 206KB
OK 9073 Jeanne Kéfer 77KB
OK 9074 The Sphinx, or, The Caress 49KB
OK 9075 I lock my door upon myself 41KB
OK 9076 Portrait of Marguerite Khn 28KB
FAIL 9077 Memories
OK 9078 Hortensia 94KB
OK 9079 The Ironer 218KB
OK 9080 The Mad Maiden 234KB
OK 9081 Huiselijke zorgen 126KB
OK 9082 Self-Portrait in a Black E 121KB
OK 9083 Seated Woman at the Window 156KB
OK 9084 Fishing boat 88KB
FAIL 9085 Allotments near The Hague
OK 9086 A Fairytale 147KB
成功 61 失败 5 [9027, 9052, 9058, 9077, 9085]
