OK 9087 The Kongouro from New Holl 120KB
OK 9088 A Lion Attacking a Horse 44KB
OK 9089 Mares and Foals in a River 101KB
OK 9090 Haymakers 64KB
OK 9091 The Prince of Wales's Phae 141KB
OK 9092 Portrait of a Large Dog 32KB
OK 9093 Monarch of the Glen 58KB
OK 9094 A Distinguished Member of  86KB
OK 9095 Scene from A Midsummer Nig 67KB
OK 9096 Doubtful Crumbs 48KB
OK 9097 The Arab Tent 80KB
OK 9098 Laying Down the Law 26KB
OK 9099 The Travelling Companions 115KB
OK 9100 Portrait of Winckelmann 88KB
OK 9101 Venus Induces Helen to Fal 135KB
OK 9102 Hector Calling Up Paris to 131KB
OK 9103 Parting of Abelard and Hel 42KB
OK 9104 Jupiter and Callisto 40KB
OK 9105 伊丽莎白·法伦（生于约1759年，卒于1829年）， 56KB
OK 9106 Julia, Lady Peel 134KB
OK 9107 Lady Maria Conyngham (died 86KB
OK 9108 Queen Charlotte 55KB
OK 9109 Pinkie 45KB
OK 9110 Portrait of Pope Pius VII 51KB
OK 9111 Dulcinea del Toboso 46KB
OK 9112 François Ier, Charles Quin 152KB
OK 9113 The Pont des Arts, Paris 115KB
OK 9114 The Outcast 35KB
OK 9115 The Governess 21KB
OK 9116 Two Girls Dressing a Kitte 107KB
OK 9117 燭光下觀看角鬥士的三個人 84KB
OK 9118 Charles Townley in his Scu 150KB
OK 9119 The Death of Captain James 93KB
OK 9120 Colonel Mordaunt's Cock Ma 103KB
OK 9121 波旁家族的唐·斐迪南多肖像畫 78KB
OK 9122 A Florentine Fruit Stall 73KB
OK 9123 The Bradshaw Family 86KB
OK 9124 The Last Day in the Old Ho 91KB
OK 9125 Coalbrookdale by Night 125KB
OK 9126 Lord Howe's action, or the 106KB
OK 9127 The Battle of the Nile 33KB
OK 9128 The Destruction of Pharaoh 82KB
OK 9129 The landing of British tro 49KB
OK 9130 Landscape with Animals 119KB
OK 9131 The Plumb-pudding in dange 273KB
成功 45 失败 0 []
