OK 9215 The Mermaids 109KB
OK 9216 Beekeeper 224KB
OK 9217 Inconsolable Grief 46KB
OK 9218 Forester 81KB
OK 9219 Moonlight night 61KB
OK 9220 Meditator 148KB
OK 9221 Saint Nicholas of Myra sav 81KB
OK 9222 Slavic composers 53KB
OK 9223 Duel 57KB
OK 9224 Grand Duchess Sofia at the 87KB
OK 9225 Portrait of M. P. Musorgsk 42KB
OK 9226 Golden Autumn 222KB
OK 9227 Lake. Russia 184KB
OK 9228 Over Eternal Quiet 103KB
OK 9229 Spring. High water 100KB
OK 9230 Sokolniki. Autumn 258KB
OK 9231 伏尔加河上的清风 65KB
OK 9232 The Knife Grinder 164KB
OK 9233 Four squares 17KB
OK 9234 An Englishman in Moscow 73KB
FAIL 9235 White Cross
OK 9236 To the Field II (Marthe an 46KB
OK 9237 Green Line 123KB
OK 9238 Harvest 152KB
OK 9239 The bath-house 82KB
OK 9240 At Breakfast 90KB
OK 9241 Peter the Great Interrogat 73KB
OK 9242 "What is truth?" Christ an 153KB
OK 9243 Crucifixus (Nikolay Ge, 18 38KB
OK 9244 Golgotha 244KB
OK 9245 Crucifixion 38KB
OK 9246 The Monomachy of Mstislav  54KB
OK 9247 Overseas Guests 162KB
FAIL 9248 Paper Lanterns
OK 9249 In the boat 148KB
OK 9250 Winter 113KB
OK 9251 Hammerfest. Northern light 78KB
OK 9252 Sailor 154KB
OK 9253 Portrait of a Philosopher 180KB
OK 9254 Triplet (Troyka) 134KB
OK 9255 The Hunters at Rest 173KB
OK 9256 Portrait of Fedor Dostoyev 70KB
OK 9257 Nikita Pustosvyat. Debate  132KB
OK 9258 An Easter procession in a  132KB
OK 9259 英国人镇压印度人起义 29KB
OK 9260 A Rich Kirghiz Huntsman wi 67KB
OK 9261 Mortally wounded 196KB
OK 9262 They Attack Unaware 105KB
OK 9263 They are triumphant 211KB
OK 9264 Ida Rubinstein 60KB
FAIL 9265 Portrait of Maria Yermolov
OK 9266 Zinaida Yusupova by V.Sero 82KB
OK 9267 Princess Olga Orlova 76KB
OK 9268 Mika Morozov 100KB
OK 9269 Portrait of Count Feliks F 170KB
OK 9270 The Mother of God with the 73KB
OK 9271 The Demon Downcast 55KB
OK 9272 Pan 128KB
OK 9273 The Flying Demon 94KB
OK 9274 The Girl Against the Backg 79KB
OK 9275 Portrait of a Businessman  64KB
OK 9276 Knight at the Crossroads 93KB
OK 9277 Alyonushka 104KB
OK 9278 Ivan Tsarevich on the Grey 207KB
OK 9279 After prince Igor’s battle 127KB
OK 9280 Flying Carpet 87KB
OK 9281 Three Princesses of the Un 155KB
OK 9282 Mir iskusstva group portra 162KB
OK 9283 Moscow tavern 176KB
OK 9284 The Fair 173KB
OK 9285 The Church Parade of the F 73KB
成功 68 失败 3 [9235, 9248, 9265]
