OK 9286 Joris van Zelle 173KB
OK 9287 “神聖家族 106KB
OK 9288 Altarpiece of Saints Thoma 227KB
OK 9289 Last Judgement 152KB
OK 9290 Worship of the Golden Calf 114KB
OK 9291 The Fall of the Rebel Ange 106KB
OK 9292 帕里斯的评判 131KB
OK 9293 肉铺与圣家族的施舍 183KB
OK 9294 Butcher's Stall with the F 305KB
OK 9295 静物画 216KB
OK 9296 The Return from a Pilgrima 208KB
OK 9297 Christ in the House of Mar 140KB
OK 9298 The kitchen maid 133KB
OK 9299 Mary Magdalene 207KB
OK 9300 Diana at the Hunt - Diana  123KB
OK 9301 Country Life 275KB
OK 9302 Excursion in the Countrysi 170KB
OK 9303 The Infanta Isabel Clara E 172KB
OK 9304 Flemish Market and Washing 210KB
OK 9305 The Sense of Sight 158KB
OK 9306 The three ages and death 190KB
OK 9307 Judith with the Head of Ho 20KB
OK 9308 Death and the Woman 125KB
OK 9309 Christ in the House of Mar 174KB
OK 9310 Butcher Shop 134KB
OK 9311 Fishmonger's stall 97KB
OK 9312 The Vegetable Seller 122KB
OK 9313 Fish Market 115KB
OK 9314 Virgin and Child with Four 80KB
OK 9315 Triptych of the Sedano fam 94KB
OK 9316 Baptism of Christ 97KB
OK 9317 切爾瓦拉多聯畫 95KB
OK 9318 Rest on the Flight into Eg 146KB
OK 9319 Rest on the Flight into Eg 91KB
OK 9320 The Departure of Saint Flo 149KB
OK 9321 The Victory of Charlemagne 225KB
OK 9322 Landscape with a Footbridg 165KB
OK 9323 Portrait of a young Woman 151KB
OK 9324 Saint Sebastian altar by A 154KB
OK 9325 Adoration of the Shepherds 101KB
OK 9326 Trinity Altarpiece 126KB
OK 9327 Portrait of a Man 91KB
OK 9328 Deposition Diptych 172KB
OK 9329 St Hippolyte Triptych 98KB
OK 9330 Saint Anthony Tormented by 144KB
OK 9331 “神聖家族 115KB
OK 9332 耶稣降生 221KB
OK 9333 Retable des Dominicains 122KB
OK 9334 Orlier altar, outer wings: 122KB
OK 9335 Madonna and Child in a Win 123KB
OK 9336 Self-portrait with the Col 168KB
OK 9337 St. Luke painting the Virg 114KB
OK 9338 Man of Sorrows 137KB
OK 9339 Crucifixion 180KB
OK 9340 Adam and Eve 24KB
OK 9341 St Luke Painting the Virgi 100KB
OK 9342 Altarpiece of the Guild of 97KB
OK 9343 Saint George and the drago 138KB
成功 58 失败 0 []
