OK 9344 Cutting a Pig 49KB
OK 9345 Woman Holding a Herring 60KB
OK 9346 Woman washing textiles in  193KB
OK 9347 Dead Cockdkg 43KB
OK 9348 The Battle of Vigo Bay, Oc 59KB
OK 9349 View of Amsterdam with Shi 57KB
OK 9350 A Beach Scene with Fisherm 21KB
OK 9351 A Dessert 122KB
OK 9352 Breakfast with a Crab 144KB
OK 9353 Still life with oysters, a 76KB
OK 9354 Breakfast Table with Black 88KB
OK 9355 Still Life with a Gilt Cup 76KB
OK 9356 A Dutch Ship, a Yacht and  158KB
OK 9357 A Dutch Ship and Other Sma 95KB
OK 9358 A Calm with a States Yacht 51KB
OK 9359 A Brisk Breeze 188KB
OK 9360 A Dutch Vessel in a Strong 87KB
OK 9361 A Calm: an English Three-D 70KB
OK 9362 Still Life with a Silver J 165KB
OK 9363 Still Life with a Chinese  156KB
OK 9364 Still Life with Drinking-H 75KB
OK 9365 Abraham Dismissing Hagar a 72KB
OK 9366 Portrait of a Woman 30KB
OK 9367 Portrait of a Lady 85KB
OK 9368 Christ Blessing the Childr 18KB
OK 9369 The Idle Servant 27KB
OK 9370 Peasants with Cattle by a  68KB
OK 9371 The Painter in his Studio 52KB
OK 9372 Still Life with a Turkey P 80KB
OK 9373 Vanitas Still Life with th 90KB
OK 9374 Still Life with a Self-por 171KB
OK 9375 Vanitas Still Life 58KB
OK 9376 Still Life with a Skull an 59KB
OK 9377 静物画 112KB
OK 9378 Cardplayers in a Sunlit Ro 135KB
OK 9379 A Woman Preparing Bread an 97KB
OK 9380 Woman and a maid with a pa 130KB
OK 9381 Interior with Women beside 227KB
OK 9382 Interior of the Buurkerk i 82KB
OK 9383 Italian Landscape with a D 112KB
OK 9384 'As the Old Sing, So Pipe  112KB
OK 9385 Twelfth-Night Feast 37KB
OK 9386 The Effects of Intemperanc 19KB
OK 9387 Children Teaching a Cat to 73KB
OK 9388 The Bean Feast 126KB
OK 9389 Still Life with Flowers on 119KB
OK 9390 Roses, Convolvulus, Poppie 64KB
OK 9391 Seated Girl in Peasant Cos 82KB
OK 9392 The Ratification of the Tr 170KB
OK 9393 A Gentleman pressing a Lad 54KB
OK 9394 The Gallant Soldier 141KB
OK 9395 Girl chopping Onions 91KB
FAIL 9396 The Tooth Puller
FAIL 9397 Young Lady Playing a Clavi
OK 9398 Still Life with a Boy Blow 123KB
OK 9399 A Girl with a Bunch of Gra 77KB
OK 9400 River Landscape with Rider 63KB
OK 9401 The Maas at Dordrecht 88KB
OK 9402 Piping Shepherds 161KB
OK 9403 The Valkhof at Nijmegen 64KB
OK 9404 Cows in a River 93KB
OK 9405 Equestrian Portrait of Cor 97KB
OK 9406 The Fish Market 134KB
OK 9407 Customers Conversing in a  89KB
OK 9408 Barber extracting a tooth 92KB
OK 9409 The Fiddler 176KB
OK 9410 The Smokers by Adriaen Bro 105KB
OK 9411 The Bitter Draught 71KB
OK 9412 Poor Folk Drinking in a Ta 107KB
OK 9413 Peasant Brawl 130KB
OK 9414 Interior of an inn with an 41KB
OK 9415 A Waterfall in a Rocky Lan 125KB
OK 9416 A Landscape with a Ruined  83KB
OK 9417 The Thicket near Haarlem 109KB
OK 9418 View on the Amstel from Am 103KB
OK 9419 The watermill 83KB
成功 74 失败 2 [9396, 9397]
