OK 9420 The Victim of the Fiesta 163KB
OK 9421 Corrida de toros en Eibar 179KB
OK 9422 La Oterito in her dressing 82KB
OK 9423 Dwarf Gregorio 94KB
OK 9424 Self portrait with blue ba 14KB
OK 9425 The Witches of San Millán 28KB
OK 9426 Penitent Mary Magdalene 60KB
OK 9427 Saint Vincent Panels 75KB
OK 9428 Portrait of Princess Saint 23KB
OK 9429 Saint Paul 63KB
OK 9430 Saint Francis 94KB
OK 9431 Saint Vincent Tied to a Co 38KB
OK 9432 Saint Vincent Panels, four 122KB
OK 9433 兒童在沙灘上 87KB
OK 9434 Clotilde seated on the Sof 98KB
OK 9435 Joaquín Sorolla García dre 50KB
OK 9436 The Forest. La Granja 221KB
OK 9437 Sad Inheritance 115KB
OK 9438 Señora de Sorolla (Clotild 113KB
OK 9439 Retrato de María Riquelme 35KB
OK 9440 The kitchens of the Moulin 224KB
OK 9441 A Romance 122KB
FAIL 9442 Soup of the poors  in Arro
OK 9443 The Adoration of the Magi 81KB
OK 9444 Saint Francis embracing Ch 44KB
OK 9445 Saint Francis of Assisi Em 64KB
OK 9446 The Corpus Christi Process 167KB
OK 9447 Bal du Moulin de la Galett 80KB
OK 9448 Moulin de la Galette Inter 269KB
OK 9449 Portrait of Elisa Casas 23KB
OK 9450 Flors desfullades 147KB
OK 9451 Cristo Yacente of El Pardo 71KB
OK 9452 Pieda 73KB
OK 9453 Christ at the Column 154KB
OK 9454 Retablo mayor del Convento 224KB
OK 9455 Topos V 102KB
OK 9456 Buscando la Luz II 71KB
OK 9457 La Sirena varada 118KB
OK 9458 Elogio del agua 184KB
OK 9459 Berlin 104KB
OK 9460 Monument to tolerance 47KB
OK 9461 Isaac and Jacob 53KB
OK 9462 靜物 144KB
OK 9463 Quince, Cabbage, Melon, an 81KB
OK 9464 Still Life with Game Fowl 103KB
OK 9465 Jesús de la Pasión 110KB
OK 9466 La Fuensanta 32KB
OK 9467 Venus of Poetry 75KB
OK 9468 La chiquita piconera 54KB
OK 9469 Poema de Córdoba 28KB
OK 9470 The grace 135KB
OK 9471 The Sin 79KB
OK 9472 Still Life with Sweets 66KB
OK 9473 The Penitent Magdalene Com 116KB
OK 9474 Adoration of the Shepherds 186KB
OK 9475 Pascal Lamb 60KB
OK 9476 Saint Joseph and the Child 86KB
OK 9477 Lactation of St. Bernard 119KB
OK 9478 聖母子 35KB
OK 9479 The Miracle at the Well 131KB
OK 9480 Saint Francis Borgia 28KB
OK 9481 Saint Bernard and the Virg 101KB
OK 9482 Saint Agnes 218KB
OK 9483 Monument to King Alfonso X 147KB
OK 9484 Don Álvaro de Bazán 109KB
OK 9485 Monument to General Arseni 132KB
OK 9486 Monument to Maria Christin 123KB
OK 9487 Monument to Castelar (Madr 243KB
OK 9488 Monument to Primo de River 91KB
成功 68 失败 1 [9442]
