OK 9489 Abundance 131KB
OK 9490 Bassin des yachts à Sainte 161KB
OK 9491 Femme à la chaise longue 135KB
OK 9492 Maison, La Ciotat 182KB
OK 9493 Autumn Work 175KB
OK 9494 Le Havre, Bassin du Roy 101KB
OK 9495 Le Vieux Bassin du Havre,  61KB
OK 9496 Mountains at Collioure 297KB
OK 9497 Woman in a Chemise 107KB
OK 9498 The Golden Age 202KB
OK 9499 Big Ben 194KB
OK 9500 Portrait of Madame Guillau 104KB
OK 9501 The Pool of London 122KB
OK 9502 Animal Trainer 38KB
OK 9503 The Spanish Night 86KB
OK 9504 The Procession, Seville 112KB
OK 9505 L'Œil cacodylate 142KB
OK 9506 Udnie 123KB
OK 9507 Caoutchouc 57KB
OK 9508 Les Alliés 121KB
OK 9509 电气精灵 124KB
OK 9510 Trees in L'Estaque 114KB
OK 9511 Nu rose 108KB
OK 9512 Allée des Acacias in the B 89KB
OK 9513 Artillery 117KB
OK 9514 Joan of Arc 49KB
OK 9515 The Bathers 114KB
OK 9516 Cuirassier 85KB
OK 9517 Rhythms 96KB
OK 9518 Champs de Mars, the Red To 147KB
OK 9519 Still Life with a Parrot 118KB
OK 9520 Portuguese Woman 316KB
OK 9521 Portrait of Tristan Tzara 103KB
OK 9522 Rythme n°1, décoration pou 102KB
OK 9523 The Bottle of Anís del Mon 171KB
OK 9524 Portrait of Pablo Picasso 171KB
OK 9525 Le Canigou 78KB
OK 9526 Violin and Playing Cards o 114KB
OK 9527 Still Life with a Guitar 131KB
OK 9528 Harlequin with a Guitar 82KB
OK 9529 The bathers 293KB
OK 9530 Black Venus 161KB
OK 9531 L'Oiseau bleu 64KB
OK 9532 The City 152KB
OK 9533 Still Life with Candlestic 76KB
OK 9534 The Tug 67KB
OK 9535 The Houses in the Trees. L 116KB
OK 9536 The Bathers 57KB
OK 9537 Woman with Phlox 103KB
OK 9538 Man on a Balcony 58KB
OK 9539 Woman with animals 95KB
FAIL 9540 Portrait of an Army Doctor
OK 9541 Football Players 63KB
OK 9542 Sergeant of the Colonial R 50KB
OK 9543 The Artist's Mother 72KB
OK 9544 Nu en contre-jour 73KB
OK 9545 L'Atelier à Marseille 75KB
OK 9546 The Two Friends 157KB
OK 9547 Hondarribia, grey weather 96KB
OK 9548 Le Cheval by Raymond Ducha 92KB
OK 9549 The Large Horse 56KB
成功 60 失败 1 [9540]
