清理错位图 9550
OK 9550 仙山樓閣 127KB
清理错位图 9551
OK 9551 Saying Farewell at Xunyang 19KB
OK 9552 Lady preparing for a journ 4KB
清理错位图 9553
OK 9553 Zhao Mengfu Writing the He 20KB
清理错位图 9554
OK 9554 Garden for Solitary Enjoym 3KB
清理错位图 9555
OK 9555 Landscape with Pavilion an 46KB
清理错位图 9556
OK 9556 Mandarin Ducks and Lotus 31KB
清理错位图 9557
OK 9557 Mynah and Bamboo 18KB
清理错位图 9558
OK 9558 The Five Virtues 94KB
清理错位图 9559
OK 9559 Paradise Flycatchers and W 46KB
OK 9560 Birds on Red Plum 41KB
清理错位图 9561
OK 9561 Two Birds Perched on a Flo 254KB
清理错位图 9562
OK 9562 荷凫图 38KB
清理错位图 9563
OK 9563 twelve egrets in marsh gra 42KB
清理错位图 9564
OK 9564 Cedar Tree, Day Lily, and  62KB
清理错位图 9565
OK 9565 Lotus and Waterfowl 37KB
清理错位图 9566
OK 9566 Fish and Rocks 18KB
OK 9567 Landscape after Guo Zhongs 54KB
清理错位图 9568
OK 9568 Album of Landscape Paintin 86KB
OK 9569 Album of Landscape Paintin 86KB
OK 9570 Album of Landscape Paintin 66KB
清理错位图 9571
OK 9571 Album of Landscape Paintin 83KB
OK 9572 Album of Landscape Paintin 64KB
清理错位图 9573
OK 9573 Album of Landscape Paintin 165KB
清理错位图 9574
OK 9574 Chrysanthemums 30KB
清理错位图 9575
OK 9575 Plums and Daffodils (Meihu 35KB
清理错位图 9576
OK 9576 Bamboo and Rock after Zhen 30KB
清理错位图 9577
OK 9577 吴昌硕玉兰轴 26KB
清理错位图 9578
OK 9578 吴昌硕花卉蔬果卷 10KB
OK 9579 吴昌硕雁来红轴 47KB
清理错位图 9580
OK 9580 Drinking at Night 88KB
OK 9581 Tea Drinking Under the Wut 47KB
清理错位图 9582
OK 9582 The Gathering at the Orchi 93KB
清理错位图 9583
OK 9583 Mount Hua 65KB
清理错位图 9584
OK 9584 A Beautiful Woman 110KB
清理错位图 9585
OK 9585 Landscapes 64KB
清理错位图 9586
OK 9586 徐悲鸿虎图轴 31KB
清理错位图 9587
OK 9587 男人体正侧面速写 156KB
清理错位图 9588
OK 9588 Portrait-of Sun Duoci (191 70KB
清理错位图 9589
OK 9589 The Buffalo Demon and the  122KB
清理错位图 9590
OK 9590 现 徐悲鸿 画康有为夫人像 73KB
清理错位图 9591
OK 9591 Sixteen Flowers 71KB
清理错位图 9592
OK 9592 徐渭四时花卉图卷 6KB
清理错位图 9593
OK 9593 徐渭梅花蕉叶图轴 17KB
OK 9594 徐渭墨花卷 5KB
清理错位图 9595
OK 9595 徐渭黄甲图轴 21KB
清理错位图 9596
OK 9596 徐渭墨花九段图卷 14KB
OK 9597 恽寿平山水花卉册 32KB
清理错位图 9598
OK 9598 恽寿平山水花卉册 35KB
清理错位图 9599
OK 9599 恽寿平山水花卉册 27KB
清理错位图 9600
OK 9600 恽寿平山水花卉册 28KB
清理错位图 9601
OK 9601 恽寿平山水花卉册 28KB
清理错位图 9602
OK 9602 清惲壽平王翬花卉山水合冊　冊　牡丹 87KB
清理错位图 9603
OK 9603 文徵明山水册 44KB
OK 9604 文徵明山水册 35KB
清理错位图 9605
OK 9605 文徵明山水册 57KB
清理错位图 9606
OK 9606 文徵明山水册 47KB
清理错位图 9607
OK 9607 文徵明山水册 40KB
清理错位图 9608
OK 9608 文徵明山水册 55KB
清理错位图 9609
OK 9609 Distant View of Tiger Hill 125KB
清理错位图 9610
OK 9610 Tiger-Flight Spring at the 167KB
清理错位图 9611
OK 9611 Bamboo Pavilion, Tiger Hil 168KB
清理错位图 9612
OK 9612 Cloud-Climbing Pavilion, f 124KB
清理错位图 9613
OK 9613 The Fool's Spring, from Tw 144KB
清理错位图 9614
OK 9614 The Pine Retreat, from Twe 152KB
清理错位图 9615
OK 9615 现 潘天寿 烟雨两部图轴 47KB
OK 9616 王原祁草堂十志图册 90KB
清理错位图 9617
OK 9617 王原祁草堂十志图册 143KB
清理错位图 9618
OK 9618 王原祁草堂十志图册 61KB
清理错位图 9619
OK 9619 王原祁草堂十志图册 58KB
清理错位图 9620
OK 9620 王原祁草堂十志图册 112KB
清理错位图 9621
OK 9621 王原祁仿古山水册·仿董北苑山水 84KB
清理错位图 9622
OK 9622 Landscape in the style of  88KB
OK 9623 Landscape after Wang Meng 69KB
清理错位图 9624
OK 9624 Landscape after Huang Gong 67KB
清理错位图 9625
OK 9625 Landscape in the style of  102KB
清理错位图 9626
OK 9626 Landscape After Huang Kung 100KB
清理错位图 9627
OK 9627 王时敏端午图轴 32KB
OK 9628 翠嶂瑶林图 124KB
清理错位图 9629
OK 9629 秋树昏鸦图 92KB
清理错位图 9630
OK 9630 Leaf from Album of Landsca 298KB
清理错位图 9631
OK 9631 Leaf from Album of Landsca 261KB
清理错位图 9632
OK 9632 Leaf from Album of Landsca 286KB
清理错位图 9633
OK 9633 Travellers in Autumn Mount 36KB
清理错位图 9634
OK 9634 原济陶渊明诗意册 52KB
清理错位图 9635
OK 9635 原济陶渊明诗意册 53KB
清理错位图 9636
OK 9636 原济陶渊明诗意册 46KB
清理错位图 9637
OK 9637 原济陶渊明诗意册 42KB
清理错位图 9638
OK 9638 原济陶渊明诗意册 48KB
清理错位图 9639
OK 9639 原济陶渊明诗意册 41KB
清理错位图 9640
OK 9640 倣倪瓚山水圖 84KB
清理错位图 9641
OK 9641 Reminiscence of Jian River 40KB
清理错位图 9642
OK 9642 River and Mountains on a C 45KB
清理错位图 9643
OK 9643 青弁圖 57KB
清理错位图 9644
OK 9644 Autumn Mountains 62KB
清理错位图 9645
OK 9645 董其昌延陵村图轴 17KB
清理错位图 9646
OK 9646 Landscape in the Style of  49KB
清理错位图 9647
OK 9647 Autumn Landscape 42KB
清理错位图 9648
OK 9648 Landscape in the style of  27KB
清理错位图 9649
OK 9649 Zhi and Xu's Pure Conversa 61KB
清理错位图 9650
OK 9650 Clearing Autumn Mists in t 44KB
清理错位图 9651
OK 9651 Cold Mountains and Snowy P 201KB
清理错位图 9652
OK 9652 赵之谦《牡丹图》轴 100KB
清理错位图 9653
OK 9653 Peony 90KB
清理错位图 9654
OK 9654 Couplet 31KB
清理错位图 9655
OK 9655 赵之谦花卉条屏 49KB
清理错位图 9656
OK 9656 赵之谦花卉条屏 235KB
清理错位图 9657
OK 9657 赵之谦花卉条屏 34KB
清理错位图 9658
OK 9658 Bamboo and Rocks 72KB
OK 9659 Bamboo and rock 50KB
清理错位图 9660
OK 9660 Bamboo and Rock 59KB
清理错位图 9661
OK 9661 Bamboo and Poem 39KB
清理错位图 9662
OK 9662 Orchids and Bamboo 65KB
清理错位图 9663
OK 9663 Misty Bamboo on a Distant  152KB
清理错位图 9664
OK 9664 Plum Blossom and Calligrap 104KB
清理错位图 9665
OK 9665 Willow Tree and Blossoming 24KB
清理错位图 9666
OK 9666 Blossoming Prunus 188KB
清理错位图 9667
OK 9667 Grooms and Foreign Horses 107KB
清理错位图 9668
OK 9668 Ink Play 150KB
清理错位图 9669
OK 9669 Plum Blossoms 203KB
清理错位图 9670
OK 9670 Album of Flower 24KB
清理错位图 9671
OK 9671 Plum Blossoms and Narcissu 40KB
清理错位图 9672
OK 9672 Lady Xuanwen Giving Instru 47KB
清理错位图 9673
OK 9673 The Mountain of Five Catar 100KB
清理错位图 9674
OK 9674 Paintings after Ancient Ma 93KB
清理错位图 9675
OK 9675 Paintings after Ancient Ma 220KB
清理错位图 9676
OK 9676 现代 黄宾虹 山水轴层峦爆瀑 24KB
清理错位图 9677
OK 9677 齐璜画藤轴 48KB
清理错位图 9678
OK 9678 现代 齐璜黛玉葬花图轴 24KB
成功 129 失败 0 []
