OK 9596 宋夏珪溪山清遠　卷 13KB
OK 9597 宋夏圭長江萬里圖　卷 5KB
OK 9598 清明易簡圖 9KB
OK 9599 宋张择端金明池争标图页 249KB
OK 9600 宋人濠梁秋水卷 23KB
OK 9601 名畫琳瑯　冊　宋梁楷潑墨仙人 92KB
OK 9602 南宋  梁楷  八高僧故事图卷 95KB
OK 9603 Evening bell from mist-shr 16KB
OK 9604 Dragon; Tiger 19KB
OK 9605 Fishing Village at Sunset 39KB
OK 9606 Eight Views of the Xiao an 39KB
OK 9607 谿山行旅 37KB
OK 9608 五代董源夏景山口待渡图卷 20KB
OK 9609 Pigeon on a Peach Branch 231KB
OK 9610 蜡梅山禽图 136KB
OK 9611 翠竹双雀图 63KB
OK 9612 绢本着色夏景山水图 6KB
OK 9613 Grooms and Horses 73KB
OK 9614 人骑图 11KB
OK 9615 北宋 郭熙 樹色平遠圖 卷 44KB
OK 9616 幽谷图 23KB
OK 9617 王羲之观鹅图 128KB
OK 9618 Court Lady 11KB
OK 9619 宋錢選蘭亭觀鵝圖　卷 23KB
OK 9620 山徑春行 84KB
OK 9621 Landscape in Wind and Rain 12KB
成功 26 失败 0 []
