清理错位图 10466
OK 10466 東京都廳舍 198KB
清理错位图 10467
OK 10467 東京聖瑪利亞主教座堂 80KB
清理错位图 10468
OK 10468 國立代代木競技場 113KB
清理错位图 10469
OK 10469 华联银行大厦 67KB
清理错位图 10470
OK 10470 國家體育場 108KB
清理错位图 10471
OK 10471 Fira 106KB
OK 10472 費拉港酒店 101KB
OK 10473 台中大都會歌劇院 114KB
OK 10474 Torre Realia BCN 117KB
OK 10475 怡丰城 94KB
OK 10476 关西国际机场 41KB
OK 10477 龐畢度中心 112KB
OK 10478 碎片大厦 59KB
OK 10479 联合国总部大楼 149KB
OK 10480 廊香教堂 11KB
OK 10481 日本國立西洋美術館 247KB
OK 10482 特内里费礼堂 55KB
OK 10483 雅典奥林匹克体育场 151KB
OK 10484 HSB旋轉中心 115KB
OK 10485 藝術科學城 143KB
OK 10486 畢爾包機場 197KB
OK 10487 聖路易斯拱門 80KB
OK 10488 密爾沃基美術博物館 108KB
OK 10489 愛因斯坦塔 217KB
OK 10490 德国柏林邵宾纳剧院 107KB
OK 10491 哥倫布屋 146KB
OK 10492 Red Banner Textile Factory 110KB
OK 10493 De La Warr Pavilion 82KB
OK 10494 魏茨曼故居 29KB
OK 10495 卡尔广场城铁站 82KB
OK 10496 联合国总部大楼 149KB
OK 10497 普拉纳托宫 107KB
OK 10498 巴西利亞大教堂 83KB
OK 10499 科潘大厦 99KB
OK 10500 奧斯卡·尼邁耶國際文化中心 31KB
OK 10501 晨曦宮 88KB
OK 10502 托莱多艺术博物馆 144KB
OK 10503 新當代藝術博物館 104KB
OK 10504 羅浮宮朗斯分館 159KB
OK 10505 日立站 149KB
OK 10506 茨木春日丘教會 192KB
OK 10507 乌兹别克斯坦国家美术馆 161KB
OK 10508 兵庫縣立美術館 76KB
OK 10509 住吉的长屋 90KB
OK 10510 Melnikov House 122KB
OK 10511 魯薩科夫工人俱樂部 156KB
OK 10512 Novo-Ryazanskaya Street Ga 123KB
OK 10513 Bakhmetevsky Bus Depot 109KB
OK 10514 Kauchuk Factory Club 39KB
OK 10515 USSR Pavilion 191KB
OK 10516 所羅門·古根漢美術館 113KB
OK 10517 落水山莊 305KB
OK 10518 羅比之家 192KB
OK 10519 西塔里耶森 76KB
OK 10520 毕尔巴鄂古根海姆美术馆 101KB
OK 10521 跳舞的房子 123KB
OK 10522 路易威登艺术中心 174KB
OK 10523 華特·迪士尼音樂廳 51KB
OK 10524 安大略美术馆 64KB
OK 10525 沃克拉球場 109KB
OK 10526 倫敦水上運動中心 114KB
OK 10527 盖达尔阿利耶夫中心 98KB
OK 10528 国立二十一世纪艺术博物馆 22KB
OK 10529 世界貿易中心四號大樓 56KB
OK 10530 東京體育館 77KB
OK 10531 幕張展覽館 87KB
OK 10532 京都國立近代美術館 71KB
OK 10533 阿迦汗博物館 125KB
OK 10534 4 World Trade Center 77KB
OK 10535 法古斯工廠 66KB
OK 10536 包豪斯設計博物館 104KB
OK 10537 包浩斯 137KB
OK 10538 波尔图卡拉斯 126KB
OK 10539 格罗皮厄斯屋 245KB
OK 10540 Monument to the March Dead 92KB
OK 10541 聖喬治宮體育館 37KB
OK 10542 阿尔卑斯旅行社体育馆 59KB
OK 10543 洛杉磯當代藝術美術館 73KB
OK 10544 安聯大廈 117KB
OK 10545 Casa del Hombre (La Coruña 148KB
OK 10546 湖南博物院 89KB
OK 10547 巴格斯韋德教堂 126KB
OK 10548 科威特國會大廈 111KB
OK 10549 Svaneke Water Tower 58KB
OK 10550 Utzon Center 145KB
OK 10551 Can Lis 137KB
OK 10552 Paustian House 96KB
OK 10553 米約高架橋 121KB
OK 10554 德國國會大廈 108KB
OK 10555 安联竞技场 112KB
OK 10556 圖根哈特別墅 162KB
OK 10557 1929年巴塞罗那世界博览会德国馆 83KB
FAIL 10558 休士頓美術館
OK 10559 北沃巴士330號 101KB
OK 10560 路易斯·巴拉甘故居和工作室 72KB
OK 10561 Casa Gilardi 21KB
OK 10562 Prieto López House 172KB
OK 10563 國會大廈 (孟加拉國) 70KB
OK 10564 耶鲁大学英国艺术中心 144KB
OK 10565 菲利普斯埃克塞特學院圖書館 79KB
OK 10566 富兰克林·D·罗斯福四大自由公园 49KB
OK 10567 理查茲醫學研究實驗室 169KB
OK 10568 First Unitarian Church of  115KB
OK 10569 芬蘭大廈 67KB
OK 10570 维堡图书馆 185KB
OK 10571 路斯樓 141KB
OK 10572 米勒別墅 176KB
OK 10573 施泰納之家 92KB
OK 10574 Café Museum 136KB
OK 10575 Maison de Tristan Tzara 231KB
FAIL 10576 Villa Karma
OK 10577 國立競技場 193KB
OK 10578 圣但尼普莱耶尔站 72KB
OK 10579 根津美術館 93KB
OK 10580 三得利美術館 75KB
OK 10581 V&A丹地 91KB
OK 10582 高尾山口站 198KB
OK 10583 波多音樂廳 78KB
OK 10584 艺术厅 (鹿特丹) 114KB
OK 10585 車庫當代藝術博物館 89KB
OK 10586 鹿特丹大廈 190KB
OK 10587 聖彼得堡體育場 91KB
OK 10588 凡高博物馆 105KB
成功 121 失败 2 [10558, 10576]
