OK 9628 Stations of the Cross 243KB
OK 9629 Seated Woman with Bent Kne 59KB
OK 9630 Porträt mit Äpfeln: Frau d 104KB
OK 9631 Woman in Green Jacket 253KB
OK 9632 Mode: Woman with Parasol i 64KB
OK 9633 Large Bright Showcase 192KB
OK 9634 label 223KB
OK 9635 Girls under Trees 171KB
OK 9636 Half-Length Portrait of Tw 234KB
OK 9637 亚当和夏娃 285KB
OK 9638 Horses in landscape 62KB
OK 9639 Yellow Cow 69KB
OK 9640 The fate of the animals 270KB
OK 9641 The Large Blue Horses 141KB
OK 9642 Fox 169KB
OK 9643 Blue horse 88KB
OK 9644 Berlin Street Scene 202KB
OK 9645 Five Women on the Street 142KB
OK 9646 Half-Length Nude with Hat 217KB
OK 9647 Portrait of Erna Schilling 254KB
OK 9648 Street, Berlin 60KB
OK 9649 Potsdamer Platz 214KB
OK 9650 Schönberg family 59KB
OK 9651 Nude Self-Portrait with Pa 201KB
OK 9652 Semi-Nude Self-Portrait 127KB
OK 9653 Lakeside Road near Gmunden 585KB
OK 9654 The Street Enters the Hous 412KB
OK 9655 Dynamism of a Cyclist 273KB
OK 9656 Dynamism of a Soccer Playe 235KB
OK 9657 Three Women 219KB
OK 9658 美術館裡的騷動 212KB
OK 9659 Development of a Bottle in 5KB
OK 9660 Racing car 37KB
OK 9661 Abstract Head 39KB
OK 9662 Medusa 180KB
OK 9663 The Night 239KB
OK 9664 Quappi in a Pink Jumper 104KB
OK 9665 Self-Portrait in Tuxedo 24KB
OK 9666 Self-Portrait with Red Sca 188KB
OK 9667 Young Men by the Sea 107KB
OK 9668 Falling Man 42KB
成功 41 失败 0 []
