OK 9669 At 4 O'Clock in the Summer 17KB
OK 9670 Mama, Papa Is Wounded! 83KB
OK 9671 鸣啭机 211KB
OK 9672 Limits of Reason 157KB
OK 9673 Camel (in Rhythmic Landsca 24KB
OK 9674 Rotating House 154KB
OK 9675 Bauhaus Stairway 164KB
OK 9676 Concentric Group 24KB
OK 9677 Merzbau 56KB
OK 9678 The Yellow Scale 229KB
OK 9679 LIS 17KB
OK 9680 Gift 24KB
OK 9681 云牧人 169KB
OK 9682 Evocation of a Form: Human 23KB
OK 9683 Yellow-Red-Blue 83KB
OK 9684 Colorful Life 186KB
OK 9685 Tête Dada 15KB
OK 9686 How Doth the Little Crocod 242KB
OK 9687 Monument with Standing Bea 146KB
OK 9688 Jardin d'émail 59KB
OK 9689 Tour aux figures 84KB
OK 9690 Homo rodans 73KB
OK 9691 Le Grand Assistant 69KB
成功 23 失败 0 []
