OK 9692 The Experts 201KB
OK 9693 The Defeat of the Cimbri 128KB
OK 9694 Thamar 93KB
OK 9695 Salome 98KB
OK 9696 Execution without trial un 83KB
OK 9697 研究 101KB
OK 9698 Portrait de Madame Oudiné 21KB
OK 9699 Seated Young Shepherd 64KB
OK 9700 Dante in Hell 57KB
OK 9701 Pietà 128KB
OK 9702 Saint Clair healing the bl 52KB
OK 9703 Charlotte Corday 164KB
OK 9704 Jacob wrestles with the an 39KB
OK 9705 Penitent Magdalene 73KB
OK 9706 Pool Beneath Trees 115KB
OK 9707 The Harvest 113KB
OK 9708 The Romans of the Decadenc 152KB
OK 9709 La Soif de l'or 152KB
OK 9710 The Thorny Path 78KB
OK 9711 L'Enrôlement des volontair 78KB
OK 9712 Little Bather 90KB
OK 9713 Chloé 24KB
OK 9714 Mary Magdalene in a Grotto 87KB
FAIL 9715 真相
OK 9716 Lady Godiva 54KB
OK 9717 The Death of Priam 58KB
OK 9718 The Cicada 42KB
OK 9719 Cows Crossing a Ford 68KB
OK 9720 Falconry in Algeria: the k 177KB
OK 9721 A Fantasia, Algeria 109KB
OK 9722 Coup de vent dans les plai 207KB
FAIL 9723 The Forest of Fontaineblea
OK 9724 The Forest in Winter at Su 80KB
OK 9725 View on the Outskirts of G 108KB
OK 9726 Market-Place in Normandy 139KB
OK 9727 The Tepidarium 106KB
OK 9728 Venus of the sea 62KB
OK 9729 The Two Sisters 61KB
OK 9730 Aline Chassériau 66KB
OK 9731 The Caliph of Constantine 109KB
OK 9732 Andromeda chained to the R 119KB
OK 9733 A Box at the Theatre des I 126KB
OK 9734 Girl with Cherries 122KB
OK 9735 Morning Awakening 83KB
OK 9736 Children on the Sand Dunes 69KB
OK 9737 The Donkey Ride 85KB
OK 9738 Girl Arranging Her Hair 164KB
OK 9739 Young Mother Sewing 154KB
OK 9740 茶桌边的女士 167KB
OK 9741 Lilacs in a Window 260KB
OK 9742 Haymaking in the Auvergne 33KB
OK 9743 Berger des Pyrénées 119KB
OK 9744 King of the Forest 191KB
OK 9745 Weaning the Calves 139KB
OK 9746 Deer in Repose 118KB
OK 9747 The Duel 65KB
OK 9748 Victor Hugo 43KB
OK 9749 In a Park 144KB
OK 9750 Young girl in a park 165KB
OK 9751 Eugène Manet on Isle of Wi 215KB
成功 58 失败 2 [9715, 9723]
