OK 10826 Marie Antoinette and Her C 85KB
OK 10827 Marie Antoinette with a Ro 158KB
OK 10828 奥南的葬礼 82KB
OK 10829 睡眠者 (畫) 83KB
OK 10830 畫家的工作室 116KB
OK 10831 女人与鹦鹉 63KB
OK 10832 The Woman in the Waves 119KB
OK 10833 The Meeting, or Bonjour, M 123KB
OK 10834 Pool Beneath Trees 115KB
OK 10835 The Harvest 113KB
OK 10836 Spring Landscape (1862) 137KB
OK 10837 The Barges 75KB
OK 10838 Boats on the Oise 79KB
OK 10839 Landscape with a pond 121KB
OK 10840 Jean-Baptiste Belley, memb 70KB
OK 10841 Chateaubriand Meditating o 28KB
OK 10842 The Revolt of Cairo 207KB
OK 10843 Napoleon Bonaparte receivi 100KB
OK 10844 Bonaparte Visiting the Pla 99KB
OK 10845 阿爾科萊橋上的波拿巴 43KB
OK 10846 《埃劳战役》 146KB
OK 10847 The Embarkation of the Duc 81KB
OK 10848 The Embarkation for Cyther 166KB
OK 10849 Pierrot 96KB
OK 10850 Concert in the Oval Salon  200KB
OK 10851 The Seat of Justice in the 114KB
OK 10852 La Remise de l'Ordre du Sa 57KB
OK 10853 Mlle Camargo Dancing 187KB
OK 10854 The Ford 108KB
OK 10855 Grazing at the goose keepe 37KB
OK 10856 Road in the Woods 199KB
OK 10857 On the Way to the Market 140KB
OK 10858 Guardian of turkeys 121KB
OK 10859 Cattle Grazing in Touraine 50KB
OK 10860 黛安娜出浴圖 165KB
OK 10861 Brown Odalisque 181KB
OK 10862 Madame de Pompadour 126KB
OK 10863 La Naissance de Vénus 84KB
OK 10864 賽姬接受丘比特的初吻 55KB
OK 10865 Portrait of Josephine de B 97KB
OK 10866 Charles Maurice de Talleyr 40KB
OK 10867 Napoleon I as Emperor 105KB
OK 10868 Portrait of Joachim Murat 48KB
OK 10869 The Romans of the Decadenc 152KB
OK 10870 La Soif de l'or 152KB
OK 10871 The Thorny Path 78KB
OK 10872 L'Enrôlement des volontair 78KB
OK 10873 Little Bather 90KB
FAIL 10874 The Supper After the Maske
OK 10875 薩達那帕拉之死 133KB
OK 10876 The Barque of Dante 102KB
FAIL 10877 迈索隆吉翁废墟上的希腊
OK 10878 Orphan Girl at the Cemeter 173KB
OK 10879 The Forest in Winter at Su 80KB
OK 10880 The Forest of Fontaineblea 84KB
OK 10881 View on the Outskirts of G 108KB
FAIL 10882 Market-Place in Normandy
OK 10883 Les Chênes d'Apremont 129KB
OK 10884 Le Printemps 66KB
OK 10885 梅杜薩之筏 159KB
OK 10886 The 1821 Derby at Epsom 94KB
OK 10887 Portrait of a Kleptomaniac 76KB
OK 10888 L'enlèvement de Psyché 130KB
OK 10889 Portrait of Rutger Jan Sch 60KB
OK 10890 The Empress Joséphine 67KB
OK 10891 Andromache and Astyanax 76KB
OK 10892 Charles Maurice de Talleyr 40KB
OK 10893 Diana begs Jupiter not to  52KB
OK 10894 Dieppe Harbor 159KB
FAIL 10895 La Rochelle Harbour
OK 10896 View of Toulon Harbor, Por 136KB
OK 10897 View of Bayonne, from Allé 117KB
OK 10898 The City and Bay of Toulon 140KB
OK 10899 The Shipwreck 69KB
FAIL 10900 The Approaching Storm on t
FAIL 10901 Woodland Scene
FAIL 10902 Forest Scene
OK 10903 Glade in the Forest 105KB
OK 10904 Wood Scene 125KB
OK 10905 Peaceful Journey 54KB
OK 10906 Ploughing in the Nivernais 75KB
OK 10907 Haymaking in the Auvergne 33KB
OK 10908 Berger des Pyrénées 119KB
OK 10909 King of the Forest 191KB
FAIL 10910 狮子的肖像
OK 10911 Portrait of Jean-Jacques R 187KB
OK 10912 Madame de Pompadour in her 133KB
OK 10913 Jean Le Rond d'Alembert 154KB
OK 10914 Louis Duval de l'Épinoy 41KB
OK 10915 土耳其浴女 90KB
OK 10916 帝國王座上的拿破崙一世 133KB
OK 10917 Madame Moitessier 112KB
OK 10918 Portrait of Monsieur Berti 41KB
FAIL 10919 Vénus Anadyomène
OK 10920 讀書的少女 113KB
OK 10921 門閂 (弗拉戈納爾) 79KB
OK 10922 Blind Man's Bluff 248KB
OK 10923 The Ray 178KB
OK 10924 拾穗 128KB
OK 10925 晚禱 140KB
OK 10926 Death and the Woodcutter 111KB
OK 10927 Perseus with Minerva Showi 98KB
OK 10928 Portrait of Catherine I of 70KB
OK 10929 Marie Adelaide of France a 89KB
OK 10930 Head of a Young Woman 94KB
OK 10931 Marie Gabrielle Capet and  74KB
OK 10932 Elisabeth-Philippe-Marie-H 85KB
OK 10933 Portrait of a Woman 123KB
OK 10934 Portrait of Madame Charles 120KB
OK 10935 Portrait of Marie-Aurore d 115KB
OK 10936 荷拉斯兄弟之誓 101KB
OK 10937 萨宾妇女 166KB
OK 10938 書房中的拿破崙 58KB
OK 10939 被维纳斯解除武装的战神马尔斯 79KB
OK 10940 雷加米埃夫人像 103KB
成功 106 失败 9 [10874, 10877, 10882, 10895, 10900, 10901, 10902, 10910, 10919]
