OK 10941 Banquet still life 91KB
OK 10942 Still life with fish 111KB
OK 10943 Large still life with lobs 144KB
OK 10944 Still-life 159KB
OK 10945 Still Life with Seafood 102KB
OK 10946 Flower Still Life with a T 132KB
OK 10947 Interior of the Portuguese 112KB
OK 10948 Interior of a Protestant G 214KB
OK 10949 Courtyard of the Exchange  195KB
OK 10950 Interior of a Church 113KB
OK 10951 Adriana van Heusden and Da 68KB
OK 10952 尼古拉斯·杜爾博士的解剖學課 59KB
OK 10953 Danaë 217KB
OK 10954 Hagar and the Angel 64KB
OK 10955 A forest floor with a snak 171KB
OK 10956 Snakes, toads and butterfl 202KB
OK 10957 Still Life with Poppy, Ins 64KB
OK 10958 Plants and Insects 127KB
OK 10959 Serpent and Butterflies in 102KB
OK 10960 A forest floor with snakes 67KB
OK 10961 查理一世三面肖像 196KB
OK 10962 丘比特与普塞克 (范戴克) 256KB
OK 10963 查理一世与圣安托万先生 104KB
OK 10964 Vase of Flowers in a Windo 133KB
OK 10965 Bouquet of Flowers 84KB
OK 10966 A still life of flowers in 76KB
OK 10967 Flowers in a Wan-Li Vase w 70KB
OK 10968 Flowers in a Wan-Li Vase w 37KB
OK 10969 Still Life Of Four Tulips  68KB
OK 10970 Still-life with Dish of Fr 64KB
OK 10971 Flowers in a Wan-Li Vase 40KB
OK 10972 Still Life with Apple Blos 91KB
OK 10973 Flowers in a Vase with She 92KB
OK 10974 Still Life with Shells and 29KB
OK 10975 Still Life of Fruit 82KB
OK 10976 A Militiaman Holding a Ber 112KB
OK 10977 Portrait of a young man wi 99KB
OK 10978 Willem van Heythuysen posi 60KB
OK 10979 Portrait of a Couple proba 149KB
OK 10980 Interior of St. Bavochurch 33KB
OK 10981 View of the ambulatory of  82KB
OK 10982 A country home 182KB
OK 10983 Room Corner with Curiositi 146KB
OK 10984 View of the Coudenberg, th 34KB
OK 10985 A Farm among Trees 65KB
OK 10986 View of the Westerkerk, Am 142KB
OK 10987 Herengracht in Amsterdam 91KB
OK 10988 Young Boy in a Studio 47KB
OK 10989 Pilate washing his hands 147KB
OK 10990 Portrait of an Old Man 39KB
OK 10991 Brinio Raised on a Shield 153KB
OK 10992 Garland of Fruit and Flowe 151KB
OK 10993 Still-Life of Books 94KB
OK 10994 Vase of Flowers 128KB
OK 10995 Festoon of Fruit and Flowe 149KB
OK 10996 Vase of Flowers 111KB
FAIL 10997 Abundant Still Life with a
OK 10998 Portrait of a Woman 46KB
OK 10999 The Levite and his Concubi 43KB
OK 11000 The Dismissal of Hagar 92KB
OK 11001 Esther and Haman before Ah 53KB
OK 11002 Young Woman at a Window 148KB
OK 11003 The finding of Moses 257KB
OK 11004 Winter Scenery 93KB
OK 11005 Landscape with Farm 66KB
FAIL 11006 Landscape with People on F
OK 11007 A Wooded Landscape with Tr 213KB
OK 11008 Landscape 77KB
OK 11009 Landscape 83KB
OK 11010 A Basket and Birds 264KB
OK 11011 A Hare and Birds 250KB
OK 11012 A Hare, Partridges, and Fr 254KB
OK 11013 Bittern and Ducks Startled 124KB
OK 11014 Bird concert 117KB
FAIL 11015 A Dead Wolf
OK 11016 View of the St. Gereon in  48KB
OK 11017 Horsemen and travellers at 56KB
FAIL 11018 The Smugglers' Cave
FAIL 11019 A Notary in His Office
OK 11020 View of a Dutch Canal, pos 96KB
OK 11021 Portrait of Nicolaes Eiche 199KB
OK 11022 台夫特風景 103KB
OK 11023 天文學家 (弗美爾) 109KB
OK 11024 Allegory of the Tulipomani 169KB
OK 11025 Aeneas and the Sibyl in th 71KB
OK 11026 Grotto Landscape with a He 180KB
OK 11027 Allegory of Abundance 152KB
OK 11028 The departure for the hawk 117KB
OK 11029 The relay 168KB
OK 11030 A Coastal Scene 112KB
OK 11031 A Dune Landscape with a Ri 78KB
FAIL 11032 Hare Hunting
FAIL 11033 Cavalry in front of a Burn
OK 11034 The idolatry of King Solom 90KB
OK 11035 The Annunciation 131KB
OK 11036 The gold-weigher 31KB
FAIL 11037 An Old Man at his Desk
FAIL 11038 An Old Man Counting his Mo
FAIL 11039 Esther reading Haman's Dec
OK 11040 The Tomb of William the Si 93KB
OK 11041 A gothic church interior w 120KB
OK 11042 Choir of the Nieuwe Kerk i 200KB
OK 11043 Interior of the Oude Kerk, 193KB
OK 11044 A hunting party near the H 118KB
OK 11045 The town hall on Dam Squar 158KB
OK 11046 The Waag (weigh-house) and 97KB
FAIL 11047 The Interior of the Grote 
FAIL 11048 The Market Place and the G
FAIL 11049 The Market Place and Town 
OK 11050 Judah and Tamar 74KB
OK 11051 Simeon's Song of Praise 94KB
OK 11052 King David 136KB
OK 11053 Abraham and the Angels 68KB
OK 11054 Ahimelech Giving the Sword 159KB
OK 11055 Portrait of a Young Woman 210KB
FAIL 11056 Still Life with Two Large 
OK 11057 Still Life with Strawberri 64KB
OK 11058 Still Life with Asparagus 83KB
OK 11059 A Bowl of Strawberries on  73KB
OK 11060 Gooseberries on a Table 67KB
OK 11061 Still Life with Two Large  203KB
OK 11062 Rembrandt as sheperd with  139KB
FAIL 11063 The Company of Captain Alb
成功 108 失败 15 [10997, 11006, 11015, 11018, 11019, 11032, 11033, 11037, 11038, 11039, 11047, 11048, 11049, 11056, 11063]
