OK 11063 最後晚餐 (丁托列多) 121KB
OK 11064 维纳斯、武尔坎努斯和玛尔斯 162KB
OK 11065 The Origin of the Milky Wa 245KB
OK 11066 苏撒拿和长老 (丁托列托) 132KB
OK 11067 偷走聖馬可的遺體 170KB
OK 11068 發現聖馬卡的遺體 276KB
OK 11069 眾神的宴會 220KB
OK 11070 Madonna del Prato 117KB
OK 11071 Portrait of Doge Leonardo  68KB
OK 11072 圣匝加利亚祭坛画 161KB
OK 11073 聖馬可在亞歷山大佈道 105KB
OK 11074 Agony in the Garden 115KB
OK 11075 沉睡的维纳斯 146KB
OK 11076 Judith 74KB
OK 11077 自由堡圣母 153KB
OK 11078 Funerary Monument to Sir J 158KB
OK 11079 圣母领报与圣爱米巨 238KB
OK 11080 老人和他的孙子 148KB
OK 11081 Portrait of Giovanna Torna 91KB
OK 11082 过红海 (西斯汀小堂) 145KB
OK 11083 Adoration of the Magi 227KB
OK 11084 首批宗徒的圣召 103KB
OK 11085 正在研究的圣杰罗姆 143KB
OK 11086 迦拿的婚禮 170KB
OK 11087 利維家的宴會 145KB
OK 11088 Venus and Adonis 244KB
OK 11089 美德与罪恶的寓言 (委罗内塞) 120KB
OK 11090 勒班陀戰役的寓言畫 335KB
OK 11091 被爱情联系在一起的马尔斯和维纳斯 122KB
OK 11092 書房中的聖傑洛姆 120KB
OK 11093 Virgin Annunciate 120KB
OK 11094 美人與聖母 54KB
OK 11095 圣伽洛圣母领报 139KB
OK 11096 關於三位一體的辯論 154KB
OK 11097 Passerini Assumption 53KB
OK 11098 獻祭以撒 83KB
OK 11099 聖母升天 67KB
OK 11100 巴托洛梅奥·科莱奥尼骑马雕像 262KB
OK 11101 David with the head of Gol 47KB
OK 11102 Christ and Saint Thomas 156KB
OK 11103 Lady with Flowers 40KB
OK 11104 Madonna of the Milk 145KB
OK 11105 Madonna with child and sai 161KB
OK 11106 哀悼死去的基督 283KB
OK 11107 Madonna della Vittoria 174KB
OK 11108 安特亞 136KB
OK 11109 The Vision of Saint Jerome 44KB
OK 11110 土耳其奴隸肖像畫 46KB
OK 11111 Portrait of Lorenzo Cybo 92KB
OK 11112 Annunciation 189KB
OK 11113 圣母领报图 (安杰利科修士, 圣马尔谷修道院) 158KB
OK 11114 圣马尔谷祭台画 96KB
OK 11115 The Annunciation 185KB
OK 11116 交鑰匙 (佩魯吉諾) 201KB
OK 11117 Marriage of the Virgin 90KB
OK 11118 梅瑟的埃及之旅 (佩鲁吉诺) 184KB
OK 11119 阿波罗和达菲尼斯 (佩鲁吉诺) 160KB
OK 11120 Pietà 105KB
OK 11121 弗朗切斯科·德爾·奧佩雷肖像 134KB
OK 11122 沉睡的维纳斯 146KB
OK 11123 聖母升天 160KB
OK 11124 神聖與世俗的小愛神 76KB
OK 11125 在米赫爾貝格的查理五世 97KB
OK 11126 花神芙蘿拉 (提齊安諾) 179KB
OK 11127 眾神的宴會 220KB
OK 11128 Della Rovere polyptych 140KB
FAIL 11129 抱子聖母
OK 11130 Nativity of Christ 133KB
OK 11131 Maestà 278KB
OK 11132 魯切萊聖母 132KB
OK 11133 讚美主的聖母 178KB
OK 11134 Flagellation of Christ 201KB
OK 11135 蒙特費爾特羅祭壇畫 135KB
OK 11136 The Baptism of Christ 124KB
OK 11137 基督复活 (弗朗切斯卡) 96KB
OK 11138 烏爾比諾公爵雙聯畫 60KB
OK 11139 羅米塔山谷多聯畫 228KB
OK 11140 Roverella Altarpiece 39KB
OK 11141 Jupiter and Io 51KB
OK 11142 耶稣降生 60KB
OK 11143 Ganymede Abducted by the E 58KB
OK 11144 Leda and the Swan 125KB
OK 11145 圣母领报和圣玛加利与圣安沙诺 185KB
FAIL 11146 多羅薩的聖盧多維科加冕他的弟弟安茹的羅貝爾托
OK 11147 Orsini Polyptych 92KB
OK 11148 Saint Ursula with Two Ange 219KB
OK 11149 The Feast of Herod and the 169KB
FAIL 11150 The Virgin and Child with 
OK 11151 托莱多的埃利诺拉肖像 159KB
OK 11152 海神安德烈亚·多利亚 64KB
OK 11153 盧克雷齊亞·潘洽蒂吉肖像 46KB
OK 11154 科西莫一世肖像 135KB
OK 11155 巴托洛梅奧·潘洽蒂吉肖像 75KB
OK 11156 献金 133KB
OK 11157 Pisa Polyptych 66KB
OK 11158 新信徒的洗礼 174KB
OK 11159 San Giovenale Triptych 118KB
OK 11160 與孩子的聖母 88KB
OK 11161 Saint Paul 141KB
成功 96 失败 3 [11129, 11146, 11150]
