FAIL 9978 Jupiter and Mercury at Phi
OK 9979 Timoclea Kills the Captain 127KB
OK 9980 Portia Wounding her Thigh 106KB
OK 9981 Virgin and Child 44KB
OK 9982 Still Life with Cheeses, A 179KB
OK 9983 Still Life with Fish 102KB
OK 9984 Still life with flowers an 102KB
OK 9985 Still life with cheese, ar 72KB
OK 9986 Still life of fish with a  147KB
OK 9987 Game piece with poultry 125KB
FAIL 9988 Mars and Venus at the ches
OK 9989 Trittico di Sant'Andrea 79KB
OK 9990 Roman Charity 48KB
FAIL 9991 Drunken Silenus
OK 9992 約翰·斯圖亞特勛爵和他的兄弟伯納德·斯圖亞特勛爵 87KB
OK 9993 参孙和大利拉 (范戴克，1630年) 101KB
OK 9994 Equestrian Portrait of Cha 70KB
OK 9995 The Vision of the Blessed  161KB
OK 9996 Crucifixion 72KB
OK 9997 Portrait of Tognina Gonsal 118KB
FAIL 9998 Portrait of the Gozzadini 
OK 9999 Minerva dressing 159KB
OK 10000 Self-portrait at the Virgi 161KB
OK 10001 Judith with the Head of Ho 82KB
OK 10002 Portrait of a Sitting Man  115KB
OK 10003 朱迪思·莱斯特的自画像 212KB
OK 10004 Merry Trio 144KB
OK 10005 The Jolly Toper 133KB
OK 10006 The Serenade 105KB
OK 10007 A Game of Tric Trac 46KB
OK 10008 The Last Drop 141KB
OK 10009 Portrait of Abraham Graphe 105KB
OK 10010 Portrait of Jan Vekemans 44KB
OK 10011 Dice Players and Courtesan 124KB
OK 10012 Self-portrait at the Spinn 129KB
OK 10013 Portrait of Minerva Anguis 52KB
OK 10014 Portrait of Prince Alessan 131KB
OK 10015 The Artist's Sister Elena  26KB
FAIL 10016 Portrait of Marquess Massi
FAIL 10017 Portrait of Elisabeth of V
OK 10018 Apollo and Marsyas 207KB
OK 10019 Judith with the Head of Ho 105KB
OK 10020 Portrait of Paolo Morigia 180KB
OK 10021 Still Life with Fruit 170KB
OK 10022 Apollo as Victor over Pan 108KB
成功 39 失败 6 [9978, 9988, 9991, 9998, 10016, 10017]
