OK 10023 Royal Couple Mourning for  62KB
OK 10024 The Hussite Sermon 69KB
OK 10025 Knight's castle 84KB
OK 10026 In the Park of the Villa B 173KB
OK 10027 The Destruction of Jerusal 126KB
OK 10028 Parade in Potsdam in 1817 80KB
OK 10029 Parade on Opernplatz in 18 107KB
OK 10030 Sulamith and Mary 168KB
OK 10031 Italia and Germania 62KB
OK 10032 Vittoria Caldoni 58KB
OK 10033 The Selling of Joseph 241KB
OK 10034 The Painter Franz Pforr 172KB
OK 10035 The Banishment of Hagar 66KB
OK 10036 Portrait of Jenny Lind 79KB
OK 10037 Dolmen near Vordingborg in 142KB
OK 10038 Two Men before a Waterfall 169KB
OK 10039 View of Dresden by Moonlig 61KB
OK 10040 Quisisana seen from a Terr 87KB
OK 10041 View of Pillnitz Castle 97KB
OK 10042 The reading room 49KB
OK 10043 The Hülsenbeck children 183KB
OK 10044 We Three 122KB
OK 10045 The Morning 130KB
OK 10046 Odysseus and Calypso 52KB
OK 10047 Faun whistling to a Blackb 41KB
OK 10048 Venus Anadyomene 158KB
OK 10049 Odysseus and Polyphemus 113KB
OK 10050 The complaint of the sheph 103KB
成功 28 失败 0 []
