OK 10051 Appearance of Jesus Christ 86KB
OK 10052 Via Appia at Sunset 165KB
OK 10053 In the Wild North… 185KB
OK 10054 The Sun Lit Pines 210KB
OK 10055 Rain in an Oak Forest 193KB
OK 10056 A Forest 109KB
OK 10057 "水星號"雙桅橫帆船被兩艘土耳其船攻擊 165KB
OK 10058 The Black Sea 50KB
OK 10059 Rainbow 115KB
OK 10060 A Moonlit Night on the Bos 33KB
OK 10061 The Wrath of the Seas 56KB
OK 10062 The Maiden's Tower 125KB
OK 10063 Golden Autumn 351KB
OK 10064 Siverko 95KB
OK 10065 First green of spring 244KB
OK 10066 Horsewoman 103KB
OK 10067 Italian Midday (1827 versi 212KB
OK 10068 Fortune-teller Svetlana 47KB
OK 10069 Italian morning 56KB
OK 10070 Genserich's Invasion of Ro 116KB
OK 10071 Christ in the Tomb 105KB
OK 10072 Alexander Pushkin 223KB
OK 10073 Gazette readers in Naples 211KB
OK 10074 In a Warm Land 70KB
OK 10075 Everywhere life 103KB
OK 10076 The Terrorist 23KB
OK 10077 The Student Girl 44KB
OK 10078 Lady with a Cat 42KB
OK 10079 Major's marriage proposal 153KB
OK 10080 "The fresh cavalier." The  202KB
OK 10081 To War 140KB
OK 10082 Repair work on the railway 119KB
OK 10083 Welcomming the Icon 139KB
OK 10084 一场盛大的婚礼 113KB
OK 10085 Christmastide Divination 66KB
OK 10086 Appeal of Minin 123KB
FAIL 10087 Secret (V. Makovsky, Trety
OK 10088 On the boulevard 205KB
OK 10089 Failure of a bank 92KB
OK 10090 Harvest time. Croppers 157KB
OK 10091 The Zemstvo Dines 149KB
OK 10092 Portrait of the chess play 32KB
OK 10093 Lace-maker 124KB
OK 10094 Portrait of Alexander Push 53KB
OK 10095 After a thunderstorm 143KB
FAIL 10096 View of the Volga. Barques
FAIL 10097 Street in a Village
OK 10098 The Thaw 69KB
OK 10099 Rustic View 164KB
OK 10100 Elk Island in Sokolniki 186KB
OK 10101 View in the neighborhood o 192KB
OK 10102 Country road 184KB
OK 10103 The Pechersky Monastery Ne 176KB
OK 10104 On the Island of Valaam 87KB
OK 10105 Night 66KB
OK 10106 After a rain 51KB
OK 10107 The Northern Land 174KB
OK 10108 Dogs in Constantinople 128KB
OK 10109 Egyptian masks 79KB
OK 10110 Date Palm. Egypt 49KB
成功 57 失败 3 [10087, 10096, 10097]
