OK 10111 The Virgin and Child 122KB
OK 10112 Narcissus at the Fountain 100KB
OK 10113 Portrait of a Man in Profi 37KB
OK 10114 Madonna and Child 61KB
OK 10115 The Hunt in the Forest 102KB
OK 10116 The Crucifixion with the V 148KB
OK 10117 The Annunciation 185KB
OK 10118 Painting of Jacopone da To 45KB
OK 10119 Clock at Florence Cathedra 127KB
OK 10120 La Thébaïde 224KB
OK 10121 Leda and the Swan 119KB
OK 10122 Leda and the Swan 134KB
OK 10123 The Last Supper 80KB
OK 10124 Polittico di San Rocco by  171KB
OK 10125 Last Supper 37KB
OK 10126 The Martyrdom of Saint Cat 75KB
OK 10127 God the Father over the Pi 77KB
OK 10128 聖露琪亞·德·馬紐里祭壇畫 252KB
OK 10129 Adoration of the Magi 189KB
OK 10130 與孩子的聖母 194KB
OK 10131 與孩子的聖母 177KB
OK 10132 St John the Baptist and St 91KB
OK 10133 Carnesecchi Tabernacle 117KB
OK 10134 Allegory of Music 63KB
OK 10135 巫術 (多西) 122KB
OK 10136 Jupiter, Mercury and Virtu 163KB
OK 10137 Circe and Her Lovers in a  100KB
FAIL 10138 Ercole e i pigmei
OK 10139 大天使米迦勒及惡魔 100KB
OK 10140 Baptism of Christ 129KB
OK 10141 聖母子與大天使米迦勒及使徒安德烈 163KB
OK 10142 Annunciation 163KB
OK 10143 聖母入聖殿 115KB
OK 10144 Dragan Altarpiece 118KB
OK 10145 Madonna and Child with Joh 140KB
OK 10146 赫拉克勒斯與九頭蛇 125KB
OK 10147 赫拉克勒斯與安泰俄斯 165KB
OK 10148 Portrait of a Lady 184KB
OK 10149 Cardinal of Portugal's Alt 163KB
OK 10150 Battle of the Nudes 216KB
OK 10151 Elevation of the Magdalen 167KB
OK 10152 加爾都西會聖母 144KB
OK 10153 Virgin of the Veil 85KB
OK 10154 與孩子的聖母 126KB
OK 10155 Torchio mistico 90KB
OK 10156 The Head of Saint John the 65KB
OK 10157 Crucifixion 100KB
OK 10158 Madonna of the Green Cushi 110KB
FAIL 10159 Annunciation
FAIL 10160 Lamentation over the Dead 
FAIL 10161 Madonna dei garofani
OK 10162 A Blonde Woman 75KB
FAIL 10163 Resting Venus
OK 10164 The Adoration of the Shepe 87KB
OK 10165 Portrait of a young woman  150KB
OK 10166 Polittico di Santa Barbara 146KB
OK 10167 Judith 42KB
OK 10168 向總督呈交戒指 244KB
OK 10169 Allegory (Mars, Venus, Vic 197KB
OK 10170 Two Chess Players 154KB
OK 10171 Saints Mark, George and Ni 256KB
OK 10172 Athena Scorning the Advanc 25KB
OK 10173 Venetian Lovers 62KB
FAIL 10174 Our Lady of Krasnobród
OK 10175 Federigo Gonzaga (1500–154 120KB
OK 10176 Altar Bentivoglio 122KB
OK 10177 Madonna and Child with St  96KB
OK 10178 Gian Giorgio Trissino 86KB
OK 10179 恩寵聖母多聯畫 127KB
OK 10180 讀書的聖母 220KB
OK 10181 Crucifixion 111KB
OK 10182 Young Cicero reading 183KB
OK 10183 Madonna and Child with an  116KB
OK 10184 Bottigella Altarpiece 119KB
OK 10185 Bentivoglio Altarpiece 187KB
OK 10186 “神聖家族 199KB
OK 10187 Allegory of Isabella d'Est 215KB
OK 10188 The Reign of Comus 152KB
FAIL 10189 Griffoni Polyptych
OK 10190 A Concert 67KB
OK 10191 Christ the Redeemer alongs 96KB
OK 10192 Work of Saint Philip Beniz 174KB
OK 10193 Holy Family with Saints An 90KB
OK 10194 Christ Among the Doctors 65KB
OK 10195 Ecce Homo 55KB
OK 10196 Adoration of the Magi 96KB
FAIL 10197 Deposition of Christ
OK 10198 Triumph of St. Thomas Aqui 101KB
OK 10199 Purification of the Virgin 198KB
FAIL 10200 Stories from the Life of S
OK 10201 Altarpiece of the three ar 83KB
OK 10202 迦南的婚禮 84KB
OK 10203 Call of the Sons of Zebede 124KB
FAIL 10204 Banquet of Herod
FAIL 10205 與孩子的聖母
OK 10206 與孩子的聖母 76KB
OK 10207 Paesaggio ungherese by Mas 81KB
OK 10208 A Pope (Saint Gregory?) an 84KB
成功 87 失败 11 [10138, 10159, 10160, 10161, 10163, 10174, 10189, 10197, 10200, 10204, 10205]
