OK 10209 Madonna and Child with Sai 33KB
OK 10210 Paradise 295KB
OK 10211 创造世界与逐出乐园 377KB
OK 10212 Saint John the Baptist Ret 189KB
OK 10213 Madonna and Child with St. 67KB
OK 10214 Madonna and Child with St. 103KB
OK 10215 Madonna and Child with Sai 81KB
OK 10216 Claudia Quinta 60KB
OK 10217 The Virgin Recommends the  73KB
OK 10218 Virgin and Child with a Go 143KB
OK 10219 Polyptych of Madonna and c 202KB
OK 10220 Altarpiece from S. Frances 195KB
OK 10221 Virgin and Child 202KB
OK 10222 與孩子的聖母 121KB
OK 10223 小蠟燭聖母 96KB
OK 10224 波爾圖的聖母祭壇畫 152KB
OK 10225 Portia and Brutus 114KB
OK 10226 The Wife of Hasdrubal and  157KB
OK 10227 The Argo 47KB
OK 10228 Predella of Stories of Chr 169KB
OK 10229 Saint Matthew the Evangeli 221KB
OK 10230 The Expulsion of the Duke  278KB
OK 10231 Crucifixion and Last Suppe 113KB
OK 10232 Annunciation 84KB
OK 10233 Saint Louis of Toulouse 52KB
FAIL 10234 Madonna col Bambino in tro
OK 10235 梅爾坎堤祭壇畫 137KB
OK 10236 Saint Florian 101KB
OK 10237 Allegory of April: Triumph 232KB
OK 10238 Allegory of May 362KB
OK 10239 Allegory of March – Triump 251KB
FAIL 10240 聖彼得
OK 10241 耶稣降生 187KB
OK 10242 Nativity of the Virgin 168KB
FAIL 10243 Tarlati Polyptych
OK 10244 Monticchiello Altarpiece 53KB
OK 10245 Saint Margaret or Agatha 69KB
OK 10246 Crucifixion of Christ 136KB
OK 10247 Madonna dei Tramonti 139KB
OK 10248 Mystical marriage of Saint 173KB
OK 10249 思道四世任命普拉蒂纳为梵蒂岡圖書館馆长 280KB
OK 10250 Angels making music 52KB
OK 10251 Annunciation Triptych 167KB
OK 10252 Bartolini Salimbeni Annunc 124KB
OK 10253 聖羅倫佐橋的聖蹟 241KB
OK 10254 The Sultan Mehmet II 54KB
OK 10255 Triptych of the Madonna 134KB
OK 10256 Triptych of Saint Lawrence 174KB
FAIL 10257 Portrait of Queen Caterina
OK 10258 Portrait of Doge Giovanni  283KB
OK 10259 Coronation of the Virgin 318KB
OK 10260 Madonna and Child, Sts Nic 195KB
OK 10261 耶稣降生 164KB
OK 10262 Madonna of Humility 185KB
OK 10263 Saint Francis receives the 217KB
OK 10264 Madonna and Child with Ang 103KB
OK 10265 聖母與聖子 179KB
OK 10266 Triptych 51KB
OK 10267 Saint Dominic 95KB
OK 10268 Saint Jerome 63KB
FAIL 10269 Saint Anthony of Padua
OK 10270 Pietà 172KB
OK 10271 Two Venetian Ladies 153KB
OK 10272 St. Augustine in His Study 158KB
OK 10273 St. George and the Dragon 116KB
OK 10274 Holy Family and Donors 143KB
OK 10275 Christ between Four Angels 132KB
OK 10276 The Sermon of St. Stephen 187KB
OK 10277 Mystic Marriage of Saint F 110KB
FAIL 10278 The Journey of the Magi
OK 10279 Madonna and Child with Ang 343KB
OK 10280 Polittico dei Gesuati 238KB
OK 10281 Birth of the Virgin; Stori 188KB
OK 10282 Angel of the annunciation 197KB
OK 10283 Lady Perna Being Cured on  105KB
OK 10284 Polyptych of Sano di Pietr 164KB
OK 10285 Madonna with child 59KB
OK 10286 Madonna from the Annunciat 141KB
OK 10287 圣母子 181KB
OK 10288 St. Peter 237KB
OK 10289 Crucifix, Christ, Mary and 93KB
OK 10290 Saint Pancras Polyptych 132KB
OK 10291 painted crucifix 57KB
OK 10292 Story of the true Belt 38KB
OK 10293 Polyptych of the Madonna a 72KB
OK 10294 Sacra conversazione 221KB
FAIL 10295 聖母子與聖人們
OK 10296 Sainte Anne metterza et sa 122KB
OK 10297 Painted crucifix 49KB
OK 10298 Legend of the True Cross 194KB
OK 10299 Triptych of the Madonna 134KB
OK 10300 Triptych of Saint Lawrence 174KB
OK 10301 與孩子的聖母 87KB
OK 10302 The Madonna of Humility Ad 203KB
FAIL 10303 Madonna Tadini
OK 10304 Saint Jerome in the desert 151KB
OK 10305 Dead Christ Held by Two An 118KB
OK 10306 Immaculate Conception with 136KB
OK 10307 Madonna and Child with Sai 178KB
OK 10308 Massacre of the Innocents  349KB
OK 10309 耶稣降生 187KB
成功 93 失败 8 [10234, 10240, 10243, 10257, 10269, 10278, 10295, 10303]
