OK 10310 The Road to Calvary 170KB
OK 10311 The Way of the Cross 178KB
OK 10312 Landscape and Meeting on t 138KB
OK 10313 Saint Jerome in a Landscap 67KB
OK 10314 Landscape with the Parable 11KB
OK 10315 Triptych of Descent by Amb 177KB
OK 10316 The Resurrection 65KB
OK 10317 The Magdalen Reading 83KB
OK 10318 Margherita Gonzaga (1591–1 123KB
OK 10319 Portrait of Eleonora de 'M 29KB
OK 10320 Viglius-triptiek 46KB
OK 10321 Triptych of Nava and Grimo 85KB
OK 10322 Last Supper 92KB
OK 10323 The Adoration of the Magi 166KB
OK 10324 Triptych of the Descent fr 107KB
OK 10325 Portrait of a Noble Young  89KB
OK 10326 Madonna of the Dry Tree 92KB
OK 10327 The Annunciation 156KB
OK 10328 The Lamentation 171KB
OK 10329 Death of the Virgin 107KB
OK 10330 Head of Christ 111KB
OK 10331 Portrait of Edward Grimsto 38KB
OK 10332 The Prodigal Son 204KB
OK 10333 The Surgeon (painting) 105KB
OK 10334 Vanitas 44KB
OK 10335 Christ driving the money c 80KB
OK 10336 Madonna Lactans 90KB
OK 10337 Triptych of Our Lady of Me 73KB
OK 10338 Triptych of the Calheta Ma 43KB
OK 10339 Portrait of an African Man 70KB
OK 10340 The Adoration of the Magi 157KB
FAIL 10341 Venus Cythereia
FAIL 10342 Flora
OK 10343 Charity 140KB
OK 10344 At the tax collector's off 220KB
OK 10345 Rest on the Flight into Eg 139KB
OK 10346 The Adoration of the Magi 208KB
OK 10347 Madonna and Child with the 236KB
OK 10348 The Marriage at Cana 136KB
OK 10349 Fons Vitae 129KB
OK 10350 Pala del corpus domini 127KB
OK 10351 The Adoration of the Magi 76KB
OK 10352 Calvary Triptych 103KB
OK 10353 William I, Prince of Orang 113KB
OK 10354 The Adoration of the Magi 93KB
OK 10355 The Moneychanger and His W 127KB
OK 10356 Saint Jerome in His Study 85KB
OK 10357 The Tax Collectors 168KB
成功 46 失败 2 [10341, 10342]
