OK 10358 Portrait of a Woman 47KB
OK 10359 Punishment of a Hunter 202KB
OK 10360 Portrait of Abraham de Pot 80KB
OK 10361 A View of Delft 87KB
OK 10362 The Sentry 160KB
OK 10363 Young Man in a Fur Cap 60KB
OK 10364 Hera hiding during the bat 70KB
OK 10365 The Raising of Lazarus 78KB
OK 10366 Interior of the Sint-Odulp 63KB
OK 10367 The Old Town Hall of Amste 109KB
OK 10368 The West Façade of the Chu 179KB
OK 10369 Interior of the Church of  60KB
OK 10370 Vase of Flowers in a flowe 27KB
OK 10371 Girl as Shepherdess 66KB
OK 10372 Battle Between Carnival an 75KB
OK 10373 The Floating Feather 102KB
OK 10374 棋手 (德曼画作) 91KB
OK 10375 The Grey Horse 146KB
OK 10376 The Rider's Halting Place 53KB
OK 10377 The Adoration of the Magi 45KB
OK 10378 An Astronomer 16KB
OK 10379 Portrait of the Three Rege 106KB
OK 10380 Isaac Blessing Jacob 57KB
OK 10381 The continence of Scipio 150KB
OK 10382 The ‘Golden Bend’ in the H 62KB
OK 10383 The Grote Markt in Haarlem 65KB
OK 10384 The ‘Golden Bend’ in the H 69KB
OK 10385 Esther and Mordecai 70KB
OK 10386 Banquet Still Life 130KB
OK 10387 Street Musicians at the Do 133KB
OK 10388 The Oyster Meal 97KB
成功 31 失败 0 []
