OK 10394 Still Life with a Peacock 62KB
OK 10395 Wolf Hunting 93KB
OK 10396 Still Life with Silver 167KB
OK 10397 Nordic Landscape with a Ca 67KB
OK 10398 Swedish landscape with a w 228KB
OK 10399 Swedish landscape 136KB
OK 10400 Scandinavian Caprice 159KB
OK 10401 Forest Scene with Water-Mi 134KB
OK 10402 Christ appearing to Mary M 42KB
OK 10403 Crucifixion 282KB
FAIL 10404 Portrait of woman with sku
FAIL 10405 Portrait of a semi-nude wo
OK 10406 Portrait of a Woman 59KB
OK 10407 Ecce Homo 44KB
OK 10408 Sudarium of Saint Veronica 391KB
OK 10409 Man in black beret holding 87KB
OK 10410 Pierre Aymeric 40KB
OK 10411 The Dauphin Henri. 1536-15 178KB
OK 10412 Portrait of a man by Corne 50KB
OK 10413 Louise de Rieux 16KB
OK 10414 Anne de Pisseleu (1508–157 120KB
OK 10415 Capel family 103KB
OK 10416 Portrait of a Man, probabl 59KB
OK 10417 Nymphs and satyrs in a lan 39KB
FAIL 10418 Mercury and Herse
OK 10419 Ruins of Ancient Rome with 63KB
OK 10420 The Martyrdom of Saint Ste 54KB
OK 10421 Fantasy View of the Campo  92KB
OK 10422 A Roman View of the Ruins  99KB
OK 10423 Moses elects the Council o 47KB
OK 10424 The white Peacock 140KB
OK 10425 Still Life with Dead Hare 60KB
OK 10426 Landscape with Huntsman an 110KB
OK 10427 Dead drake 100KB
OK 10428 A dog over a dead boar. 88KB
OK 10429 A Deerhound with Dead Game 79KB
OK 10430 The Soap Bubbles 71KB
OK 10431 Air 104KB
OK 10432 Venus at the Forge of Vulc 192KB
OK 10433 Unicorn and Other Animals 128KB
OK 10434 Maria Odilia Buys 163KB
OK 10435 Portrait of a woman 142KB
OK 10436 A Chaous, a Courier to the 200KB
OK 10437 A Greek Priest 185KB
FAIL 10438 Ambassador Cornelis Calkoe
FAIL 10439 Sultan Ahmet III Receiving
OK 10440 The Conversation 118KB
OK 10441 Janissary 97KB
OK 10442 Portrait of the Duchess of 13KB
OK 10443 Portrait of Eleanor of Aus 51KB
OK 10444 Saint Reinhold Altar by Jo 103KB
OK 10445 Portrait of Eleanor of Aus 218KB
OK 10446 Triptych with the Adoratio 57KB
OK 10447 Adoration of the Magi (Tri 105KB
OK 10448 Portrait of an Unknown Man 55KB
OK 10449 Vanity, Moderation, and De 81KB
OK 10450 Crucifixion 63KB
OK 10451 Episodes of the history of 229KB
OK 10452 Michael Shen Fu-Tsung 33KB
OK 10453 Portrait of Isaac Newton ( 113KB
OK 10454 Spencer Compton, Earl of W 111KB
OK 10455 Portrait of John Locke 154KB
OK 10456 Hortense Mancini (1646–169 26KB
OK 10457 James Stanhope, 1st Earl S 74KB
OK 10458 Still Life with Books 63KB
OK 10459 Self-Portrait 83KB
OK 10460 Allegory of Peace 94KB
OK 10461 Bearded Man with a Beret 101KB
OK 10462 The Raising of Lazarus 162KB
OK 10463 The Feast of Esther 205KB
OK 10464 Chat du grand duc de Mosco 137KB
OK 10465 Great View of Prague 51KB
OK 10466 Landscape shaped like a fa 326KB
OK 10467 从班克赛德眺望伦敦 63KB
OK 10468 Portrait of a man 34KB
OK 10469 Portrait of a woman 103KB
OK 10470 Anatomy Lesson of Dr. Will 100KB
OK 10471 Portrait of Ambrogio Spino 68KB
OK 10472 Portrait of Hugo de Groot  16KB
OK 10473 Smiling Girl, a Courtesan, 51KB
OK 10474 Adoration of the Child 92KB
OK 10475 The Prodigal Son 35KB
OK 10476 The Violin Player 105KB
OK 10477 The Concert 93KB
OK 10478 Apollo and Diana 123KB
OK 10479 Young Man and Woman Studyi 39KB
OK 10480 A girl putting a candle in 136KB
OK 10481 A Boy Blowing on a Firebra 13KB
OK 10482 A Family Concert 38KB
OK 10483 Lovers Lit by a Candle 47KB
OK 10484 Portrait of Arnoudina van  39KB
OK 10485 Bouquet of flowers with tw 74KB
OK 10486 Orpheus 142KB
OK 10487 The Tower of Babel 256KB
OK 10488 Flowers in a roemer with a 88KB
OK 10489 The poet crowned by two ap 216KB
OK 10490 Elijah fed by the ravens 101KB
成功 92 失败 5 [10404, 10405, 10418, 10438, 10439]
