纳尔迈调色板           OK
古夫金字塔            OK
吉萨狮身人面像          OK
拉霍特普与诺弗尔特        --
书吏坐像             --
门卡乌拉与王后          OK
哈特谢普苏特神庙         OK
阿肯那顿像            --
纳芙蒂蒂胸像           OK
图坦卡蒙黄金面具         OK
奈巴蒙墓壁画           OK
亡灵书              OK
拉美西斯二世神庙         OK
卡纳克神庙柱厅          OK
罗塞塔石碑            OK
乌尔军旗             --
汉谟拉比法典石碑         --
古地亚坐像            OK
纳拉姆辛胜利石碑         OK
伊什塔尔门            --
拉马苏              --
亚述狩猎浮雕           OK
乌尔的公羊            OK
苏美尔祈愿像           --
帕特农神庙            OK
埃尔金大理石           --
持矛者              --
掷铁饼者             --
里亚切青铜武士          OK
德尔斐御者            OK
克里提奥斯少年          OK
库罗斯像             OK
少女像              OK
宙斯或波塞冬青铜像        OK
尼多斯的阿佛洛狄忒        OK
赫尔墨斯与小酒神         OK
埃克塞基亚斯双耳瓶        OK
黑绘陶              OK
红绘陶              OK
宙斯祭坛浮雕           OK
埃庇道洛斯剧场          OK
伊瑞克提翁女像柱         OK
克诺索斯壁画           OK
迈锡尼黄金面具          --
基克拉迪偶像           OK
抓到: 33 / 45
