罗丹            Q30755      11
布德尔           Q314350     12
马约尔           Q153920     12
德斯皮奥          Q82291      3
麦约            Q414126     0
梅尼耶           Q552440     12
万·德·维尔德       Q154083     4
霍尔塔           Q49744      2
吉马尔           Q316422     1
高迪            Q25328      4
麦金托什          Q220703     4
奥尔布里希         Q44911      0
瓦格纳           Q84287      0
路斯            Q44323      0
贝伦斯           Q76726      2
莫里斯           Q182589     9
德莱赛           Q1086650    0
蒂芙尼           Q312950     8
加莱            Q275085     3
拉利克           Q451400     0
穆夏            Q146691     12
谢雷            Q610202     7
卡桑德尔          Q278945     0
贝格斯塔夫         Q2860248    0
比尔兹利          Q272566     9
克兰            Q660917     12
格林纳威          Q204936     12
拉克姆           Q314938     3
杜拉克           Q27032      1
尼尔森           Q3107486    0
saved works13.json
