约翰·埃弗里特·米莱    Q159606     12
威廉·霍尔曼·亨特     Q211763     12
福特·马多克斯·布朗    Q319843     12
阿瑟·休斯         Q1293306    0
亨利·华里斯        Q977276     12
约翰·布雷特        Q6223097    0
威廉·戴斯         Q2095630    12
理查德·达德        Q449519     12
西米恩·所罗门       Q732617     12
伊夫林·德·摩根      Q235903     12
玛丽安娜·斯托克斯     Q446382     12
约翰·梅尔胡伊什·斯特拉德威克Q2201855    3
爱德华·波因特       Q465163     12
弗雷德里克·莱顿      Q160252     12
阿尔伯特·摩尔       Q1399837    12
乔治·弗雷德里克·瓦茨   Q183245     12
威廉·鲍威尔·弗里思    Q955750     12
卢克·菲尔德斯       Q1855648    12
休伯特·冯·赫科默     Q644595     12
弗兰克·霍尔        Q1443454    12
斯坦霍普·福布斯      Q360724     12
亨利·斯科特·图克     Q463962     12
沃尔特·兰利        Q1377833    12
弗兰克·布拉姆利      Q1229783    12
乔治·克劳森        Q3760466    12
亨利·赫伯特·拉·唐格   Q1606851    12
菲利普·威尔逊·斯蒂尔   Q2076179    12
沃尔特·西克特       Q703369     12
奥古斯都·约翰       Q562540     4
威廉·奥彭         Q922483     12
saved works23.json
