安东尼奥·德尔·波拉伊奥洛 Q318640     12
安德烈亚·德尔·卡斯塔尼奥 Q240737     1
多梅尼科·韦内齐亚诺    Q368546     12
保罗·乌切洛        Q192488     12
马索利诺          Q318117     12
贝诺佐·戈佐利       Q248615     12
菲利皮诺·利皮       Q296265     12
科西莫·罗塞利       Q29447      12
卢卡·西尼奥雷利      Q7031       12
皮耶罗·迪·科西莫     Q280851     12
洛伦佐·科斯塔       Q357807     12
弗朗切斯科·弗朗恰     Q260057     12
文森佐·福帕        Q222923     12
安布罗焦·贝尔戈尼奥内   Q7789       12
贝尔纳迪诺·卢伊尼     Q8537       12
安德烈亚·索拉里      Q495110     12
乔瓦尼·安东尼奥·博尔特拉菲奥Q442528     12
马可·多焦诺        Q982274     12
切萨雷·达·塞斯托     Q1056977    12
加乌登齐奥·费拉里     Q734108     12
多索·多西         Q356777     12
加罗法洛          Q421370     0
洛伦佐·洛托二       Q310973     12
雅各布·巴萨诺       Q346502     12
帕里斯·博尔多内      Q366081     12
博尼法齐奥·韦罗内塞    Q744747     12
帕尔马·韦基奥       Q9342       12
文森佐·卡泰纳       Q1968947    12
马尔科·巴萨伊蒂      Q918859     12
奇马·达·科内利亚诺    Q8453       12
saved works44.json
