安藤广重          Q200798     12
歌川丰国          Q950316     12
歌川国政          Q3136181    0
溪斋英泉          Q3046492    12
歌川广重二代        Q653454     1
小林清亲          Q3121142    8
月冈耕渔          Q3201273    0
山本芳翠          Q3146372    4
黑田清辉          Q910913     12
藤岛武二          Q347220     12
和田英作          Q11418113   9
冈田三郎助         Q11473409   12
中村不折          Q3335331    3
浅井忠           Q720550     8
原田直次郎         Q3127237    7
狩野芳崖          Q2384056    10
桥本雅邦          Q3128092    9
下村观山          Q2113306    10
菱田春草          Q2113595    8
木村武山          Q11518970   0
寺崎广业          Q11457861   0
竹内栖凤          Q3514329    6
土田麦仙          Q7849916    8
村上华岳          Q3191845    0
安田靫彦          Q3571973    0
前田青邨          Q3477943    0
小林古径          Q3198111    0
镝木清方          Q1241113    0
伊东深水          Q2060569    0
川合玉堂          Q3194330    0
saved works14.json
