威廉·阿道夫·布格罗    Q483992     12
亚历山大·卡巴内尔     Q310437     12
让-莱昂·热罗姆      Q212499     12
托马·库蒂尔        Q326434     12
欧内斯特·梅索尼埃     Q354786     12
莱昂·博纳         Q170259     12
卡罗吕斯-杜兰       Q274901     12
朱尔·勒费弗尔       Q433973     12
威廉·布罗         Q483992     12
亨利·勒尔         Q553571     12
保罗·博德里        Q911575     12
伊波利特·弗朗德兰     Q472235     12
夏尔·格莱尔        Q452119     12
泰奥多尔·夏塞里奥     Q342467     12
欧仁·弗罗芒坦       Q353746     12
亚历山大-加布里埃尔·德康 Q458288     12
纳西斯·迪亚兹       Q724140     12
康斯坦·特鲁瓦永      Q219403     12
夏尔-弗朗索瓦·杜比尼   Q252357     12
朱尔·迪普雷        Q959212     12
泰奥多尔·卢梭       Q310025     12
夏尔·雅克         Q125409     12
安东·莫夫二        Q591907     12
罗莎·博纳尔        Q241732     12
玛丽·巴什基尔采夫     Q255253     12
伊丽莎白·加德纳      Q291010     10
埃米莉·夏米        Q3588843    2
爱娃·冈萨雷斯       Q464300     12
玛丽·卡萨特        Q173223     12
贝尔特·莫里索       Q105320     12
saved works37.json
