巴托洛梅·埃斯特万·牟利罗 Q192062     10
胡塞佩·德·里贝拉     Q297838     11
弗朗西斯科·德·苏巴朗   Q209615     12
阿隆索·卡诺        Q378783     12
胡安·桑切斯·科坦     Q919806     12
路易斯·梅伦德斯      Q6700842    0
胡安·德·巴尔德斯·莱亚尔 Q518898     12
克劳迪奥·科埃略      Q332466     12
胡安·卡雷尼奥       Q833224     12
埃尔·格列柯        Q301        12
路易斯·德·莫拉莱斯    Q703250     12
弗朗西斯科·里巴尔塔    Q338800     12
格雷戈里奥·费尔南德斯   Q195921     12
胡安·马丁内斯·蒙塔涅斯  Q610928     8
佩德罗·德·梅纳      Q727974     7
努诺·贡萨尔维斯      Q139015     12
若苏埃·德·索萨      Q269338     12
多明戈斯·塞凯拉      Q1234389    12
爱德华多·罗萨莱斯     Q615701     12
马里亚诺·本利乌雷     Q2402329    12
华金·索罗利亚       Q351746     12
伊格纳西奥·苏洛阿加    Q460198     12
圣地亚哥·鲁西尼奥尔    Q366930     12
拉蒙·卡萨斯        Q725681     12
何塞·古铁雷斯·索拉纳   Q428928     3
胡里奥·罗梅罗·德托雷斯  Q1712402    12
安东尼奥·菲利普斯     Q1343042    4
爱德华多·奇利达      Q156736     12
何塞·莫雷诺·卡沃内罗   Q1393648    12
弗朗西斯科·普拉迪利亚   Q553258     12
saved works30.json
