卡尔·拉森         Q187310     8
安德斯·佐恩        Q206820     10
布鲁诺·利耶福什      Q730008     10
埃乌根王子         Q327758     12
理查德·贝里        Q1356488    12
尼尔斯·克罗格       Q1915758    12
卡尔·诺德斯特伦      Q1380734    12
埃伦·特斯莱夫       Q1192595    12
海伦娜·谢尔夫贝克     Q236985     12
雨果·辛贝里        Q263080     12
佩卡·哈洛宁        Q1192814    12
埃罗·耶尔内费尔特     Q1390614    12
阿尔伯特·埃德尔费尔特   Q356644     12
哈拉尔·索尔贝里      Q1367020    12
尼古拉·阿斯特鲁普     Q958608     12
克里斯蒂安·克罗格     Q334200     12
埃里克·韦伦谢尔      Q525092     12
特奥多尔·基特尔森     Q380085     12
古斯塔夫·维格兰      Q213956     12
彼得·塞韦林·克罗耶    Q365068     12
米凯尔·安谢尔       Q468252     12
安娜·安谢尔        Q253446     12
劳里茨·图克森       Q976826     12
维果·约翰森        Q2259866    12
约翰·罗德         Q3180450    12
L.A.灵         Q2199553    12
延斯·费迪南德·维伦    Q924459     0
尤金·杰森         Q647473     12
伊万·阿古埃利       Q1675511    3
奥古斯特·斯特林堡     Q7724       12
saved works16.json
