托马斯·科尔        Q334001     12
阿舍·杜兰德        Q391608     12
约翰·肯塞特        Q982284     12
桑福德·吉福德       Q615161     12
杰维斯·麦肯蒂       Q2580100    12
马丁·约翰逊·海德     Q3123472    12
费茨·亨利·莱恩      Q462404     12
乔治·英尼斯        Q704868     12
拉尔夫·布莱克洛克     Q1353482    12
托马斯·莫兰        Q983441     12
威廉·布拉德福德      Q404300     0
伊斯特曼·约翰逊      Q1278282    12
温斯洛·霍默        Q344838     10
托马斯·埃金斯       Q214905     12
威廉·梅里特·蔡斯     Q265820     12
西奥多·罗宾逊       Q1384543    12
柴尔德·哈萨姆       Q737635     12
约翰·特瓦克特曼      Q1342683    12
朱利安·奥尔登·威尔    Q1284220    12
威拉德·梅特卡夫      Q736843     12
爱德蒙·塔贝尔       Q2460318    12
弗兰克·本森        Q956055     12
托马斯·杜因        Q1378807    12
亚伯特·平克汉·赖德    Q948598     12
罗伯特·亨利        Q724860     12
约翰·斯隆         Q861756     12
乔治·卢克斯        Q337733     12
威廉·格拉肯斯       Q1339934    12
埃弗里特·希恩       Q1254856    12
乔治·贝洛斯        Q167132     12
saved works18.json
