歌川国芳          Q317736     12
月冈芳年          Q467337     12
河锅晓斋          Q2838030    12
小林清亲          Q3121142    8
川濑巴水          Q344166     1
吉田博           Q2916723    5
伊东深水          Q2060569    0
桥口五叶          Q2346122    7
解析失败 山村耕花 Kōka Yamamura
解析失败 名取春仙 Shunsen Natori
镝木清方          Q1241113    0
上村松园          Q275018     2
横山大观          Q2034441    2
下村观山          Q2113306    10
菱田春草          Q2113595    8
解析失败 川合玉堂 Gyokudō Kawai
前田青邨          Q3477943    0
安田靫彦          Q3571973    0
小林古径          Q3198111    0
速水御舟          Q5625249    1
村上华岳          Q3191845    0
解析失败 土田麦仙 Bakusen Tsuchida
岸田刘生          Q3021493    2
万铁五郎          Q7706856    2
解析失败 佐伯祐三 Yūzō Saeki
青木繁           Q347298     12
中村彝           Q11365580   11
古贺春江          Q3128001    2
国吉康雄          Q3571991    3
藤田嗣治          Q261846     0
saved works34.json
