拉斐尔·科兰        Q375814     12
朱尔·巴斯蒂安-勒帕热   Q541859     12
帕斯卡尔·达仰-布弗莱   Q663837     12
解析失败 阿尔弗雷德·罗尔 Alfred Roll
莱昂·勒尔米特       Q2756381    12
朱尔·布勒东        Q282043     12
埃米尔·弗里昂       Q207755     12
亨利·热尔韦克斯      Q956102     12
阿尔贝·贝纳尔       Q424348     12
解析失败 埃德加·马克森斯 Edgard Maxence
吕西安·莱维-迪尔梅    Q727940     5
夏尔·科泰         Q1574250    12
吕西安·西蒙        Q3085544    12
安德烈·多沙        Q2847587    2
埃米尔·贝尔纳       Q264193     12
保罗·塞律西埃       Q326606     12
夏尔·菲利热        Q2060942    4
雅各布·梅耶·德哈恩    Q2297603    12
库诺·阿米特        Q566797     1
乔瓦尼·乔梅蒂       Q689411     12
费迪南德·霍德勒      Q214564     12
阿尔诺德·勃克林      Q123071     12
阿尔伯特·安克       Q72510      12
弗兰克·布赫塞       Q329490     12
巴泰勒米·梅恩       Q264295     10
夏尔·格莱尔        Q452119     12
费利克斯·瓦洛通      Q123740     12
泰奥菲尔·斯坦兰      Q706041     12
欧仁·格拉塞        Q524154     2
卡洛斯·施瓦贝       Q694113     7
saved works21.json
