雅各布·凡·雷斯达尔    Q213612     12
梅因德尔特·霍贝玛     Q336908     12
阿尔伯特·库普       Q313194     12
扬·凡·霍延        Q315996     12
萨洛蒙·凡·雷斯达尔    Q247005     12
菲利普斯·科宁克      Q166379     12
扬·博特          Q981631     12
尼古拉斯·贝亨       Q711737     12
卡雷尔·迪雅尔丁      Q719666     12
阿德里安·凡·德·维尔德  Q367741     12
威廉·凡·德·维尔德    Q432266     12
扬·波塞利斯        Q640415     12
西蒙·德·弗利格      Q1093129    12
卢多尔夫·巴克海森     Q468214     12
彼得·德·霍赫       Q314889     12
尼古拉斯·梅斯       Q505150     12
赫拉尔德·特·博尔赫    Q346808     12
加布里埃尔·梅曲      Q355213     12
弗兰斯·凡·米里斯     Q959236     12
赫里特·道         Q335927     12
扬·斯特恩         Q205863     12
阿德里安·凡·奥斯塔德   Q352438     12
伊萨克·凡·奥斯塔德    Q217648     12
阿德里安·布劳威尔     Q364139     12
大卫·特尼尔斯       Q335022     12
威廉·卡尔夫        Q28144      12
扬·达维茨·德·希姆    Q454656     12
彼得·克拉斯        Q354832     12
威廉·克拉斯·海达     Q40150      12
拉赫尔·勒伊斯       Q234385     12
saved works29.json
