洛托            Q310973     12
柯勒乔           Q8457       9
曼特尼亚          Q5681       4
解析失败 贝利尼 Giovanni Bellini
奥拉齐奥          Q367360     12
真蒂莱斯基         Q212657     12
埃尔·格列柯        Q301        12
丁托列托          Q9319       12
提香            Q47551      12
解析失败 普桑 Nicolas Poussin
洛兰            Q214074     12
夏尔丹           Q207447     12
华托            Q183221     12
布歇            Q180932     12
弗拉戈纳尔         Q127171     7
解析失败 大卫 Jacques-Louis David
安格尔           Q23380      12
德拉克洛瓦         Q33477      12
籍里柯           Q184212     12
柯罗            Q148475     12
米勒            Q148458     12
库尔贝           Q34618      12
杜米埃           Q187506     12
马奈            Q40599      12
莫奈            Q296        12
雷诺阿           Q39931      12
德加            Q46373      9
毕沙罗           Q134741     12
解析失败 西斯莱 Alfred Sisley
塞尚            Q35548      12
saved works3.json
