霍尔拜因          Q49987      12
维茨            Q313183     12
洛赫纳           Q290812     12
莫泽            Q464867     2
穆尔切           Q663122     12
帕赫尔           Q463922     12
里门施奈德         Q44723      4
施托斯           Q163800     12
埃拉斯穆斯         Q896013     1
斯吕特           Q372367     5
林堡兄弟          Q217816     12
富凯            Q311398     12
夏隆东           Q966851     6
贝勒沙斯          Q932136     12
马斯特           Q80442      12
科隆贝           Q2275572    6
古戎            Q551643     9
皮隆            Q554943     12
普里马蒂乔         Q333366     12
尼科洛           Q333563     12
科内利斯          Q442484     12
戈尔奇乌斯         Q165367     12
斯普朗格          Q447682     12
维特瓦尔          Q541644     12
布洛马特          Q329811     10
兰贝特           Q1357759    12
巴托洛梅乌斯        Q613336     12
解析失败 斯滕维克 Hendrick van Steenwijk II
尼夫            Q596352     12
范·代伦          Q553273     12
saved works9.json
