安塞尔·亚当斯       Q60809      0
多萝西娅·兰格       Q230673     0
沃克·埃文斯        Q363308     0
爱德华·韦斯顿       Q346988     0
保罗·斯特兰德       Q453839     0
阿尔弗雷德·施蒂格利茨   Q313055     0
刘易斯·海因        Q347194     0
雅各布·里斯        Q379211     0
尤金·阿杰         Q322030     6
纳达尔           Q40116      1
朱莉娅·玛格丽特·卡梅隆  Q230120     0
罗杰·芬顿         Q345666     0
马修·布雷迪        Q187850     0
爱德华·迈布里奇      Q190568     0
卡尔顿·沃特金斯      Q2939083    0
蒂莫西·奥沙利文      Q1371063    0
古斯塔夫·勒·格雷     Q982549     2
威廉·亨利·福克斯·塔尔博特Q299565     1
奥古斯特·桑德       Q61530      0
卡尔·布洛斯费尔德     Q61848      0
拉兹洛·莫霍利-纳吉    Q160448     12
曼·雷           Q46139      2
安德烈·柯特兹       Q241754     0
布拉塞           Q354804     0
亨利·卡蒂埃-布列松    Q156567     0
罗伯特·卡帕        Q152524     0
贝伦妮丝·阿博特      Q231861     0
伊莫金·坎宁安       Q238678     0
爱德华·斯泰肯       Q313899     2
阿尔文·兰登·科伯恩    Q449156     0
saved works36.json
