伊利亚·马什科夫      Q2704611    9
彼得·康查洛夫斯基     Q2626131    5
阿里斯塔尔赫·连图洛夫   Q664360     12
罗伯特·法尔克       Q662323     4
亚历山大·库普林      Q271457     0
尼古拉·费欣        Q12057561   6
瓦西里·波列诺夫      Q318393     12
伊萨克·布罗茨基      Q443199     12
阿卡迪·雷洛夫       Q3623704    5
康斯坦丁·索莫夫      Q433067     8
朱塞佩·佩利扎       Q1528580    11
乔瓦尼·塞冈蒂尼      Q379300     12
安杰洛·莫尔贝利      Q3617111    12
加埃塔诺·普雷维亚蒂    Q913979     8
普利尼奥·诺梅利尼     Q589062     3
泰勒马科·西尼奥里尼    Q2326080    12
乔瓦尼·法托里       Q710089     12
西尔韦斯特罗·莱加     Q369633     12
朱塞佩·阿巴蒂       Q1346145    10
雷蒙多·马德拉索      Q2506493    12
华金·米尔         Q1357729    12
伊西德雷·诺内利      Q1393742    12
埃尔梅内吉尔多·安格拉达  Q1343042    4
达里奥·德雷戈约斯     Q1837855    12
解析失败 伊格纳西奥·皮纳索 Ignacio Pinazo
埃米利奥·萨拉       Q20815217   0
何塞·希内尔        Q2668142    12
安东尼奥·穆尼奥斯     Q3296153    12
马里亚诺·福图尼      Q380052     12
何塞·希门尼斯       Q3544324    12
saved works15.json
