伊万·艾瓦佐夫斯基     Q181568     12
阿尔希普·库因吉      Q353628     12
伊万·希什金        Q193064     12
费奥多尔·瓦西里耶夫    Q1422249    12
阿列克谢·萨符拉索夫    Q353008     12
解析失败 米哈伊尔·克洛特 Mikhail Klodt
康斯坦丁·马科夫斯基    Q460337     12
弗拉基米尔·马科夫斯基   Q740592     12
尼古拉·雅罗申科      Q450949     11
格里戈里·米亚索耶多夫   Q654547     11
康斯坦丁·萨维茨基     Q958052     5
伊拉里翁·普里亚尼什尼科夫 Q1350315    2
尼古拉·卡萨特金      Q1564907    0
谢尔盖·伊万诺夫      Q2121678    12
阿波利纳里·瓦斯涅佐夫   Q618906     10
安德烈·梁布什金      Q502406     5
谢尔盖·马柳京       Q3742270    6
菲利普·马利亚温      Q1362444    9
阿布拉姆·阿尔希波夫    Q80588      12
斯坦尼斯拉夫·茹科夫斯基  Q2498462    10
伊戈尔·格拉巴里      Q1030307    1
马蒂罗斯·萨里扬      Q718409     12
瓦西里·特罗皮宁      Q434561     12
奥列斯特·基普连斯基    Q367120     12
卡尔·布留洛夫       Q4768       12
亚历山大·伊万诺夫     Q76829      9
帕维尔·费多托夫      Q248597     6
尼古拉·葛         Q457976     12
瓦西里·苏里科夫二     Q110228     12
伊利亚·奥斯特罗霍夫    Q4339141    3
saved works43.json
