布格罗           Q483992     12
卡巴内尔          Q310437     12
梅索尼埃          Q354786     12
巴斯蒂安-勒帕热      Q541859     12
勒帕热           Q663837     12
卡罗吕斯-杜兰       Q274901     12
埃内            Q665818     12
科尔蒙           Q457098     12
莱尔米特          Q2756381    12
解析失败 罗尔 Alfred Roll
门泽尔           Q164961     12
斯皮茨韦格         Q164979     12
瓦尔德米勒         Q186816     9
里希特           Q551896     12
布莱希恩          Q149571     12
卡鲁斯           Q61987      12
达尔            Q164735     12
蒂施拜因          Q213973     12
门斯            Q76718      12
安杰莉卡·考夫曼      Q123098     12
卡诺瓦           Q5547       12
托瓦尔森          Q47812      12
乌东            Q318741     12
法尔科内          Q289246     12
皮加勒           Q529623     12
克洛迪翁          Q2979538    12
夏普            Q524291     12
巴里            Q451489     12
达卢            Q551648     12
弗雷米埃          Q499022     12
saved works7.json
