沈周            Q558863     12
文徵明           Q306673     12
唐寅            Q2248916    12
仇英            Q769372     12
董其昌           Q537211     12
徐渭            Q890211     12
陈洪绶           Q588110     12
蓝瑛            Q3138790    12
八大山人          Q198097     12
石涛            Q469439     12
王时敏           Q716184     12
王鉴            Q7967475    0
王翚            Q716222     12
王原祁           Q716338     12
恽寿平           Q1329823    12
金农            Q710049     12
郑燮            Q712007     12
华嵒            Q1042125    12
任伯年           Q3028266    12
吴昌硕           Q715400     12
虚谷            Q5433784    0
赵之谦           Q708659     12
齐白石           Q369608     2
黄宾虹           Q715837     1
张大千           Q163298     0
徐悲鸿           Q714152     7
林风眠           Q986362     0
潘天寿           Q3272835    1
傅抱石           Q1472354    0
李可染           Q709867     0
saved works32.json
