彼得·德·霍赫二      Q314889     12
扬·凡·德·海登      Q370567     12
赫里特·贝克海德      Q576025     9
伊曼纽尔·德·维特     Q711203     12
彼得·萨恩雷丹       Q433804     12
亨德里克·凡·弗利特    Q864173     12
雅各布·奥赫特维尔特    Q724646     12
科内利斯·德·曼      Q2282191    12
亨德里克·索尔赫      Q18207719   0
科内利斯·贝加       Q421775     12
扬·米恩塞·莫勒纳尔    Q759588     12
理查德·布拉肯堡      Q576178     12
科内利斯·杜萨特      Q1133546    12
扬·维克托斯        Q1357477    12
费迪南德·博尔       Q374039     12
霍弗特·弗林克       Q550401     12
卡雷尔·法布里蒂乌斯    Q352954     12
萨洛蒙·科宁克       Q1344948    12
雅各布·巴克        Q11735720   0
赫布兰德·凡·登·埃克豪特 Q550146     12
阿尔特·德·赫尔德     Q19034      12
尼古拉斯·贝希姆二     Q711737     12
菲利普·维尔德       Q454671     12
保卢斯·波特        Q355406     12
阿德里安·凡·德·维尔德二 Q367741     12
扬·阿塞林         Q541976     12
扬·巴普蒂斯特·维尼克斯  Q875076     12
梅尔基奥尔·德·洪德库特  Q304411     12
阿布拉罕·凡·贝耶伦    Q330848     12
扬·凡·惠瑟姆       Q527869     12
saved works47.json
