丢勒            Q5580       3
小汉斯·荷尔拜因      Q48319      12
克拉纳赫          Q191748     12
阿尔特多费         Q153746     12
格吕内瓦尔德        Q154338     2
博斯            Q130531     12
老勃鲁盖尔         Q43270      12
范艾克           Q102272     2
康平            Q80442      12
梅姆林           Q106851     6
博茨            Q313561     8
帕蒂尼尔          Q442491     11
马西斯           Q314275     9
戈萨特           Q346952     12
小勃鲁盖尔         Q255828     12
约尔丹斯          Q270658     12
斯尼德斯          Q29231      10
特尼尔斯          Q335022     12
洛伦泽蒂          Q211562     12
西蒙内·马尔蒂尼      Q221043     12
杜乔            Q15792      12
契马布埃          Q15790      12
马索利诺          Q318117     12
