雅各布·德·巴尔巴里    Q927350     12
巴尔东           Q164696     12
布格迈尔          Q313163     12
朔伊费莱因         Q675272     12
胡贝尔           Q610556     12
阿姆贝格          Q653163     12
塞森埃格          Q617467     12
布赫勒           Q323971     12
莫尔            Q176694     12
科埃略           Q503386     12
潘托哈           Q1380081    12
卡尔杜乔          Q369521     12
马伊诺           Q2555566    12
特里斯坦          Q1336030    12
奥兰特           Q5700275    10
卡雷尼奥          Q833224     12
克劳迪奥·科埃略      Q332466     12
瓦尔德斯          Q518898     12
解析失败 埃雷拉 Francisco de Herrera the Elder
安东尼奥·帕洛米诺     Q604011     12
路易斯·梅伦德斯      Q707478     11
帕雷特           Q283412     12
巴尤            Q2571452    9
马埃利亚          Q662397     12
埃斯基维尔         Q593642     12
马德拉索          Q1345186    12
罗萨莱斯          Q615701     12
普拉迪利亚         Q553258     12
卡萨斯           Q725681     12
鲁西尼奥尔         Q366930     0
saved works10.json
