阿尔伯特·比尔施塔特    Q77132      12
弗雷德里克·丘奇      Q366212     12
杰斯珀·克罗普西      Q1451318    12
沃辛顿·惠特里奇      Q1370512    12
威廉·哈内特        Q935186     12
约翰·佩托         Q978526     12
雷福德·皮尔        Q1374536    12
查尔斯·威尔森·皮尔    Q454945     12
吉尔伯特·斯图尔特     Q41402      12
约翰·辛格尔顿·科普利   Q316016     12
本杰明·韦斯特       Q313498     12
乔治·迦勒·宾汉姆     Q598030     12
威廉·西德尼·芒特     Q45431      12
约翰·奎多尔        Q3182324    12
伊曼纽尔·洛伊茨      Q452321     12
约翰·詹姆斯·奥杜邦    Q182882     12
乔治·卡特林        Q455133     12
阿尔弗雷德·雅各布·米勒  Q2090482    8
查尔斯·罗素        Q1065418    12
弗雷德里克·雷明顿     Q560787     12
亨利·奥萨瓦·坦纳     Q1374436    12
塞西莉亚·博        Q466677     12
丽拉·卡伯特·佩里     Q431705     12
伊丽莎白·加德纳      Q291010     10
丹尼斯·米勒·邦克     Q325568     12
西奥多·厄尔·巴特勒    Q3523689    5
莫里斯·普伦德加斯特    Q248707     12
欧内斯特·劳森       Q1185478    12
阿瑟·戴维斯        Q708502     12
罗克韦尔·肯特       Q114405     7
saved works19.json
