安藤忠雄          Q208220     0
丹下健三          Q151794     0
伊东丰雄          Q333585     0
妹岛和世          Q253350     0
隈研吾           Q725462     0
槇文彦           Q312827     0
黑川纪章          Q358502     0
矶崎新           Q317135     0
勒·柯布西耶        Q4724       2
路德维希·密斯·凡德罗   Q41508      0
瓦尔特·格罗皮乌斯     Q61071      0
弗兰克·劳埃德·赖特    Q5604       0
阿尔瓦·阿尔托       Q82840      0
奥斯卡·尼迈耶       Q134165     1
路易斯·康         Q210134     0
埃罗·沙里宁        Q167073     0
约恩·乌松         Q180398     0
伦佐·皮亚诺        Q190148     0
诺曼·福斯特        Q104898     0
扎哈·哈迪德        Q47780      0
雷姆·库哈斯        Q232364     0
弗兰克·盖里        Q180374     0
圣地亚哥·卡拉特拉瓦    Q168482     1
赫尔佐格与德梅隆      Q308776     0
路易斯·巴拉甘       Q243295     2
奥斯卡·哈内特       Q25328      4
埃里希·门德尔松      Q76730      0
康斯坦丁·梅尔尼科夫    Q930        0
阿道夫·路斯        Q44323      0
奥托·瓦格纳        Q84287      0
saved works35.json
