彼得·勃鲁盖尔       Q43270      12
小彼得·勃鲁盖尔      Q255828     12
扬·凡·艾克        Q102272     2
彼得鲁斯·克里斯图斯    Q312616     12
约斯·凡·瓦森霍夫     Q515796     12
科林·德·科特       Q1108307    12
杰拉德·大卫二       Q333380     12
阿德里安·伊森布兰特    Q367858     12
安布罗修斯·本森      Q459626     12
扬·普罗沃斯特       Q672255     8
约阿希姆·帕蒂尼尔二    Q442491     11
亨利·梅特·德·布莱斯   Q677006     12
彼得·库克·凡·阿尔斯特  Q434006     10
扬·凡·亨梅森       Q427870     12
马里努斯·凡·雷默斯瓦勒  Q728273     12
扬·马西斯         Q431137     12
科内利斯·恩格布雷希茨   Q964357     12
扬·穆斯塔特        Q577279     12
雅各布·科内利斯      Q1029143    12
彼得·艾特森二       Q326548     12
安东尼斯·莫尔二      Q176694     12
威廉·基          Q1827660    12
阿德里安·托马斯·基    Q1165940    12
弗兰斯·普尔布斯      Q1445472    12
小弗兰斯·普尔布斯     Q934540     12
彼得·普尔布斯       Q981558     11
科内利斯·凡·哈勒姆    Q442484     12
亨德里克·霍尔奇尼斯    Q165367     12
阿布拉罕·布卢马特     Q329811     5
约阿希姆·维特维尔     Q541644     12
saved works46.json
