何塞·玛丽亚·贝拉斯科   Q1709474    0
赫拉尔多·穆里略      Q266092     1
萨图尔尼诺·埃兰      Q432826     12
何塞·瓜达卢佩·波萨达   Q732526     5
胡安·科尔德罗       Q5658286    7
费利佩·圣地亚哥·古铁雷斯 Q1403228    1
佩利格林·克拉夫      Q361959     9
安东尼奥·鲁伊斯      Q604776     0
普鲁登西奥·德坎迪多    Q474810     12
坎迪多·洛佩斯       Q2533231    12
埃内斯托·德拉卡尔科瓦   Q5394280    9
爱德华多·西沃里      Q5340778    12
马丁·马尔哈罗       Q6777801    12
费尔南多·法德尔      Q2879180    12
佩德罗·菲加里       Q1388990    12
华金·托雷斯-加西亚    Q520713     12
胡安·曼努埃尔·布拉内斯  Q722644     12
拉斐尔·巴拉达斯      Q2054418    9
阿尔梅达·儒尼奥尔     Q569859     12
佩德罗·亚美利哥      Q540219     12
维克托·梅雷莱斯      Q727060     12
埃利塞乌·维斯孔蒂     Q2340277    12
安妮塔·马尔法蒂      Q465919     0
塔尔西拉·杜·阿马拉尔   Q466627     7
坎迪多·波尔蒂纳里     Q319532     4
阿尔弗雷多·瓦尔帕雷德斯  Q1788014    0
罗伯托·马塔        Q450236     2
佩德罗·利拉        Q1379000    5
胡安·弗朗西斯科·冈萨雷斯 Q1710469    5
阿尔弗雷多·瓦伦苏埃拉   Q2646381    12
saved works20.json
