古斯塔夫·克利姆特     Q34661      10
科洛曼·莫泽        Q45055      12
约瑟夫·霍夫曼       Q84250      0
奥托·瓦格纳        Q84287      0
阿道夫·路斯        Q44323      0
卡尔·莫尔         Q697780     12
解析失败 马克斯·库尔茨魏尔 Maximilian Kurzweil
威廉·李斯特        Q57198      0
安东·罗马科        Q562614     12
汉斯·马卡特        Q511444     12
奥古斯特·冯·佩滕科芬   Q203076     12
埃米尔·雅各布·辛德勒   Q670922     12
特奥多尔·冯·霍尔曼    Q872134     12
奥尔加·维辛格-弗洛里安  Q275513     12
蒂娜·布劳         Q547655     12
玛丽·艾格纳        Q1265384    1
布罗尼西娅·维索茨卡    Q927192     2
理查德·格斯特尔二     Q129113     12
安东·科利希        Q325050     9
阿尔宾·埃格尔-利恩茨   Q639706     12
解析失败 赫伯特·伯克尔 Herbert Boeckl
阿尔弗雷德·库宾二     Q558054     0
费迪南德·霍德勒二     Q214564     12
库诺·阿米特二       Q566797     1
乔瓦尼·塞冈蒂尼二     Q379300     12
乔瓦尼·乔梅蒂二      Q689411     12
费利克斯·瓦洛通二     Q123740     12
夏尔·格莱尔二       Q452119     12
阿尔伯特·安克二      Q72510      12
弗兰克·布赫塞二      Q329490     12
saved works48.json
