弗朗茨·冯·施图克     Q45006      12
马克斯·克林格尔      Q44252      12
汉斯·冯·马雷       Q516121     12
安塞尔姆·费尔巴哈     Q250194     12
威廉·莱布尔        Q704661     12
汉斯·托马         Q678094     12
弗里茨·冯·乌德      Q210201     12
马克斯·利伯曼       Q158062     12
洛维斯·科林特       Q157610     12
马克斯·斯莱福格特     Q703356     12
威廉·特吕布纳       Q461271     12
弗里茨·马肯森       Q448400     1
奥托·莫德索恩       Q71425      12
海因里希·福格勒      Q213734     12
卡尔·施皮茨韦格      Q164979     12
莫里茨·冯·施温德     Q551901     11
阿道夫·门采尔       Q164961     12
卡尔·布洛赫        Q547055     12
威廉·马斯特兰       Q358399     12
康斯坦丁·汉森       Q539474     12
克里斯滕·克布克      Q381458     12
马蒂努斯·罗比       Q979541     12
威廉·本茨         Q981441     12
约翰·托马斯·伦德比    Q921230     12
丹克瓦特·德雷尔      Q3365368    12
P.C.斯科夫加德     Q2761358    12
尤利乌斯·埃克斯纳     Q708543     12
卡尔·哈瑟         Q643123     12
威廉·哈默斯霍伊      Q380706     12
彼得·伊尔斯泰兹      Q1840505    12
saved works22.json
