西蒙内·马丁尼       Q221043     12
安布罗焦·洛伦泽蒂     Q211562     12
彼得罗·洛伦泽蒂      Q309635     12
杜乔            Q15792      12
契马布埃          Q15790      12
塔代奥·加迪        Q315835     12
阿尼奥洛·加迪       Q363296     12
贝尔纳多·达迪       Q366562     12
奥尔卡尼亚         Q366499     7
斯皮内洛·阿雷蒂诺     Q287934     12
洛伦佐·摩纳哥       Q155376     12
真蒂莱·达·法布里亚诺   Q312393     10
萨塞塔           Q362016     12
乔瓦尼·迪·保罗      Q946420     12
萨诺·迪·彼得罗      Q1379714    12
马泰奥·迪·乔瓦尼     Q1373474    12
内罗乔·德·兰迪      Q1398270    12
弗朗切斯科·迪·乔治    Q434425     12
卡洛·克里韦利       Q348024     6
维托雷·卡尔帕乔      Q5581       12
真蒂莱·贝利尼       Q290407     12
雅各布·贝利尼       Q313310     12
巴托洛梅奥·维瓦里尼    Q456971     12
阿尔维塞·维瓦里尼     Q1258585    12
科西莫·图拉        Q7129       12
弗朗切斯科·德尔·科萨   Q454892     12
埃尔科莱·德·罗贝蒂    Q379521     12
梅洛佐·达·福尔利     Q314579     8
马尔科·帕尔梅扎诺     Q912991     12
贝尔纳迪诺·平托里基奥   Q5591       12
saved works45.json
