阿尔布雷希特·阿尔特多费尔 Q153746     12
卢卡斯·克拉纳赫      Q191748     12
马蒂亚斯·格吕内瓦尔德   Q154338     2
汉斯·巴尔东        Q164696     12
汉斯·霍尔拜因       Q48319      12
马丁·熊高尔        Q155575     8
米夏埃尔·帕赫尔      Q463922     12
韦特·施托斯        Q163800     12
提尔曼·里门施奈德     Q44723      4
康拉德·维茨        Q313183     12
斯特凡·洛赫纳       Q290812     12
汉斯·梅姆林        Q106851     6
赫拉尔德·大卫       Q333380     12
迪里克·鲍茨        Q313561     8
雨果·凡·德·古斯     Q215251     9
罗吉尔·凡·德·魏登    Q68631      10
罗伯特·康宾        Q80442      12
昆丁·马西斯        Q314275     9
约阿希姆·帕蒂尼尔     Q442491     11
扬·戈萨特         Q346952     12
伯纳德·凡·奥利      Q454678     12
彼得·阿尔岑        Q326548     12
约阿希姆·贝克莱尔     Q533314     12
马尔滕·凡·海姆斯凯克   Q538350     12
卢卡斯·凡·莱顿      Q320980     12
扬·凡·斯科雷尔      Q282708     10
安东尼斯·莫尔       Q176694     12
弗兰斯·弗洛里斯      Q543948     12
马尔滕·德沃斯       Q555022     12
扬·勃鲁盖尔        Q209050     12
saved works28.json
