伯尼尼           Q160538     12
博罗米尼          Q123150     1
阿尔加迪          Q336798     12
莫奈            Q296        12
马奈            Q40599      12
解析失败 德加 Edgar Degas
库尔贝           Q34618      12
西斯莱           Q175130     12
莫里索           Q105320     12
卡萨特           Q173223     12
修拉            Q34013      12
西涅克           Q151573     12
解析失败 高更 Paul Gauguin
梵高            Q5582       12
图卢兹-劳特累克      Q82445      12
蒙克            Q41406      12
克里姆特          Q34661      10
席勒            Q44032      12
解析失败 马蒂斯 Henri Matisse
德朗            Q156272     12
弗拉曼克          Q241098     3
杜菲            Q45205      12
马尔凯           Q267858     12
鲁奥            Q156128     9
解析失败 莫迪利亚尼 Amedeo Modigliani
解析失败 夏加尔 Marc Chagall
康定斯基          Q61064      12
克利            Q44007      12
蒙德里安          Q151803     12
马列维奇          Q130777     12
saved works5.json
