卡纳莱托          Q182664     12
贝尔纳多·贝洛托      Q164688     12
乔瓦尼·巴蒂斯塔·提埃波罗 Q186202     12
詹多梅尼科·提埃波罗    Q435316     12
塞巴斯蒂亚诺·里奇     Q506483     12
马可·里奇         Q930162     12
罗萨尔巴·卡列拉      Q237726     12
贾科莫·切鲁蒂       Q524248     12
朱塞佩·玛丽亚·克雷斯皮  Q528620     12
多纳托·克雷蒂       Q2340302    12
乔瓦尼·巴蒂斯塔·皮拉内西 Q316307     12
安东·拉斐尔·门斯     Q76718      12
雅各布·菲利普·哈克特   Q560528     12
安杰莉卡·考夫曼二     Q123098     12
伊丽莎白·维热-勒布伦   Q213163     12
阿黛拉伊德·拉比耶-吉亚尔 Q235647     12
玛格丽特·杰拉德      Q271484     12
康斯坦丝·梅耶       Q463270     12
皮埃尔-保罗·普吕东    Q469056     12
安妮-路易·吉罗代     Q433434     12
弗朗索瓦·热拉尔      Q163543     12
安托万-让·格罗      Q216999     12
路易·莱奥波德·布瓦伊   Q715909     12
马丁·德罗林        Q3295410    12
于贝尔·罗贝尔       Q548205     10
约瑟夫·韦尔内       Q315819     12
让-巴蒂斯特·格勒兹    Q347139     12
尼古拉·朗克雷       Q188172     12
让-巴蒂斯特·帕特尔    Q731533     12
卡尔·凡·卢        Q686597     12
saved works39.json
