马奈            Q40599      12
莫奈            Q296        12
雷诺阿           Q39931      12
德加            Q46373      9
库尔贝           Q34618      12
高更            Q37693      12
梵高            Q5582       12
修拉            Q34013      12
塞尚            Q35548      12
蒙克            Q41406      12
克里姆特          Q34661      12
马蒂斯           Q5589       12
伦勃朗           Q5598       12
维米尔           Q41264      12
委拉斯开兹         Q297        10
戈雅            Q5432       12
提香            Q47551      12
丁托列托          Q9319       12
鲁本斯           Q5599       7
普桑            Q41554      12
安格尔           Q23380      12
德拉克洛瓦         Q33477      12
透纳            Q159758     12
康斯太勃尔         Q159297     11
埃尔·格列柯        Q301        12
卡拉瓦乔          Q42207      12
丢勒            Q5580       3
博斯            Q130531     12
老勃鲁盖尔         Q43270      12
范艾克           Q102272     2
saved works12.json
