康斯太勃尔         Q159297     11
透纳            Q159758     12
布莱克           Q41513      11
解析失败 劳伦斯 Thomas Lawrence
雷伯恩           Q561916     12
罗姆尼           Q1207547    0
丹比            Q709816     12
约翰·马丁         Q412138     0
埃蒂            Q766362     12
解析失败 兰西尔 Edwin Landseer
解析失败 弗里斯 William Powell Frith
布雷特           Q6223097    0
休斯            Q1293306    0
布朗            Q319843     12
西登斯           Q465000     4
斯坦霍普          Q1406200    12
解析失败 莱顿 Frederic Leighton
解析失败 普林塞普 Val Prinsep
奥查森           Q8017160    11
赫科默           Q644595     12
科普利           Q316016     12
韦斯特           Q313498     12
斯图尔特          Q41402      12
科尔            Q334001     12
解析失败 丘奇 Frederic Edwin Church
比尔施塔特         Q77132      12
因尼斯           Q704868     12
惠特勒           Q203643     12
切斯            Q265820     12
坦纳            Q1374436    12
saved works4.json
