彼得·保罗·鲁本斯     Q5599       1
安东尼·凡·戴克      Q150679     6
雅各布·约丹斯       Q270658     7
弗兰斯·斯奈德斯      Q29231      7
扬·费特          Q624802     8
老扬·勃鲁盖尔       Q285933     4
伦勃朗           Q5598       6
弗兰斯·哈尔斯       Q167654     7
约翰内斯·维米尔      Q41264      9
卡雷尔·法布里蒂乌斯    Q352954     9
费迪南德·波尔       Q374039     8
霍弗特·弗林克       Q550401     8
扬·利文斯         Q430783     10
阿尔特·德·海尔德     Q19034      10
萨洛蒙·科宁克       Q1344948    11
扬·维克托斯        Q1357477    9
彼得·扬松·萨恩雷丹    Q433804     7
伊曼纽尔·德·维特     Q711203     6
赫拉尔德·豪克海斯特    Q1935857    5
扬·凡·德·海登      Q370567     12
赫里特·贝克海德      Q576025     9
约布·贝克海德       Q576120     9
亚伯拉罕·凡·贝耶伦    Q330848     10
扬·维南茨         Q514074     12
菲利普斯·沃维尔曼     Q454671     10
阿德里安·科尔特      Q367798     7
奥托·马尔修斯·凡·斯赫里克Q339270     6
巴尔塔萨·凡·德·阿斯特  Q472522     7
安布罗修斯·博斯查特    Q459665     12
扬·戴维茨·德·希姆    Q454656     12
saved works41.json
