让-巴蒂斯特·夏尔丹    Q207447     8
让-奥诺雷·弗拉戈纳尔   Q127171     5
弗朗索瓦·布歇       Q180932     11
安托万·华托        Q183221     6
尼古拉·朗克雷       Q188172     8
让-马克·纳蒂埃      Q277738     10
莫里斯·康坦·德·拉图尔  Q314655     7
伊丽莎白·维热-勒布伦   Q213163     10
阿德莱德·拉比耶-吉亚尔  Q235647     11
于贝尔·罗贝尔       Q548205     5
约瑟夫·韦尔内       Q315819     12
让-巴蒂斯特·格勒兹    Q347139     10
雅克-路易·大卫      Q83155      8
安-路易·吉罗代      Q433434     10
弗朗索瓦·热拉尔      Q163543     11
安托万-让·格罗      Q216999     10
皮埃尔-保罗·普吕东    Q469056     11
让-奥古斯特·多米尼克·安格尔Q23380      8
泰奥多尔·热里科      Q184212     7
欧仁·德拉克洛瓦      Q33477      10
卡米耶·柯罗        Q148475     8
泰奥多尔·卢梭       Q310025     8
夏尔-弗朗索瓦·多比尼   Q252357     11
纳西斯·迪亚兹       Q724140     12
康斯坦·特罗容       Q219403     10
罗莎·博纳尔        Q241732     7
古斯塔夫·库尔贝      Q34618      8
奥诺雷·杜米埃       Q187506     8
让-弗朗索瓦·米勒     Q148458     10
托马·库蒂尔        Q326434     11
saved works40.json
