安德烈·德朗        Q156272     12
莫里斯·德·弗拉芒克    Q241098     3
拉乌尔·杜飞        Q45205      12
阿尔贝·马尔凯       Q267858     12
奥东·弗里茨        Q708482     12
夏尔·卡穆万        Q968285     3
让·皮伊          Q1685780    0
路易·瓦尔塔        Q1872017    12
凯斯·凡·东根       Q170345     0
乔治·鲁奥         Q156128     9
朱尔·帕斯金        Q469063     12
莫伊斯·基斯林       Q281812     12
柴姆·苏丁         Q160141     12
马里·洛朗桑        Q233088     1
苏珊娜·瓦拉东       Q156889     12
莫里斯·郁特里罗      Q108301     12
阿尔伯特·格莱兹      Q711903     12
让·梅金杰         Q313096     2
罗贝尔·德劳内       Q33978      12
索尼娅·德劳内       Q232972     6
费尔南·莱热        Q157183     12
弗朗西斯·毕卡比亚     Q157321     12
雅克·维永         Q452254     0
雷蒙·杜尚-维永      Q705282     8
亨利·勒·福科尼耶     Q1368018    9
罗歇·德·拉弗雷奈     Q718882     12
安德烈·洛特        Q463065     0
路易·马库西斯       Q1346343    12
胡安·格里斯        Q151152     12
亚历山大·阿基本科     Q157578     5
saved works31.json
