伊利亚·列宾        Q172911     12
瓦西里·苏里科夫      Q110228     12
伊萨克·列维坦       Q211356     12
瓦西里·佩罗夫       Q315237     12
尼古拉·盖         Q457976     12
伊万·克拉姆斯科伊     Q207758     12
瓦西里·维列夏金      Q127017     12
维克托·瓦斯涅佐夫     Q204138     12
米哈伊尔·涅斯捷罗夫    Q318427     12
米哈伊尔·弗鲁贝尔     Q215100     12
瓦连京·谢罗夫       Q217128     12
康斯坦丁·科罗温      Q437792     12
鲍里斯·库斯托季耶夫    Q313275     12
亚历山大·贝努瓦      Q319861     1
列昂·巴克斯特       Q214666     12
尼古拉斯·罗列赫      Q208993     12
伊万·比利宾        Q312024     1
安德烈·留布莫夫      Q161858     12
娜塔莉娅·冈察洛娃     Q232391     12
米哈伊尔·拉里奥诺夫    Q38785      12
卡济米尔·马列维奇     Q130777     12
柳博芙·波波娃       Q259594     12
亚历山大·罗琴科      Q312631     0
埃尔·利西茨基       Q152233     12
瓦尔瓦拉·斯捷潘诺娃    Q374948     0
奥尔加·罗扎诺娃      Q270460     12
伊万·克柳恩        Q1988310    12
亚历山大·韦斯宁      Q2834123    0
弗拉基米尔·塔特林     Q310320     10
帕维尔·菲洛诺夫      Q466187     12
saved works27.json
