扬·马泰伊科        Q189117     12
约瑟夫·切尔蒙斯基     Q983949     12
亚历山大·盖伦贝格     Q958927     12
马克西米利安·盖伦贝格   Q1886542    12
约瑟夫·布兰特       Q558489     12
尤利乌什·科萨克      Q956091     12
沃伊切赫·科萨克      Q727637     12
奥尔加·博兹南斯卡     Q466639     12
莱昂·维乔尔科夫斯基    Q943537     12
斯坦尼斯瓦夫·维斯皮扬斯基 Q312627     12
约瑟夫·梅霍菲尔      Q1354695    12
弗拉迪斯拉夫·波德科温斯基 Q2065760    12
米科拉什·阿莱什      Q446948     12
约瑟夫·马奈斯       Q955415     12
扬·普赖斯勒        Q2104325    9
马克斯·什瓦宾斯基     Q159074     0
阿尔丰斯·穆哈       Q146691     12
拉迪斯拉夫·梅德尼扬斯基  Q652975     12
帕尔·西涅伊·梅尔谢    Q742322     12
贝尔陶隆·塞凯伊      Q251217     12
久洛·本佐尔        Q632046     12
卡罗伊·费伦齐       Q701504     12
约瑟夫·里普尔-罗奈    Q569369     12
蒂瓦达尔·丘伦特米哈伊   Q613125     12
尼古拉·格里戈雷斯库    Q454321     12
扬·安德烈斯库       Q723350     11
斯特凡·卢基安       Q397123     1
西奥多·阿曼        Q716808     8
弗拉霍·布科瓦茨      Q468219     12
伊万·梅什特罗维奇     Q313828     12
saved works17.json
