约瑟夫·伊斯拉埃尔斯    Q528460     12
雅各布·马里斯       Q978158     12
威廉·马里斯        Q1970072    12
马蒂斯·马里斯       Q1375830    12
安东·莫夫         Q591907     12
约翰内斯·博斯博姆     Q1697296    12
亨德里克·威廉·梅斯达格  Q474238     12
保卢斯·加布里埃尔     Q2303402    12
扬·托罗普         Q369416     12
约翰·索恩·普林斯     Q458861     6
乔治·亨德里克·布赖特纳  Q289441     12
伊萨克·伊斯拉埃尔斯    Q979534     12
扬·斯吕特斯        Q1682227    0
莱奥·亨德里克·海拉尔茨  Q597999     12
彼得·蒙德里安       Q151803     12
巴特·凡·德·莱克     Q174655     0
特奥·凡·杜斯堡      Q160422     12
亨利·凡·德·维尔德    Q154083     4
詹姆斯·恩索尔       Q158840     8
费尔南德·克诺普夫     Q559559     12
莱昂·斯皮利亚特      Q1394505    6
里克·沃特斯        Q939197     12
康斯坦丁·默尼耶      Q552440     12
西奥·凡·雷塞尔贝格    Q671883     12
埃米尔·克劳斯       Q733002     10
亨利·埃夫内普尔      Q2980574    12
让·德尔维尔        Q1395469    5
威廉·德古夫·德努恩克   Q1049510    12
泽维尔·梅勒里       Q1041605    12
古斯塔夫·凡·德·沃斯泰因 Q2519247    12
saved works24.json
