赵孟頫           Q197461     12
黄公望           Q702525     12
吴镇            Q704735     12
倪瓒            Q731030     12
解析失败 王蒙 Wang Meng (Yuan dynasty)
钱选            Q951585     12
王冕            Q700068     9
高克恭           Q3095236    2
李衎            Q6538909    0
柯九思           Q2470693    5
范宽            Q1278559    6
李成            Q6538676    0
郭熙            Q536645     10
董源            Q890613     11
巨然            Q348182     0
李唐            Q716331     12
马远            Q433603     12
夏圭            Q1360244    12
刘松年           Q3083484    12
张择端           Q197342     3
赵佶            Q7486       12
崔白            Q709216     6
梁楷            Q740332     11
牧谿            Q3048317    12
赵伯驹           Q3372429    9
王希孟           Q626360     1
米芾            Q320129     3
文同            Q1288620    2
苏轼            Q36020      2
黄庭坚           Q709460     1
saved works33.json
