安藤忠雄          Q208220     4
丹下健三          Q151794     4
伊东丰雄          Q333585     8
妹岛和世          Q253350     4
隈研吾           Q725462     7
槇文彦           Q312827     6
黑川纪章          Q358502     2
矶崎新           Q317135     10
勒·柯布西耶        Q4724       3
路德维希·密斯·凡德罗   Q41508      6
瓦尔特·格罗皮乌斯     Q61071      8
弗兰克·劳埃德·赖特    Q5604       4
阿尔瓦·阿尔托       Q82840      3
奥斯卡·尼迈耶       Q134165     6
路易斯·康         Q210134     8
埃罗·沙里宁        Q167073     2
约恩·乌松         Q180398     10
伦佐·皮亚诺        Q190148     3
诺曼·福斯特        Q104898     2
扎哈·哈迪德        Q47780      4
雷姆·库哈斯        Q232364     5
弗兰克·盖里        Q180374     5
圣地亚哥·卡拉特拉瓦    Q168482     5
赫尔佐格与德梅隆      Q308776     1
路易斯·巴拉甘       Q243295     3
奥斯卡·哈内特       Q25328      1
埃里希·门德尔松      Q76730      7
康斯坦丁·梅尔尼科夫    Q930        10
阿道夫·路斯        Q44323      12
奥托·瓦格纳        Q84287      1
saved works35b.json
