卡斯帕·大卫·弗里德里希  Q104884     12
菲利普·奥托·龙格     Q166585     12
卡尔·古斯塔夫·卡鲁斯   Q61987      12
约翰·克里斯蒂安·达尔   Q164735     12
卡尔·布勒兴        Q149571     12
路德维希·里希特      Q551896     12
弗里德里希·奥韦尔贝克   Q169311     12
彼得·冯·科内利乌斯    Q58833      12
尤利乌斯·施诺尔      Q703458     12
弗朗茨·普福尔       Q705163     4
莫里茨·冯·施温德二    Q551901     11
爱德华·冯·施泰因勒    Q85077      12
阿诺德·勃克林二      Q123071     12
汉斯·冯·马雷二      Q516121     12
威廉·冯·考尔巴赫     Q604107     12
卡尔·施皮茨韦格二     Q164979     12
爱德华·格吕茨纳      Q71509      12
弗朗茨·德夫雷格      Q78711      12
爱德华·希尔德布兰特    Q317639     12
安德烈亚斯·阿亨巴赫    Q76416      12
奥斯瓦尔德·阿亨巴赫    Q76415      12
卡尔·弗里德里希·莱辛   Q821537     12
阿尔弗雷德·雷特尔     Q67036      12
阿道夫·施罗德特      Q365522     12
约翰·彼得·哈森克莱弗   Q63531      12
弗朗茨·克吕格尔      Q568298     12
爱德华·马格努斯      Q72859      8
卡尔·约瑟夫·贝格尔    Q66123      12
弗里德里希·瓦瑟曼     Q106456     12
费迪南德·瓦尔德米勒    Q186816     10
saved works42.json
