瓜尔迪           Q318769     12
贝洛托           Q164688     12
帕尼尼           Q286670     12
巴托尼           Q505613     12
巴切利           Q447058     12
罗萨尔巴          Q237726     12
里奇            Q506483     12
马尔科·里奇        Q930162     12
佩莱格里尼         Q1358364    12
阿米戈尼          Q380897     12
索利梅纳          Q736065     12
朱亚金托          Q740934     12
特拉韦西          Q1388163    12
切鲁蒂           Q524248     12
托代斯基尼         Q3105053    12
巴蒂斯泰洛         Q2519261    12
斯坦齐奥内         Q982384     12
法尔科内          Q546528     11
罗萨            Q359421     12
卡瓦利诺          Q822982     12
雷卡            Q1528623    12
鲁奥波洛          Q1116328    11
巴斯凯尼斯         Q1351753    12
蒙苏·德西德里奥      Q3086279    3
科多齐           Q2553051    12
加拉尔迪          Q3767359    10
贝洛蒂           Q3903693    12
蒙特韦尔德         Q572686     7
saved works11.json
