劳伦斯·阿尔玛-塔德玛   Q240526     12
约翰·威廉·沃特豪斯    Q212754     12
爱德华·伯恩-琼斯     Q216406     12
但丁·加百利·罗塞蒂    Q186748     12
威廉·莫里斯二       Q182589     9
瓦尔特·克兰        Q660917     12
凯特·格里纳威       Q204936     12
伦道夫·凯迪克       Q1364488    12
约翰·坦尼尔        Q457881     5
古斯塔夫·多雷       Q6682       12
格朗维尔          Q744442     12
奥诺雷·杜米埃       Q187506     12
保罗·加瓦尼        Q1074290    12
夏尔·菲利蓬        Q1065775    0
托马斯·纳斯特       Q214957     12
查尔斯·达纳·吉布森    Q151165     7
霍华德·派尔        Q525713     8
N.C.怀斯        Q983349     12
马克斯菲尔德·帕里什    Q1333928    10
埃德温·奥斯汀·艾比    Q259538     12
约翰·辛格·萨金特     Q155626     12
塞西莉亚·博二       Q466677     12
威廉·钱斯         Q265820     12
托马斯·安舒茨       Q2757568    12
亨利·坦纳         Q1374436    12
埃德蒙·塔贝尔二      Q2460318    12
约瑟夫·德坎普       Q151149     12
威廉·帕克斯顿       Q2052021    12
约翰·怀特·亚历山大    Q1702146    12
托马斯·威尔默·杜因    Q1378807    12
saved works38.json
