约翰·康斯太勃尔      Q159297     11
理查德·帕克斯·伯宁顿   Q380395     12
塞缪尔·帕尔默       Q982251     9
约翰·塞尔·科特曼     Q1288248    12
托马斯·格尔丁       Q714243     12
约翰·罗伯特·科曾斯    Q613852     12
菲利普·雅克·德卢戴尔堡  Q1970087    8
约瑟夫·赖特        Q214062     12
乔治·斯塔布斯       Q381728     12
约翰·佐法尼        Q702272     12
托马斯·劳伦斯       Q312096     12
亨利·雷伯恩        Q561916     12
乔治·罗姆尼        Q1207547    0
安杰莉卡·考夫曼      Q123098     12
玛丽·莫泽         Q4968207    11
托马斯·罗兰森       Q318584     12
詹姆斯·吉尔雷       Q520806     12
乔治·克鲁克香克      Q360466     12
约翰·马丁         Q412138     0
弗朗西斯·丹比       Q709816     12
大卫·威尔基        Q446223     0
埃德温·兰西尔       Q328369     12
威廉·马尔雷迪       Q1230745    12
查尔斯·罗伯特·莱斯利   Q325633     12
奥古斯都·艾格       Q2578242    12
理查德·雷德格雷夫     Q4392090    12
阿尔弗雷德·艾尔莫尔    Q2644937    12
阿贝·所罗门        Q4669189    12
罗伯特·布雷思韦特·马蒂诺 Q2342632    12
亨利·亚历山大·鲍勒    Q18671385   3
saved works25.json
