雅各布·凡·雷斯达尔    Q213612     12
扬·凡·霍延        Q315996     12
萨洛蒙·凡·雷斯达尔    Q247005     12
西蒙·德·弗利格      Q1093129    12
威廉·凡·德·维尔德    Q432266     12
扬·波尔切利斯       Q640415     12
阿尔特·凡·德·内尔    Q381801     12
解析失败 尼古拉斯·贝赫姆 Nicolaes Pieterszoon Berchem
解析失败 扬·博特 Jan Both
卡雷尔·杜雅尔丹      Q719666     12
菲利普斯·科宁克      Q166379     12
梅因德尔特·霍贝玛     Q336908     12
埃马纽埃尔·德·维特    Q711203     12
赫拉德·豪克海斯特     Q1935857    12
解析失败 扬·凡·德·海登 Jan van der Heyden
解析失败 赫里特·贝克海德 Gerrit Berckheyde
尼古拉斯·马斯       Q505150     12
彼得·德·霍赫       Q314889     12
赫拉德·特·博尔赫     Q346808     12
加布里埃尔·梅曲      Q355213     12
弗兰斯·凡·米里斯     Q959236     12
赫里特·道         Q335927     12
扬·斯特恩         Q205863     12
解析失败 阿德里安·凡·德·维尔德 Adriaen van de Velde
保卢斯·莫雷尔瑟      Q59620      12
米希尔·凡·米里维尔特   Q864092     12
巴托洛梅乌斯·凡·德·赫尔斯特Q380704     12
托马斯·德·凯泽      Q932263     3
费迪南德·博尔       Q374039     12
霍弗特·弗林克       Q550401     12
saved works6.json
