提香            Q47551      12
丁托列托          Q9319       12
委罗内塞          Q9440       12
乔尔乔内          Q8459       12
贝利尼           Q17169      12
曼特尼亚          Q5681       5
柯勒乔           Q8457       9
帕尔米贾尼诺        Q9348       12
蓬托尔莫          Q207929     12
罗索            Q312617     12
布龙齐诺          Q7803       12
瓦萨里           Q128027     12
朱利奥·罗马诺       Q215305     12
塞巴斯蒂亚诺        Q285423     12
解析失败 洛托 Lorenzo Lotto
莫罗尼           Q504949     12
萨沃尔多          Q938442     12
巴萨诺           Q346502     12
卡拉瓦乔          Q42207      12
真蒂莱斯基         Q212657     12
解析失败 奥拉齐奥 Orazio Gentileschi
雷尼            Q109061     12
圭尔奇诺          Q334262     12
卡拉奇           Q7824       12
埃尔·格列柯        Q301        12
里贝拉           Q297838     12
苏巴朗           Q209615     12
委拉斯开兹         Q297        10
戈雅            Q5432       12
伦勃朗           Q5598       12
saved works2.json
