苏里科夫          Q110228     12
瓦西里耶夫         Q1422249    12
库因吉           Q353628     12
涅斯捷罗夫         Q318427     12
里亚布什金         Q502406     5
马柳京           Q3742270    6
巴克斯特          Q214666     12
贝努瓦           Q319861     1
多布任斯基         Q972018     1
比利宾           Q312024     1
库斯托季耶夫        Q313275     12
古学广           Q1343751    5
格拉巴里          Q1030307    1
拉里奥诺夫         Q38785      12
冈察洛娃          Q232391     12
夏加尔           Q93284      12
苏丁            Q160141     12
莫迪利亚尼         Q120993     12
帕斯金           Q469063     12
基斯林           Q281812     12
洛朗森           Q233088     1
瓦拉东           Q156889     12
乌特里罗          Q108301     12
卢梭            Q156386     12
塞拉菲娜          Q235165     5
维万            Q1563526    0
博尚            Q516924     0
博纳尔           Q26408      12
维亚尔           Q239394     12
瓦洛通           Q123740     12
saved works8.json
