安东尼奥·卡诺瓦      Q5547       12
贝特尔·托瓦尔森      Q47812      12
让-巴蒂斯特·卡尔波    Q182791     12
弗朗索瓦·吕德       Q346491     12
安托万-路易·巴里     Q451489     12
让-莱昂·热罗姆      Q212499     12
埃马纽埃尔·弗雷米埃    Q499022     12
阿尔贝-埃内斯特·卡里耶-贝勒斯Q2143726    12
朱尔·达卢         Q551648     12
卡米耶·克洛岱尔      Q120582     12
梅达尔多·罗索       Q678193     4
文森佐·杰米托       Q1228666    9
洛伦佐·巴托利尼      Q693288     11
文森佐·维拉        Q693511     12
约翰·吉布森        Q1174794    0
阿尔弗雷德·吉尔伯特    Q2835166    6
哈姆·索尼克罗夫特     Q4020039    12
弗雷德里克·奥古斯特·巴托尔迪Q223274     12
奥古斯都·圣高登斯     Q770625     12
丹尼尔·切斯特·弗兰奇   Q720910     12
约翰·昆西·亚当斯·沃德  Q2069921    12
哈丽雅特·霍斯默      Q448214     7
埃德蒙尼娅·刘易斯     Q512065     12
威廉·韦特莫尔·斯托里   Q1335728    11
霍雷肖·格里诺       Q978253     10
海勒姆·鲍尔斯       Q2572996    12
马克·安托科尔斯基     Q449595     2
彼得·克洛特        Q155856     4
谢尔盖·科年科夫      Q543585     1
安娜·戈卢布金娜      Q462022     2
saved works26.json
