247	OK	Nymph of the Luo River Gu Kaizhi
248	OK	Bunian Tu Yan Liben emperor
251	--	Yan Zhenqing Requiem nephew manuscript
562	--	Emperor Huizong Thousand Character Classic slender gold
563	--	Zhao Mengfu Autumn Colors Que Hua
565	--	Court Ladies Adorning Hair Flowers Zhou Fang
1356	--	Mi Youren Marvelous Views Xiao Xiang
1359	--	Wang Xun Boyuan letter calligraphy
1360	--	Wang Xianzhi Mid-Autumn calligraphy
1365	OK	Wu Daozi Devas Sakyamuni handscroll
2012	--	Li Tang Boyi Shuqi picking ferns
2054	--	Hu Gui Zhuoxie tu nomads
4500	--	Zhao Mengfu Elegant Rocks Sparse Trees
4501	--	Qian Xuan Dwelling Floating Jade Mountains
4508	OK	Wang Meng Taibai Mountain
5200	--	Li Cheng Luxuriant Forest Distant Peaks
5307	--	Wang Shen Fishing boats snowy river
5317	OK	Wen Zhengming Zhenshang Zhai studio
903	--	Zheng Xie ink bamboo hanging scroll
1398	OK	Wang Meng Qingbian Mountains dwelling
1532	--	Wei Xian Noble Scholar hermit
4540	--	Wu Changshuo wisteria hanging scroll
5116	--	Wu Changshuo peaches painting
5117	OK	Yun Shouping peony painting
5121	--	Stone inscription Mount Tai Li Si seal script
5313	--	Wang Meng Summer Mountain Dwelling
修好 7 | 未修 [251, 562, 563, 565, 1356, 1359, 1360, 2012, 2054, 4500, 4501, 5200, 5307, 903, 1532, 4540, 5116, 5121, 5313]
