5136	OK	苏轼 赤壁赋
1791	--	米芾 苕溪诗帖
5137	OK	黄庭坚 诸上座帖
5138	--	米芾 研山铭
1792	--	黄庭坚 松风阁诗帖
5139	OK	赵孟頫 前后赤壁赋
4559	OK	赵孟頫 汲黯传
5264	OK	弗朗切斯卡 公爵夫妇像
5258	OK	米开朗基罗 昼夜晨暮
4350	OK	委罗内塞 加纳的婚礼
5186	OK	丁托列托 天堂
5187	OK	丁托列托 基督下葬
139	OK	八大山人 荷石水禽图
5418	OK	写乐 市川虾藏
306	OK	北斋 凯风快晴
5411	OK	北斋 山下白雨
5413	OK	北斋 尾州不二见原
5639	OK	任熊 自画像
5212	OK	纳达尔 波德莱尔像
5214	OK	马维尔 新桥
5213	OK	卡梅隆 天文学家
5204	OK	阿杰特 巴黎影集
5481	OK	斯蒂格利茨 终点站
4416	OK	莫奈 圣拉扎尔火车站
5337	OK	蒙克 病孩
5343	OK	高更 塔希提的年轻姑娘
5335	OK	德加 四个舞者
5382	OK	克洛岱尔 华尔兹
5381	OK	克洛岱尔 成熟
5379	OK	罗丹 行走的人
5625	OK	库因芝 白桦林
5626	OK	库因芝 雨后
5612	OK	列宾 意外归来
5616	OK	列宾 托尔斯泰肖像
5620	OK	列维坦 深渊旁
5630	OK	波连诺夫 金秋
5627	--	瓦斯涅佐夫 三勇士
5346	OK	马蒂斯 科利乌尔的屋顶
5360	OK	马尔克 狐狸
5107	OK	苏丁 灌木丛
4530	OK	徐悲鸿 田横五百士
4529	OK	徐悲鸿 九方皋
4534	--	徐悲鸿 巴人汲水
4533	OK	徐悲鸿 群马
4535	OK	徐悲鸿 珍妮小姐画像
抓到 40 / 45
