拉奥孔            OK
萨莫色雷斯的胜利女神     OK
米洛的维纳斯         OK
垂死的高卢人         OK
法尔内塞的公牛        OK
法尔内塞的赫拉克勒斯     OK
贝尔维德尔的阿波罗      OK
贝尔维德尔的躯干       OK
沉睡的阿里阿德涅       OK
拳击手            OK
第一门的奥古斯都       OK
马可·奥勒留骑马像      OK
和平祭坛           OK
图拉真柱           OK
提图斯凯旋门浮雕       OK
君士坦丁凯旋门        OK
万神殿内部          OK
大斗兽场           OK
加尔水道桥          OK
亚历山大马赛克        OK
神秘别墅壁画         OK
面包师夫妇像         OK
利维娅别墅花园壁画      OK
四帝共治像          OK
君士坦丁巨像头部       OK
卡拉卡拉胸像         OK
维斯帕先胸像         OK
波特兰花瓶          OK
奥古斯都宝石浮雕       OK
伊特鲁里亚夫妇石棺      OK
卡皮托利尼的母狼       OK
阿波罗·维爱         OK
抓到: 32 / 32
